Set parameter WLSAccessID
Set parameter WLSSecret
Set parameter LicenseID to value 2595650
Academic license 2595650 - for non-commercial use only - registered to zj___@berkeley.edu
Set parameter WLSAccessID
Set parameter WLSSecret
Set parameter LicenseID to value 2595650
Academic license 2595650 - for non-commercial use only - registered to zj___@berkeley.edu
Set parameter WLSAccessID
Set parameter WLSSecret
Set parameter LicenseID to value 2595650
Academic license 2595650 - for non-commercial use only - registered to zj___@berkeley.edu
Set parameter WLSAccessID
Set parameter WLSSecret
Set parameter LicenseID to value 2595650
Academic license 2595650 - for non-commercial use only - registered to zj___@berkeley.edu
-------------------------------------------------------------------
         SDDP.jl (c) Oscar Dowson and contributors, 2017-25
-------------------------------------------------------------------
problem
  nodes           : 4
  state variables : 165
  scenarios       : 1.60000e+05
  existing cuts   : false
options
  solver          : serial mode
  risk measure    : SDDP.Expectation()
  sampling scheme : SDDP.InSampleMonteCarlo
subproblem structure
  VariableRef                             : [469, 469]
  AffExpr in MOI.EqualTo{Float64}         : [87, 87]
  AffExpr in MOI.GreaterThan{Float64}     : [57, 57]
  AffExpr in MOI.LessThan{Float64}        : [84, 84]
  VariableRef in MOI.GreaterThan{Float64} : [90, 91]
  VariableRef in MOI.Integer              : [36, 36]
  VariableRef in MOI.LessThan{Float64}    : [61, 61]
  VariableRef in MOI.ZeroOne              : [210, 210]
numerical stability report
  matrix range     [2e-08, 8e+00]
  objective range  [1e+00, 3e+01]
  bounds range     [6e+00, 9e+03]
  rhs range        [1e+00, 7e+00]
WARNING: numerical stability issues detected
  - matrix range contains small coefficients
Very large or small absolute values of coefficients
can cause numerical stability issues. Consider
reformulating the model.
-------------------------------------------------------------------
 iteration    simulation      bound        time (s)     solves  pid
-------------------------------------------------------------------
         1S -3.132610e+02  2.968059e+02  3.124290e-01        84   1
         2S  1.356530e+02  1.781733e+02  6.523480e-01       168   1
         3S  5.004564e+01  1.544214e+02  1.086861e+00       252   1
         4S  1.443201e+02  1.298590e+02  1.529619e+00       336   1
         5S -6.047136e+01  1.267570e+02  1.956797e+00       420   1
         6S  4.232811e+01  1.122409e+02  2.311626e+00       504   1
         7S  1.321905e+02  1.014401e+02  2.839285e+00       588   1
         8S  1.155988e+02  8.598463e+01  3.292736e+00       672   1
         9S -3.151286e+00  8.484680e+01  3.733322e+00       756   1
        10S  8.462068e+01  8.381314e+01  4.133946e+00       840   1
        11S  1.079811e+02  8.277328e+01  4.579315e+00       924   1
        12S -2.167724e+02  8.190301e+01  5.074851e+00      1008   1
        13S  8.716402e+01  8.111507e+01  5.578656e+00      1092   1
        14S  2.987879e+02  8.019523e+01  6.081076e+00      1176   1
        15S  5.549999e+01  7.589939e+01  6.552903e+00      1260   1
        16S -1.682641e+02  7.345539e+01  7.027068e+00      1344   1
        17S  1.361300e+02  7.107829e+01  7.514091e+00      1428   1
        18S  2.474046e+01  6.958780e+01  7.998933e+00      1512   1
        19S  2.896479e+02  6.920460e+01  8.525152e+00      1596   1
        20S  2.437247e+02  6.834699e+01  9.137807e+00      1680   1
        21S  2.300370e+02  6.786012e+01  9.860074e+00      1764   1
        22S  3.278208e+02  6.730138e+01  1.048482e+01      1848   1
        23S  1.729533e+02  6.647127e+01  1.114742e+01      1932   1
        24S  1.577851e+02  6.625848e+01  1.182153e+01      2016   1
        25S  1.421710e+02  6.602236e+01  1.247131e+01      2100   1
        26S  1.436217e+02  6.559642e+01  1.320743e+01      2184   1
        27S -1.404808e+02  6.514353e+01  1.380432e+01      2268   1
        28S  1.015241e+02  6.498653e+01  1.446033e+01      2352   1
        29S  7.594490e+01  6.452348e+01  1.508954e+01      2436   1
        30S  2.132279e+02  6.439378e+01  1.583076e+01      2520   1
        31S  2.182973e+02  6.424302e+01  1.653069e+01      2604   1
        32S -1.295460e+02  6.407272e+01  1.719244e+01      2688   1
        33S -3.495372e+00  6.394529e+01  1.783501e+01      2772   1
        34S -1.722838e+02  6.385031e+01  1.856298e+01      2856   1
        35S  2.586421e+01  6.365614e+01  1.922147e+01      2940   1
        36S -1.476388e+02  6.348633e+01  1.993110e+01      3024   1
        37S -1.053848e+02  6.305459e+01  2.058450e+01      3108   1
        38S  2.966756e+02  6.236117e+01  2.124181e+01      3192   1
        39S  1.818717e+02  6.213356e+01  2.183781e+01      3276   1
        40S -4.678386e+00  6.187641e+01  2.251256e+01      3360   1
        41S -2.802795e+02  6.144092e+01  2.317318e+01      3444   1
        42S  5.696823e+00  6.115262e+01  2.376820e+01      3528   1
        43S  1.409143e+02  6.093454e+01  2.440036e+01      3612   1
        44S  6.157035e+01  6.062608e+01  2.508688e+01      3696   1
        45S  2.801616e+02  6.049636e+01  2.575303e+01      3780   1
        46S  2.754845e+02  6.012879e+01  2.644349e+01      3864   1
        47S -1.053105e+02  5.962378e+01  2.703177e+01      3948   1
        48S -3.792731e+02  5.933854e+01  2.771871e+01      4032   1
        49S  8.302964e+01  5.909866e+01  2.849261e+01      4116   1
        50S -2.554818e+02  5.905899e+01  2.903340e+01      4200   1
        51S -7.880968e+01  5.893398e+01  2.973532e+01      4284   1
        52S -6.544667e+01  5.882143e+01  3.036744e+01      4368   1
        53S  2.352505e+02  5.863006e+01  3.106622e+01      4452   1
        54S  7.000035e+01  5.856390e+01  3.174816e+01      4536   1
        55S  2.886073e+02  5.836007e+01  3.241178e+01      4620   1
        56S  2.832416e+01  5.810413e+01  3.307435e+01      4704   1
        57S  1.024548e+02  5.795019e+01  3.369694e+01      4788   1
        58S  1.642473e+02  5.785294e+01  3.434850e+01      4872   1
        59S  1.430221e+02  5.722408e+01  3.507279e+01      4956   1
        60S -2.154389e+02  5.715042e+01  3.574735e+01      5040   1
        61S  5.292891e+01  5.664562e+01  3.649752e+01      5124   1
        62S -1.675616e+02  5.657640e+01  3.737919e+01      5208   1
        63S -1.371290e+02  5.640648e+01  3.816715e+01      5292   1
        64S -1.163496e+02  5.641677e+01  3.900685e+01      5376   1
        65S  4.085799e+01  5.628103e+01  3.980512e+01      5460   1
        66S -1.749683e+02  5.624247e+01  4.054387e+01      5544   1
        67S -1.396212e+02  5.622152e+01  4.126312e+01      5628   1
        68S  2.686907e+01  5.601693e+01  4.198668e+01      5712   1
        69S  1.733247e+02  5.591507e+01  4.275315e+01      5796   1
        70S  8.645131e+01  5.589751e+01  4.350118e+01      5880   1
        71S -5.627450e+01  5.588679e+01  4.416873e+01      5964   1
        72S  1.228494e+02  5.580539e+01  4.491973e+01      6048   1
        73S -1.942000e+02  5.578213e+01  4.574338e+01      6132   1
        74S  1.383863e+02  5.574509e+01  4.655381e+01      6216   1
        75S -1.076191e+02  5.570923e+01  4.735218e+01      6300   1
        76S -3.921270e+01  5.565623e+01  4.829022e+01      6384   1
        77S  5.075391e+01  5.555089e+01  4.916819e+01      6468   1
        78S -1.702469e+01  5.547184e+01  4.998611e+01      6552   1
        79S  5.804697e+01  5.538612e+01  5.078843e+01      6636   1
        80S  1.647543e+02  5.534956e+01  5.164684e+01      6720   1
        81S -8.364218e+01  5.502349e+01  5.253165e+01      6804   1
        82S  1.473688e+02  5.486287e+01  5.341882e+01      6888   1
        83S  2.872154e+02  5.486287e+01  5.423250e+01      6972   1
        84S  2.807554e+02  5.463903e+01  5.507842e+01      7056   1
        85S -4.153121e+02  5.457470e+01  5.593302e+01      7140   1
        86S -1.280671e+01  5.455746e+01  5.677141e+01      7224   1
        87S  1.166615e+02  5.451927e+01  5.756110e+01      7308   1
        88S  1.977118e+01  5.450183e+01  5.856847e+01      7392   1
        89S  2.326652e+02  5.450053e+01  5.942125e+01      7476   1
        90S -6.137725e+01  5.440518e+01  6.021179e+01      7560   1
        91S  2.641911e+02  5.423811e+01  6.117651e+01      7644   1
        92S  2.279348e+02  5.421737e+01  6.220051e+01      7728   1
        93S  9.566059e+01  5.419834e+01  6.314836e+01      7812   1
        94S  1.842478e+01  5.416206e+01  6.403360e+01      7896   1
        95S -1.843224e+01  5.414183e+01  6.497781e+01      7980   1
        96S -6.452336e+01  5.411019e+01  6.588867e+01      8064   1
        97S  9.066146e+01  5.396151e+01  6.679965e+01      8148   1
        98S  2.114092e+02  5.385530e+01  6.779726e+01      8232   1
        99S  2.312015e+02  5.379006e+01  6.907978e+01      8316   1
       100S -6.395080e+01  5.362202e+01  7.005707e+01      8400   1
       101S -3.822633e+02  5.353182e+01  7.089524e+01      8484   1
       102S  1.269561e+02  5.350552e+01  7.183057e+01      8568   1
       103S  5.827975e+01  5.341448e+01  7.281784e+01      8652   1
       104S -8.935264e+01  5.332427e+01  7.377732e+01      8736   1
       105S -1.137507e+02  5.331479e+01  7.464387e+01      8820   1
       106S  3.688790e+01  5.310523e+01  7.557947e+01      8904   1
       107S -4.030751e+01  5.310271e+01  7.650165e+01      8988   1
       108S  2.767915e+02  5.307545e+01  7.747051e+01      9072   1
       109S -1.614309e+02  5.305002e+01  7.834345e+01      9156   1
       110S  5.347577e+01  5.289602e+01  7.928630e+01      9240   1
       111S  1.780784e+02  5.286238e+01  8.029537e+01      9324   1
       112S -6.494286e+01  5.282422e+01  8.130117e+01      9408   1
       113S  3.460048e+02  5.280343e+01  8.225401e+01      9492   1
       114S  3.362651e+01  5.273235e+01  8.331819e+01      9576   1
       115S  1.966880e+02  5.268868e+01  8.435808e+01      9660   1
       116S  7.706653e+01  5.268868e+01  8.537127e+01      9744   1
       117S -1.483097e+02  5.268069e+01  8.644936e+01      9828   1
       118S  2.683887e+02  5.262254e+01  8.750251e+01      9912   1
       119S  8.364158e+01  5.256735e+01  8.858999e+01      9996   1
       120S  1.586912e+02  5.256225e+01  8.961677e+01     10080   1
       121S  1.026825e+02  5.256104e+01  9.057853e+01     10164   1
       122S  8.068122e+01  5.254343e+01  9.166677e+01     10248   1
       123S -2.130728e+02  5.249868e+01  9.275967e+01     10332   1
       124S  1.298135e+02  5.249581e+01  9.381910e+01     10416   1
       125S  1.536165e+02  5.246331e+01  9.484629e+01     10500   1
       126S -1.007775e+02  5.245426e+01  9.596549e+01     10584   1
       127S -2.252659e+02  5.245138e+01  9.714648e+01     10668   1
       128S  2.623130e+02  5.237245e+01  9.814404e+01     10752   1
       129S  3.853387e+01  5.224955e+01  9.907542e+01     10836   1
       130S -3.973603e+02  5.220605e+01  1.001614e+02     10920   1
       131S  1.788598e+01  5.218841e+01  1.011730e+02     11004   1
       132S  1.260007e+02  5.218219e+01  1.022788e+02     11088   1
       133S -2.228468e+02  5.217944e+01  1.033880e+02     11172   1
       134S -9.976673e+01  5.217283e+01  1.043471e+02     11256   1
       135S -8.043349e+01  5.217283e+01  1.054644e+02     11340   1
       136S -4.608817e+01  5.217283e+01  1.065900e+02     11424   1
       137S  2.190086e+02  5.203805e+01  1.076084e+02     11508   1
       138S  1.613968e+02  5.201508e+01  1.086221e+02     11592   1
       139S  1.920525e+02  5.198969e+01  1.096944e+02     11676   1
       140S  1.143839e+01  5.198543e+01  1.108934e+02     11760   1
       141S  1.244987e+02  5.191871e+01  1.118962e+02     11844   1
       142S  2.228688e+01  5.191722e+01  1.129398e+02     11928   1
       143S -1.784329e+02  5.180731e+01  1.138770e+02     12012   1
       144S  2.030351e+02  5.179908e+01  1.149828e+02     12096   1
       145S  2.111916e+02  5.178149e+01  1.162198e+02     12180   1
       146S  2.731496e+02  5.177064e+01  1.174767e+02     12264   1
       147S  9.422066e+01  5.176838e+01  1.186568e+02     12348   1
       148S  3.337646e+02  5.176614e+01  1.198744e+02     12432   1
       149S  1.413769e+02  5.172109e+01  1.210584e+02     12516   1
       150S  2.936050e+02  5.168714e+01  1.222972e+02     12600   1
       151S  1.791918e+02  5.167659e+01  1.233008e+02     12684   1
       152S  1.299935e+02  5.166853e+01  1.244002e+02     12768   1
       153S -1.973125e+02  5.152266e+01  1.254761e+02     12852   1
       154S -1.166824e+02  5.152226e+01  1.264756e+02     12936   1
       155S  4.172457e+02  5.150065e+01  1.276041e+02     13020   1
       156S -1.500451e+02  5.149354e+01  1.288166e+02     13104   1
       157S  1.547226e+02  5.147436e+01  1.298616e+02     13188   1
       158S  1.907896e+02  5.147436e+01  1.309187e+02     13272   1
       159S  1.658091e+02  5.146343e+01  1.320587e+02     13356   1
       160S -2.690566e+01  5.146229e+01  1.332945e+02     13440   1
       161S -1.635107e+02  5.139188e+01  1.344424e+02     13524   1
       162S  1.759537e+02  5.138574e+01  1.355566e+02     13608   1
       163S  1.175199e+01  5.137535e+01  1.368735e+02     13692   1
       164S  1.318895e+02  5.135970e+01  1.381674e+02     13776   1
       165S -1.384791e+02  5.130358e+01  1.393639e+02     13860   1
       166S -2.928663e+02  5.124534e+01  1.407214e+02     13944   1
       167S  1.359497e+02  5.124534e+01  1.419977e+02     14028   1
       168S  1.020469e+02  5.124457e+01  1.432984e+02     14112   1
       169S -5.444190e+01  5.123807e+01  1.444907e+02     14196   1
       170S  3.583776e+02  5.123751e+01  1.458541e+02     14280   1
       171S  5.692733e+01  5.123363e+01  1.469700e+02     14364   1
       172S  1.400000e+02  5.123307e+01  1.482611e+02     14448   1
       173S -1.239877e+01  5.122185e+01  1.495967e+02     14532   1
       174S -1.063076e+02  5.121768e+01  1.508515e+02     14616   1
       175S  1.035063e+02  5.120527e+01  1.521752e+02     14700   1
       176S  4.553456e+01  5.118939e+01  1.533154e+02     14784   1
       177S  9.778161e+01  5.117595e+01  1.544716e+02     14868   1
       178S  2.505133e+02  5.116207e+01  1.557829e+02     14952   1
       179S -1.662085e+02  5.116207e+01  1.569375e+02     15036   1
       180S  2.480000e+02  5.115089e+01  1.583983e+02     15120   1
       181S  1.400235e+02  5.114300e+01  1.596167e+02     15204   1
       182S  1.463226e+02  5.111942e+01  1.607602e+02     15288   1
       183S  2.171929e+02  5.108678e+01  1.620605e+02     15372   1
       184S -4.114324e+01  5.106865e+01  1.634082e+02     15456   1
       185S  2.098778e+02  5.105277e+01  1.647597e+02     15540   1
       186S -1.410446e+02  5.104749e+01  1.661007e+02     15624   1
       187S  1.020285e+02  5.102371e+01  1.673927e+02     15708   1
       188S  3.306826e+01  5.097298e+01  1.687046e+02     15792   1
       189S -1.430969e+01  5.095859e+01  1.700830e+02     15876   1
       190S -1.133793e+02  5.095699e+01  1.714839e+02     15960   1
       191S  1.975655e+02  5.094670e+01  1.726799e+02     16044   1
       192S  1.787921e+02  5.094454e+01  1.740434e+02     16128   1
       193S  1.991881e+02  5.091073e+01  1.753785e+02     16212   1
       194S -1.010949e+02  5.090674e+01  1.767452e+02     16296   1
       195S  2.084450e+02  5.089521e+01  1.782860e+02     16380   1
       196S  7.168456e+01  5.088453e+01  1.797322e+02     16464   1
       197S  2.030611e+01  5.079986e+01  1.811651e+02     16548   1
       198S  3.167037e+02  5.079868e+01  1.826911e+02     16632   1
       199S  1.914315e+02  5.079868e+01  1.842338e+02     16716   1
       200S  3.351035e+02  5.079441e+01  1.856281e+02     16800   1
       201S  1.116658e+01  5.078933e+01  1.870262e+02     16884   1
       202S  2.542426e+02  5.078473e+01  1.883991e+02     16968   1
       203S -9.380080e+01  5.076941e+01  1.897207e+02     17052   1
       204S  2.466053e+02  5.076526e+01  1.909959e+02     17136   1
       205S -8.603050e+01  5.076400e+01  1.923891e+02     17220   1
       206S -4.426499e+01  5.073775e+01  1.938599e+02     17304   1
       207S  8.990967e+01  5.073692e+01  1.957456e+02     17388   1
       208S  1.638371e+02  5.072395e+01  1.973094e+02     17472   1
       209S -2.359274e+02  5.071644e+01  1.985591e+02     17556   1
       210S -6.116318e+02  5.070128e+01  1.998765e+02     17640   1
       211S  1.380099e+02  5.068626e+01  2.011787e+02     17724   1
       212S  1.579541e+02  5.068626e+01  2.030647e+02     17808   1
       213S  3.535296e+02  5.068348e+01  2.046872e+02     17892   1
       214S  2.603746e+02  5.067596e+01  2.063511e+02     17976   1
       215S  2.017735e+02  5.067214e+01  2.076317e+02     18060   1
       216S  1.540389e+02  5.065609e+01  2.091297e+02     18144   1
       217S  2.340261e+02  5.065604e+01  2.109320e+02     18228   1
       218S  1.736096e+01  5.062633e+01  2.125154e+02     18312   1
       219S  1.725978e+02  5.050378e+01  2.141218e+02     18396   1
       220S  8.049585e+01  5.032754e+01  2.153514e+02     18480   1
       221S  4.220752e+01  5.032236e+01  2.169836e+02     18564   1
       222S  1.106912e+02  5.031237e+01  2.186863e+02     18648   1
       223S  1.276483e+02  5.030171e+01  2.202268e+02     18732   1
       224S  7.495332e+01  5.029423e+01  2.218058e+02     18816   1
       225S  1.307389e+02  5.028322e+01  2.232043e+02     18900   1
       226S  8.370928e+01  5.026267e+01  2.246886e+02     18984   1
       227S -2.905193e+01  5.022624e+01  2.261397e+02     19068   1
       228S  6.705529e+01  5.022303e+01  2.274390e+02     19152   1
       229S -6.466473e+01  5.021318e+01  2.290047e+02     19236   1
       230S -2.754325e+02  5.022299e+01  2.306649e+02     19320   1
       231S  1.470244e+01  5.021333e+01  2.320686e+02     19404   1
       232S  9.709534e+01  5.021255e+01  2.337654e+02     19488   1
       233S -6.450104e+00  5.020524e+01  2.352297e+02     19572   1
       234S -6.238112e+01  5.018834e+01  2.367250e+02     19656   1
       235S  1.576983e+02  5.018833e+01  2.382289e+02     19740   1
       236S  1.954365e+02  5.018605e+01  2.399336e+02     19824   1
       237S -2.481973e+01  5.013291e+01  2.416600e+02     19908   1
       238S -1.656155e+00  5.012182e+01  2.434558e+02     19992   1
       239S -7.318547e+01  5.009550e+01  2.451306e+02     20076   1
       240S  1.275955e+02  5.008253e+01  2.469354e+02     20160   1
       241S  1.072501e+02  5.006495e+01  2.485878e+02     20244   1
       242S -1.756369e+02  5.002060e+01  2.502726e+02     20328   1
       243S  2.260808e+02  5.002022e+01  2.519989e+02     20412   1
       244S  2.882954e+02  5.000762e+01  2.537491e+02     20496   1
       245S  7.016002e+01  4.999229e+01  2.553455e+02     20580   1
       246S  2.683790e+01  4.997930e+01  2.569651e+02     20664   1
       247S -6.216908e+01  4.997457e+01  2.584950e+02     20748   1
       248S  2.111545e+02  4.997302e+01  2.602257e+02     20832   1
       249S -1.096309e+02  4.995762e+01  2.619287e+02     20916   1
       250S  4.385921e+01  4.991457e+01  2.638780e+02     21000   1
       251S -4.903959e+02  4.990725e+01  2.656711e+02     21084   1
       252S  2.131202e+02  4.983396e+01  2.676634e+02     21168   1
       253S  1.793677e+02  4.983129e+01  2.693058e+02     21252   1
       254S  2.967716e+01  4.981711e+01  2.712637e+02     21336   1
       255S -2.873399e+02  4.978997e+01  2.728557e+02     21420   1
       256S -1.549246e+02  4.978235e+01  2.749011e+02     21504   1
       257S  1.719930e+02  4.977603e+01  2.767681e+02     21588   1
       258S -4.966575e+01  4.971483e+01  2.786076e+02     21672   1
       259S  1.936794e+02  4.970309e+01  2.803103e+02     21756   1
       260S  1.322554e+02  4.968514e+01  2.820890e+02     21840   1
       261S  8.690356e+01  4.968486e+01  2.838852e+02     21924   1
       262S  6.772765e+00  4.966128e+01  2.858116e+02     22008   1
       263S  9.848932e+00  4.965808e+01  2.875212e+02     22092   1
       264S -1.581171e+02  4.964377e+01  2.891948e+02     22176   1
       265S  2.471329e+02  4.962047e+01  2.907646e+02     22260   1
       266S  7.846526e+01  4.961094e+01  2.927346e+02     22344   1
       267S -1.324778e+02  4.960642e+01  2.945796e+02     22428   1
       268S  1.749580e+01  4.956133e+01  2.963151e+02     22512   1
       269S  1.656501e+02  4.952750e+01  2.979539e+02     22596   1
       270S  2.005858e+02  4.950726e+01  2.997642e+02     22680   1
       271S  2.141553e+02  4.950492e+01  3.012658e+02     22764   1
       272S  1.191020e+02  4.948689e+01  3.028453e+02     22848   1
       273S  1.045885e+01  4.943792e+01  3.044026e+02     22932   1
       274S  2.593581e+01  4.943775e+01  3.059442e+02     23016   1
       275S  1.429915e+02  4.943726e+01  3.077872e+02     23100   1
       276S  1.678224e+02  4.942045e+01  3.098947e+02     23184   1
       277S -2.285349e+02  4.938824e+01  3.116923e+02     23268   1
       278S  1.482878e+02  4.938671e+01  3.134360e+02     23352   1
       279S -1.521083e+02  4.937551e+01  3.149608e+02     23436   1
       280S -1.322477e+02  4.937100e+01  3.167943e+02     23520   1
       281S -6.975898e+01  4.936571e+01  3.185661e+02     23604   1
       282S  9.798193e+01  4.935083e+01  3.202443e+02     23688   1
       283S -4.652960e+01  4.933967e+01  3.218718e+02     23772   1
       284S -1.111877e+01  4.931413e+01  3.239569e+02     23856   1
       285S -2.289055e+01  4.931413e+01  3.258418e+02     23940   1
       286S -2.020123e+02  4.931255e+01  3.275451e+02     24024   1
       287S  3.256841e+02  4.929585e+01  3.293574e+02     24108   1
       288S -1.634789e+02  4.929771e+01  3.311780e+02     24192   1
       289S  4.322824e+00  4.928645e+01  3.332344e+02     24276   1
       290S  2.430227e+02  4.927410e+01  3.351998e+02     24360   1
       291S  2.351071e+02  4.927402e+01  3.373621e+02     24444   1
       292S -2.793181e+02  4.926193e+01  3.394233e+02     24528   1
       293S  7.596116e+01  4.926173e+01  3.412550e+02     24612   1
       294S  2.468879e+02  4.925819e+01  3.428923e+02     24696   1
       295S -1.096644e+01  4.925595e+01  3.449929e+02     24780   1
       296S  5.608463e+01  4.924381e+01  3.466768e+02     24864   1
       297S  9.991776e+01  4.924381e+01  3.486192e+02     24948   1
       298S -5.078740e+01  4.922576e+01  3.505213e+02     25032   1
       299S -2.241805e+02  4.922385e+01  3.522351e+02     25116   1
       300S -1.292817e+02  4.921682e+01  3.537771e+02     25200   1
-------------------------------------------------------------------
status         : iteration_limit
total time (s) : 3.537771e+02
total solves   : 25200
best bound     :  4.921682e+01
simulation ci  :  4.873957e+01 ± 1.877161e+01
numeric issues : 0
-------------------------------------------------------------------

────────────────────────────────────────────────────────────────────────────────────
                                           Time                    Allocations      
                                  ───────────────────────   ────────────────────────
        Tot / % measured:               354s / 100.0%           13.0GiB /  99.8%    

Section                   ncalls     time    %tot     avg     alloc    %tot      avg
────────────────────────────────────────────────────────────────────────────────────
backward_pass                300     279s   79.0%   931ms   12.3GiB   94.5%  41.9MiB
  solve_subproblem         18.0k     279s   78.8%  15.5ms   12.2GiB   94.2%   713KiB
    get_dual_solution      18.0k     142s   40.2%  7.91ms   10.6GiB   81.6%   618KiB
  prepare_backward_pass    1.80k   1.48ms    0.0%   824ns    169KiB    0.0%    96.0B
calculate_bound              300    64.2s   18.1%   214ms    607MiB    4.6%  2.02MiB
  get_dual_solution        6.00k   2.89ms    0.0%   482ns    938KiB    0.0%     160B
forward_pass                 300    10.2s    2.9%  34.1ms    129MiB    1.0%   440KiB
  solve_subproblem         1.20k    10.2s    2.9%  8.49ms    117MiB    0.9%   100KiB
    get_dual_solution      1.20k    566μs    0.0%   472ns    188KiB    0.0%     160B
  sample_scenario            300   4.43ms    0.0%  14.8μs    794KiB    0.0%  2.65KiB
────────────────────────────────────────────────────────────────────────────────────

