Set parameter WLSAccessID
Set parameter WLSSecret
Set parameter LicenseID to value 2595650
Academic license 2595650 - for non-commercial use only - registered to zj___@berkeley.edu
Set parameter WLSAccessID
Set parameter WLSSecret
Set parameter LicenseID to value 2595650
Academic license 2595650 - for non-commercial use only - registered to zj___@berkeley.edu
Set parameter WLSAccessID
Set parameter WLSSecret
Set parameter LicenseID to value 2595650
Academic license 2595650 - for non-commercial use only - registered to zj___@berkeley.edu
Set parameter WLSAccessID
Set parameter WLSSecret
Set parameter LicenseID to value 2595650
Academic license 2595650 - for non-commercial use only - registered to zj___@berkeley.edu
-------------------------------------------------------------------
         SDDP.jl (c) Oscar Dowson and contributors, 2017-25
-------------------------------------------------------------------
problem
  nodes           : 4
  state variables : 60
  scenarios       : 1.60000e+05
  existing cuts   : false
options
  solver          : serial mode
  risk measure    : SDDP.Expectation()
  sampling scheme : SDDP.InSampleMonteCarlo
subproblem structure
  VariableRef                             : [259, 259]
  AffExpr in MOI.EqualTo{Float64}         : [87, 87]
  AffExpr in MOI.GreaterThan{Float64}     : [57, 57]
  AffExpr in MOI.LessThan{Float64}        : [84, 84]
  VariableRef in MOI.GreaterThan{Float64} : [138, 139]
  VariableRef in MOI.Integer              : [84, 84]
  VariableRef in MOI.LessThan{Float64}    : [109, 109]
  VariableRef in MOI.ZeroOne              : [57, 57]
numerical stability report
  matrix range     [2e-08, 6e+00]
  objective range  [1e+00, 3e+01]
  bounds range     [6e+00, 9e+03]
  rhs range        [1e+00, 7e+00]
WARNING: numerical stability issues detected
  - matrix range contains small coefficients
Very large or small absolute values of coefficients
can cause numerical stability issues. Consider
reformulating the model.
-------------------------------------------------------------------
 iteration    simulation      bound        time (s)     solves  pid
-------------------------------------------------------------------
         1S  6.556513e+01  3.370418e+02  6.098781e-01        84   1
         2S -1.176263e+02  2.141903e+02  8.583281e-01       168   1
         3S -3.259168e+02  1.609675e+02  1.198326e+00       252   1
         4S  1.522327e+02  1.362648e+02  1.527110e+00       336   1
         5S -2.335364e+02  1.147381e+02  1.881409e+00       420   1
         6S -1.692257e+01  1.133359e+02  2.198441e+00       504   1
         7S  6.772239e+01  1.100613e+02  2.584821e+00       588   1
         8S  7.941486e+01  1.036721e+02  3.019175e+00       672   1
         9S -1.188749e+02  1.032187e+02  3.456186e+00       756   1
        10S  2.660000e+02  9.841573e+01  3.898688e+00       840   1
        11S  2.881588e+02  8.758033e+01  4.259391e+00       924   1
        12S  1.901916e+02  8.437683e+01  4.644493e+00      1008   1
        13S -1.403655e+01  8.333694e+01  5.001994e+00      1092   1
        14S  2.193247e+02  7.845529e+01  5.372515e+00      1176   1
        15S  2.342808e+02  7.406558e+01  5.743304e+00      1260   1
        16S  1.125797e+02  7.238159e+01  6.195008e+00      1344   1
        17S  2.108082e+02  7.186396e+01  6.627148e+00      1428   1
        18S  1.479024e+02  7.066428e+01  7.018531e+00      1512   1
        19S  1.428686e+02  6.978564e+01  7.473642e+00      1596   1
        20S -1.865251e+01  6.900806e+01  7.946167e+00      1680   1
        21S -6.783599e+01  6.839530e+01  8.423328e+00      1764   1
        22S -3.141403e+01  6.824086e+01  8.970580e+00      1848   1
        23S  2.760592e+02  6.715521e+01  9.431523e+00      1932   1
        24S  4.765915e+01  6.686010e+01  9.947178e+00      2016   1
        25S -1.656894e+02  6.606761e+01  1.050478e+01      2100   1
        26S -2.131675e+01  6.536577e+01  1.104996e+01      2184   1
        27S  2.289869e+02  6.533134e+01  1.171494e+01      2268   1
        28S  2.254581e+01  6.498330e+01  1.236655e+01      2352   1
        29S  1.875308e+02  6.456593e+01  1.289333e+01      2436   1
        30S  8.801233e+01  6.441309e+01  1.345202e+01      2520   1
        31S  2.600000e+02  6.432177e+01  1.402148e+01      2604   1
        32S  2.146104e+02  6.413083e+01  1.455045e+01      2688   1
        33S  1.013109e+00  6.407988e+01  1.507454e+01      2772   1
        34S -2.515360e+02  6.407679e+01  1.560976e+01      2856   1
        35S  5.393561e+01  6.367025e+01  1.620079e+01      2940   1
        36S -3.981304e+01  6.331426e+01  1.697083e+01      3024   1
        37S -4.471054e+01  6.294736e+01  1.758899e+01      3108   1
        38S  2.620890e+02  6.290426e+01  1.818271e+01      3192   1
        39S  1.710891e+02  6.227301e+01  1.881207e+01      3276   1
        40S -2.090976e+02  6.209912e+01  1.934622e+01      3360   1
        41S  1.328978e+02  6.180916e+01  1.985387e+01      3444   1
        42S -7.235343e+01  6.146242e+01  2.042932e+01      3528   1
        43S -1.122747e+02  6.143176e+01  2.096726e+01      3612   1
        44S  2.600000e+02  6.097023e+01  2.153496e+01      3696   1
        45S  2.878004e+02  6.072230e+01  2.206289e+01      3780   1
        46S -2.008259e+02  6.043443e+01  2.264197e+01      3864   1
        47S -9.854389e+01  6.038597e+01  2.322222e+01      3948   1
        48S  1.910308e+02  6.015683e+01  2.379332e+01      4032   1
        49S -1.837202e+01  6.006082e+01  2.438113e+01      4116   1
        50S -7.304223e+01  6.005445e+01  2.492402e+01      4200   1
        51S  1.959489e+02  5.994055e+01  2.558412e+01      4284   1
        52S -1.607457e+02  5.970486e+01  2.616451e+01      4368   1
        53S  2.221534e+02  5.949286e+01  2.679464e+01      4452   1
        54S  1.594490e+02  5.940991e+01  2.737169e+01      4536   1
        55S -2.962892e+02  5.914307e+01  2.800577e+01      4620   1
        56S  3.954283e+01  5.905465e+01  2.859059e+01      4704   1
        57S  6.368207e+01  5.894156e+01  2.918458e+01      4788   1
        58S  1.386590e+01  5.865924e+01  2.973934e+01      4872   1
        59S -3.569317e+01  5.855932e+01  3.030253e+01      4956   1
        60S -1.564262e+01  5.834014e+01  3.091634e+01      5040   1
        61S -1.074641e+02  5.833241e+01  3.165352e+01      5124   1
        62S  1.101484e+02  5.798916e+01  3.234070e+01      5208   1
        63S  1.965372e+02  5.791192e+01  3.303718e+01      5292   1
        64S  2.967716e+01  5.764953e+01  3.367647e+01      5376   1
        65S -1.121431e+02  5.759906e+01  3.428128e+01      5460   1
        66S -5.784287e+01  5.753792e+01  3.497446e+01      5544   1
        67S -9.791411e+01  5.747359e+01  3.566041e+01      5628   1
        68S -2.044157e+02  5.744338e+01  3.641040e+01      5712   1
        69S  2.703606e+02  5.717219e+01  3.714370e+01      5796   1
        70S  2.805000e+00  5.710727e+01  3.807332e+01      5880   1
        71S  7.588817e+01  5.701319e+01  3.874893e+01      5964   1
        72S -5.811729e+01  5.691157e+01  3.986637e+01      6048   1
        73S -2.864920e+01  5.690360e+01  4.061863e+01      6132   1
        74S  1.266513e+02  5.682652e+01  4.131147e+01      6216   1
        75S  6.986683e+01  5.677642e+01  4.205082e+01      6300   1
        76S -1.334763e+02  5.651331e+01  4.273719e+01      6384   1
        77S -7.903619e+01  5.642553e+01  4.355529e+01      6468   1
        78S  3.065983e+02  5.634817e+01  4.436153e+01      6552   1
        79S -2.545540e+02  5.626738e+01  4.506850e+01      6636   1
        80S -4.208756e+01  5.612487e+01  4.590331e+01      6720   1
        81S -7.209724e+01  5.601969e+01  4.657965e+01      6804   1
        82S  1.047499e+02  5.590133e+01  4.732459e+01      6888   1
        83S  1.497958e+02  5.566218e+01  4.787713e+01      6972   1
        84S  2.645680e+01  5.548399e+01  4.880756e+01      7056   1
        85S -2.444734e+02  5.538341e+01  4.956376e+01      7140   1
        86S -2.494419e+02  5.537215e+01  5.026622e+01      7224   1
        87S  3.404783e+01  5.528532e+01  5.087798e+01      7308   1
        88S  2.985668e+02  5.526406e+01  5.163940e+01      7392   1
        89S  2.718928e+02  5.506056e+01  5.248593e+01      7476   1
        90S -1.910397e+01  5.499578e+01  5.325033e+01      7560   1
        91S  1.154609e+01  5.491506e+01  5.390761e+01      7644   1
        92S  1.392715e+02  5.483901e+01  5.460290e+01      7728   1
        93S  1.857551e+02  5.464185e+01  5.526454e+01      7812   1
        94S -5.794671e+01  5.460194e+01  5.592570e+01      7896   1
        95S -1.679146e+02  5.456853e+01  5.672848e+01      7980   1
        96S -1.421372e+02  5.452061e+01  5.744933e+01      8064   1
        97S -6.953639e+01  5.451468e+01  5.821523e+01      8148   1
        98S  6.363350e+01  5.448803e+01  5.902299e+01      8232   1
        99S -1.680365e+02  5.441333e+01  5.978267e+01      8316   1
       100S  4.119477e+01  5.436599e+01  6.052603e+01      8400   1
       101S -3.795870e+01  5.430169e+01  6.120146e+01      8484   1
       102S  8.616131e+01  5.429553e+01  6.190656e+01      8568   1
       103S  8.916724e+01  5.411745e+01  6.268562e+01      8652   1
       104S  1.142286e+02  5.408954e+01  6.345912e+01      8736   1
       105S -1.155761e+02  5.406765e+01  6.426249e+01      8820   1
       106S  1.687040e+02  5.402671e+01  6.492434e+01      8904   1
       107S  9.958126e+01  5.400633e+01  6.560142e+01      8988   1
       108S -2.230498e+02  5.399712e+01  6.621123e+01      9072   1
       109S  1.323755e+02  5.395286e+01  6.693596e+01      9156   1
       110S -1.466473e+01  5.392602e+01  6.776337e+01      9240   1
       111S -2.601580e+02  5.383771e+01  6.846729e+01      9324   1
       112S  1.559456e+02  5.382451e+01  6.931758e+01      9408   1
       113S  8.205940e+01  5.376131e+01  7.025667e+01      9492   1
       114S  5.984429e+01  5.371049e+01  7.096949e+01      9576   1
       115S -2.199011e+01  5.370347e+01  7.172015e+01      9660   1
       116S -1.951797e+02  5.369789e+01  7.241232e+01      9744   1
       117S -3.281084e+02  5.366792e+01  7.306899e+01      9828   1
       118S -1.527274e+01  5.363991e+01  7.384139e+01      9912   1
       119S -8.778389e+01  5.360582e+01  7.468274e+01      9996   1
       120S  2.085153e+02  5.355695e+01  7.551902e+01     10080   1
       121S -2.977580e+02  5.353045e+01  7.635501e+01     10164   1
       122S -1.502320e+02  5.342405e+01  7.730893e+01     10248   1
       123S  2.997558e+02  5.341533e+01  7.815078e+01     10332   1
       124S -1.252924e+02  5.326797e+01  7.916017e+01     10416   1
       125S  2.836258e+02  5.325713e+01  8.010097e+01     10500   1
       126S -3.172808e+01  5.325690e+01  8.099924e+01     10584   1
       127S -1.147314e+02  5.322320e+01  8.193085e+01     10668   1
       128S  1.543000e+02  5.315797e+01  8.280942e+01     10752   1
       129S -2.335474e+02  5.315792e+01  8.377007e+01     10836   1
       130S  6.146040e+01  5.313741e+01  8.451323e+01     10920   1
       131S -1.356009e+01  5.313741e+01  8.540049e+01     11004   1
       132S -1.004028e+02  5.306339e+01  8.628563e+01     11088   1
       133S  9.113205e+01  5.292984e+01  8.717972e+01     11172   1
       134S  3.214630e+01  5.291642e+01  8.812628e+01     11256   1
       135S  3.042956e+02  5.290242e+01  8.910061e+01     11340   1
       136S  7.671902e+01  5.289826e+01  9.005179e+01     11424   1
       137S  2.690828e+02  5.286832e+01  9.091997e+01     11508   1
       138S -1.254859e+02  5.285480e+01  9.179974e+01     11592   1
       139S  1.753942e+02  5.285262e+01  9.253164e+01     11676   1
       140S -3.073054e+02  5.285085e+01  9.343432e+01     11760   1
       141S  1.556245e+02  5.284773e+01  9.443886e+01     11844   1
       142S  8.958956e+01  5.284748e+01  9.534362e+01     11928   1
       143S -2.052376e+02  5.283596e+01  9.616775e+01     12012   1
       144S  1.994351e+02  5.283125e+01  9.704671e+01     12096   1
       145S -1.133902e+02  5.280936e+01  9.797640e+01     12180   1
       146S  1.439489e+02  5.280587e+01  9.900371e+01     12264   1
       147S  2.703681e+02  5.279696e+01  1.000076e+02     12348   1
       148S  6.112507e+01  5.279565e+01  1.009723e+02     12432   1
       149S  5.134382e+01  5.273687e+01  1.019980e+02     12516   1
       150S -5.539624e+01  5.273609e+01  1.029862e+02     12600   1
       151S -1.454734e+02  5.272402e+01  1.037799e+02     12684   1
       152S  8.101289e+01  5.272319e+01  1.047357e+02     12768   1
       153S -1.307181e+02  5.272071e+01  1.059676e+02     12852   1
       154S  2.351480e+02  5.269991e+01  1.070181e+02     12936   1
       155S  2.021608e+01  5.269949e+01  1.081041e+02     13020   1
       156S  5.050945e+01  5.269729e+01  1.089986e+02     13104   1
       157S -1.048066e+02  5.268523e+01  1.102984e+02     13188   1
       158S  7.425424e+01  5.266206e+01  1.112746e+02     13272   1
       159S  1.931412e+02  5.264360e+01  1.122896e+02     13356   1
       160S  9.246036e+01  5.263291e+01  1.133702e+02     13440   1
       161S -5.256885e+01  5.262113e+01  1.143703e+02     13524   1
       162S  3.465880e+01  5.262062e+01  1.153599e+02     13608   1
       163S  6.912456e+01  5.262040e+01  1.163224e+02     13692   1
       164S  7.960222e+01  5.261589e+01  1.174493e+02     13776   1
       165S  2.676785e+02  5.260860e+01  1.186823e+02     13860   1
       166S  5.401283e+01  5.252494e+01  1.198660e+02     13944   1
       167S -3.666681e+01  5.238711e+01  1.209792e+02     14028   1
       168S -2.730297e+02  5.238293e+01  1.220286e+02     14112   1
       169S  4.928606e+01  5.227374e+01  1.232072e+02     14196   1
       170S -2.407385e+02  5.226100e+01  1.242688e+02     14280   1
       171S -2.125881e+02  5.221781e+01  1.253263e+02     14364   1
       172S -3.621883e+01  5.221432e+01  1.262275e+02     14448   1
       173S  3.501199e+02  5.215930e+01  1.271264e+02     14532   1
       174S  3.037558e+02  5.213773e+01  1.282734e+02     14616   1
       175S  7.778956e+01  5.206413e+01  1.293593e+02     14700   1
       176S  2.513495e+01  5.206149e+01  1.304002e+02     14784   1
       177S  2.792971e+02  5.200949e+01  1.314312e+02     14868   1
       178S  1.125129e+02  5.199777e+01  1.324386e+02     14952   1
       179S  2.720000e+02  5.195040e+01  1.335951e+02     15036   1
       180S  1.657025e+02  5.192784e+01  1.347872e+02     15120   1
       181S -3.438623e+00  5.192784e+01  1.359182e+02     15204   1
       182S  1.824402e+02  5.192274e+01  1.368745e+02     15288   1
       183S -1.905353e+02  5.190679e+01  1.378613e+02     15372   1
       184S  5.310198e+01  5.187062e+01  1.389883e+02     15456   1
       185S -5.306419e+01  5.182296e+01  1.400798e+02     15540   1
       186S  1.104152e+02  5.181091e+01  1.411801e+02     15624   1
       187S -7.069894e+01  5.176154e+01  1.422381e+02     15708   1
       188S -1.815149e+02  5.174380e+01  1.433099e+02     15792   1
       189S  3.480000e+02  5.174371e+01  1.443570e+02     15876   1
       190S  2.041260e+02  5.173123e+01  1.454431e+02     15960   1
       191S  2.425335e+02  5.172017e+01  1.465569e+02     16044   1
       192S  1.944284e+02  5.169254e+01  1.475870e+02     16128   1
       193S -8.953639e+01  5.169076e+01  1.485904e+02     16212   1
       194S  2.524076e+02  5.167956e+01  1.504006e+02     16296   1
       195S  3.802173e+02  5.161431e+01  1.526719e+02     16380   1
       196S  2.191961e+01  5.159605e+01  1.539433e+02     16464   1
       197S -1.967126e+02  5.158797e+01  1.550572e+02     16548   1
       198S -1.876145e+02  5.157944e+01  1.561799e+02     16632   1
       199S  1.248052e+01  5.156858e+01  1.574503e+02     16716   1
       200S -1.009304e+01  5.156173e+01  1.586688e+02     16800   1
       201S  1.627799e+02  5.149363e+01  1.601056e+02     16884   1
       202S  2.451615e+02  5.146012e+01  1.612968e+02     16968   1
       203S  3.575754e+02  5.140225e+01  1.626954e+02     17052   1
       204S  1.820843e+02  5.134749e+01  1.639460e+02     17136   1
       205S  2.663834e+02  5.132399e+01  1.650953e+02     17220   1
       206S  9.133423e+01  5.132022e+01  1.663236e+02     17304   1
       207S  2.571387e+02  5.129156e+01  1.674982e+02     17388   1
       208S  3.118208e+02  5.129121e+01  1.686289e+02     17472   1
       209S  7.649916e+01  5.127977e+01  1.697278e+02     17556   1
       210S -2.065482e+02  5.125168e+01  1.709607e+02     17640   1
       211S -1.833457e+02  5.123783e+01  1.720125e+02     17724   1
       212S -1.574660e+02  5.117707e+01  1.730052e+02     17808   1
       213S -2.008358e+02  5.114832e+01  1.743176e+02     17892   1
       214S  8.094001e+01  5.114075e+01  1.755663e+02     17976   1
       215S  1.185627e+02  5.111892e+01  1.766670e+02     18060   1
       216S -2.201237e+02  5.108552e+01  1.778993e+02     18144   1
       217S -2.733756e+02  5.104569e+01  1.791261e+02     18228   1
       218S  1.978959e+02  5.104376e+01  1.802974e+02     18312   1
       219S  7.215806e+01  5.104119e+01  1.815184e+02     18396   1
       220S  5.986841e+01  5.103166e+01  1.828149e+02     18480   1
       221S  2.684678e+01  5.102920e+01  1.840372e+02     18564   1
       222S -6.249744e+01  5.094203e+01  1.853553e+02     18648   1
       223S -7.455212e+00  5.092290e+01  1.866265e+02     18732   1
       224S  2.744464e+01  5.090488e+01  1.878117e+02     18816   1
       225S -1.171836e+02  5.083889e+01  1.895775e+02     18900   1
       226S  8.524629e+01  5.079689e+01  1.909632e+02     18984   1
       227S  2.238786e+01  5.078417e+01  1.926066e+02     19068   1
       228S -8.805179e+01  5.068228e+01  1.937895e+02     19152   1
       229S -9.171699e+00  5.066872e+01  1.951386e+02     19236   1
       230S  1.464879e+02  5.066737e+01  1.962658e+02     19320   1
       231S  1.751472e+02  5.066221e+01  1.975113e+02     19404   1
       232S  1.846350e+02  5.061233e+01  1.985698e+02     19488   1
       233S  2.906590e+02  5.059690e+01  1.996917e+02     19572   1
       234S -5.347753e+01  5.058873e+01  2.010188e+02     19656   1
       235S -7.279261e+01  5.057520e+01  2.022376e+02     19740   1
       236S -1.888017e+02  5.051690e+01  2.034700e+02     19824   1
       237S  1.444935e+02  5.050880e+01  2.047398e+02     19908   1
       238S  1.128452e+02  5.048842e+01  2.059864e+02     19992   1
       239S -9.780616e+01  5.048069e+01  2.072711e+02     20076   1
       240S  2.962812e+02  5.045788e+01  2.086358e+02     20160   1
       241S -1.953025e+02  5.045217e+01  2.099873e+02     20244   1
       242S  6.835010e+01  5.042325e+01  2.111754e+02     20328   1
       243S  1.287553e+02  5.041369e+01  2.125403e+02     20412   1
       244S  9.416728e+01  5.039462e+01  2.140856e+02     20496   1
       245S -1.639701e+02  5.038588e+01  2.151562e+02     20580   1
       246S  2.567135e+02  5.037440e+01  2.163495e+02     20664   1
       247S -1.298285e+01  5.033591e+01  2.176840e+02     20748   1
       248S -1.273919e+01  5.032774e+01  2.190526e+02     20832   1
       249S -8.401784e+01  5.031275e+01  2.202560e+02     20916   1
       250S  3.172954e+02  5.029519e+01  2.215378e+02     21000   1
       251S  4.808300e+01  5.027867e+01  2.227541e+02     21084   1
       252S -6.041863e+01  5.027576e+01  2.241513e+02     21168   1
       253S  2.220000e+02  5.026705e+01  2.253652e+02     21252   1
       254S  4.387391e+01  5.026705e+01  2.264955e+02     21336   1
       255S  4.352448e+01  5.026448e+01  2.276904e+02     21420   1
       256S  2.114842e+01  5.026448e+01  2.290602e+02     21504   1
       257S  1.223359e+02  5.026106e+01  2.303247e+02     21588   1
       258S  1.027480e+02  5.025367e+01  2.316416e+02     21672   1
       259S  1.296374e+02  5.024313e+01  2.328643e+02     21756   1
       260S  1.075731e+02  5.022965e+01  2.342324e+02     21840   1
       261S  3.783267e+01  5.020564e+01  2.357948e+02     21924   1
       262S -3.097880e+02  5.019879e+01  2.369995e+02     22008   1
       263S  2.093378e+02  5.019698e+01  2.382077e+02     22092   1
       264S  1.820360e+02  5.019698e+01  2.393921e+02     22176   1
       265S  9.394833e+01  5.018804e+01  2.405639e+02     22260   1
       266S -3.684459e+02  5.018674e+01  2.418303e+02     22344   1
       267S -1.929533e+02  5.017848e+01  2.430067e+02     22428   1
       268S -2.677341e+02  5.010782e+01  2.442235e+02     22512   1
       269S -1.119300e+02  5.008944e+01  2.456043e+02     22596   1
       270S  1.661243e+02  5.008513e+01  2.472197e+02     22680   1
       271S  1.461509e+02  5.005881e+01  2.486881e+02     22764   1
       272S -6.861649e+01  5.005380e+01  2.500560e+02     22848   1
       273S  1.426254e+02  5.003693e+01  2.513476e+02     22932   1
       274S  3.239790e+02  5.003693e+01  2.525983e+02     23016   1
       275S -5.208017e+01  5.003243e+01  2.539604e+02     23100   1
       276S  4.297821e+01  5.000407e+01  2.552366e+02     23184   1
       277S  5.107569e+01  5.000117e+01  2.565485e+02     23268   1
       278S -2.877925e+02  4.999484e+01  2.579645e+02     23352   1
       279S -4.475719e+01  4.998662e+01  2.592960e+02     23436   1
       280S -3.184274e+01  4.998661e+01  2.605498e+02     23520   1
       281S  2.144306e+02  4.998661e+01  2.618090e+02     23604   1
       282S  2.022770e+02  4.998661e+01  2.633621e+02     23688   1
       283S  2.338244e+02  4.998488e+01  2.648592e+02     23772   1
       284S  3.260522e+02  4.997510e+01  2.663681e+02     23856   1
       285S  3.083282e+01  4.997500e+01  2.676420e+02     23940   1
       286S -2.140895e+02  4.996509e+01  2.691689e+02     24024   1
       287S -2.358757e+02  4.996509e+01  2.704554e+02     24108   1
       288S  1.214050e+02  4.994955e+01  2.720289e+02     24192   1
       289S -6.163094e+01  4.992326e+01  2.735671e+02     24276   1
       290S  7.933539e+01  4.991079e+01  2.747924e+02     24360   1
       291S -1.165271e+02  4.990173e+01  2.762739e+02     24444   1
       292S -3.387763e+01  4.987955e+01  2.776830e+02     24528   1
       293S  3.996136e+01  4.987542e+01  2.791782e+02     24612   1
       294S -1.167074e+02  4.986150e+01  2.807461e+02     24696   1
       295S  2.409720e+02  4.985369e+01  2.823343e+02     24780   1
       296S -1.927867e+02  4.984956e+01  2.838651e+02     24864   1
       297S  2.037947e+02  4.984956e+01  2.854503e+02     24948   1
       298S  1.659569e+02  4.984799e+01  2.872298e+02     25032   1
       299S  1.818992e+02  4.978203e+01  2.890084e+02     25116   1
       300S  1.470510e+02  4.976438e+01  2.905342e+02     25200   1
-------------------------------------------------------------------
status         : iteration_limit
total time (s) : 2.905342e+02
total solves   : 25200
best bound     :  4.976438e+01
simulation ci  :  3.489267e+01 ± 1.856747e+01
numeric issues : 0
-------------------------------------------------------------------

────────────────────────────────────────────────────────────────────────────────────
                                           Time                    Allocations      
                                  ───────────────────────   ────────────────────────
        Tot / % measured:               291s / 100.0%           6.38GiB /  99.6%    

Section                   ncalls     time    %tot     avg     alloc    %tot      avg
────────────────────────────────────────────────────────────────────────────────────
backward_pass                300     223s   76.6%   742ms   5.97GiB   93.8%  20.4MiB
  solve_subproblem         18.0k     222s   76.4%  12.3ms   5.91GiB   92.9%   344KiB
    get_dual_solution      18.0k     109s   37.6%  6.07ms   5.03GiB   79.1%   293KiB
  prepare_backward_pass    1.80k   1.80ms    0.0%  1.00μs    180KiB    0.0%     102B
calculate_bound              300    59.1s   20.3%   197ms    331MiB    5.1%  1.10MiB
  get_dual_solution        6.00k   2.57ms    0.0%   428ns    938KiB    0.0%     160B
forward_pass                 300    8.83s    3.0%  29.4ms   71.3MiB    1.1%   244KiB
  solve_subproblem         1.20k    8.81s    3.0%  7.34ms   63.1MiB    1.0%  53.8KiB
    get_dual_solution      1.20k    527μs    0.0%   439ns    188KiB    0.0%     160B
  sample_scenario            300   4.33ms    0.0%  14.4μs    790KiB    0.0%  2.63KiB
────────────────────────────────────────────────────────────────────────────────────

