Set parameter WLSAccessID
Set parameter WLSSecret
Set parameter LicenseID to value 2595650
Academic license 2595650 - for non-commercial use only - registered to zj___@berkeley.edu
Set parameter WLSAccessID
Set parameter WLSSecret
Set parameter LicenseID to value 2595650
Academic license 2595650 - for non-commercial use only - registered to zj___@berkeley.edu
Set parameter WLSAccessID
Set parameter WLSSecret
Set parameter LicenseID to value 2595650
Academic license 2595650 - for non-commercial use only - registered to zj___@berkeley.edu
Set parameter WLSAccessID
Set parameter WLSSecret
Set parameter LicenseID to value 2595650
Academic license 2595650 - for non-commercial use only - registered to zj___@berkeley.edu
-------------------------------------------------------------------
         SDDP.jl (c) Oscar Dowson and contributors, 2017-25
-------------------------------------------------------------------
problem
  nodes           : 4
  state variables : 60
  scenarios       : 1.60000e+05
  existing cuts   : false
options
  solver          : serial mode
  risk measure    : SDDP.Expectation()
  sampling scheme : SDDP.InSampleMonteCarlo
subproblem structure
  VariableRef                             : [259, 259]
  AffExpr in MOI.EqualTo{Float64}         : [87, 87]
  AffExpr in MOI.GreaterThan{Float64}     : [57, 57]
  AffExpr in MOI.LessThan{Float64}        : [84, 84]
  VariableRef in MOI.GreaterThan{Float64} : [138, 139]
  VariableRef in MOI.Integer              : [84, 84]
  VariableRef in MOI.LessThan{Float64}    : [109, 109]
  VariableRef in MOI.ZeroOne              : [57, 57]
numerical stability report
  matrix range     [2e-08, 6e+00]
  objective range  [1e+00, 3e+01]
  bounds range     [6e+00, 9e+03]
  rhs range        [1e+00, 7e+00]
WARNING: numerical stability issues detected
  - matrix range contains small coefficients
Very large or small absolute values of coefficients
can cause numerical stability issues. Consider
reformulating the model.
-------------------------------------------------------------------
 iteration    simulation      bound        time (s)     solves  pid
-------------------------------------------------------------------
         1L -1.467116e+02  4.252063e+02  1.814953e+00        84   1
         2L  3.088921e+01  2.865701e+02  2.389038e+00       168   1
         3L  2.625473e+01  1.502611e+02  3.162412e+00       252   1
         4L  3.654285e+01  1.429235e+02  3.975508e+00       336   1
         5L  3.320219e+01  1.246460e+02  4.801593e+00       420   1
         6L -1.259792e+02  1.138401e+02  5.568581e+00       504   1
         7L  3.488916e+01  1.085423e+02  6.366743e+00       588   1
         8L  8.141891e+01  1.050462e+02  7.137931e+00       672   1
         9L  1.267927e+02  9.943209e+01  7.989528e+00       756   1
        10L  1.531468e+02  9.520000e+01  8.820523e+00       840   1
        11L -1.702064e+02  9.400874e+01  9.728084e+00       924   1
        12L -1.522856e+02  8.925994e+01  1.067553e+01      1008   1
        13L  1.575262e+02  8.767210e+01  1.156304e+01      1092   1
        14L  3.394417e+01  8.534284e+01  1.241283e+01      1176   1
        15L -6.981449e+00  8.347698e+01  1.329587e+01      1260   1
        16L  1.627971e+02  7.789753e+01  1.421861e+01      1344   1
        17L  1.846303e+02  7.713789e+01  1.519399e+01      1428   1
        18L -1.810763e+02  7.709904e+01  1.630085e+01      1512   1
        19L -1.352790e+02  7.673519e+01  1.722457e+01      1596   1
        20L  1.613171e+02  7.584440e+01  1.828257e+01      1680   1
        21L  3.534883e+00  7.538798e+01  1.933011e+01      1764   1
        22L -2.364386e+02  7.509563e+01  2.038682e+01      1848   1
        23L -1.626841e+02  7.222119e+01  2.148423e+01      1932   1
        24L  1.308181e+02  7.202105e+01  2.271988e+01      2016   1
        25L  2.202169e+02  7.133501e+01  2.378350e+01      2100   1
        26L -5.852254e+01  7.080834e+01  2.492695e+01      2184   1
        27L -3.548281e+02  7.075636e+01  2.595534e+01      2268   1
        28L  1.106985e+01  7.050160e+01  2.709003e+01      2352   1
        29L -1.435245e+02  7.014404e+01  2.823724e+01      2436   1
        30L  1.033330e+02  6.996600e+01  2.936993e+01      2520   1
        31L -3.764342e+01  6.807221e+01  3.053581e+01      2604   1
        32L -4.315120e-01  6.805750e+01  3.172491e+01      2688   1
        33L  2.294384e+02  6.690585e+01  3.307643e+01      2772   1
        34L  1.246620e+02  6.622978e+01  3.460617e+01      2856   1
        35L  3.528640e+01  6.610526e+01  3.586507e+01      2940   1
        36L  1.512884e+02  6.521051e+01  3.713240e+01      3024   1
        37L -2.381919e+01  6.494918e+01  3.824126e+01      3108   1
        38L  2.240000e+02  6.459614e+01  3.947438e+01      3192   1
        39L -1.754491e+02  6.453690e+01  4.068991e+01      3276   1
        40L  2.799184e+02  6.429077e+01  4.186413e+01      3360   1
        41L  1.424129e+02  6.405673e+01  4.306496e+01      3444   1
        42L  1.674744e+02  6.393037e+01  4.428792e+01      3528   1
        43L  3.783836e+01  6.379859e+01  4.605649e+01      3612   1
        44L  1.081224e+02  6.360479e+01  4.745420e+01      3696   1
        45L  4.046385e+01  6.353023e+01  4.860989e+01      3780   1
        46L  1.702470e+02  6.334520e+01  4.990176e+01      3864   1
        47L  9.511668e+01  6.293141e+01  5.110696e+01      3948   1
        48L -6.297520e+01  6.260187e+01  5.264784e+01      4032   1
        49L -2.865819e+02  6.252804e+01  5.377700e+01      4116   1
        50L  2.353071e+02  6.228282e+01  5.529659e+01      4200   1
        51L -4.203898e+00  6.221685e+01  5.676496e+01      4284   1
        52L  2.614970e+02  6.185982e+01  5.797997e+01      4368   1
        53L  4.085318e+01  6.184461e+01  5.913397e+01      4452   1
        54L -9.856872e+01  6.166643e+01  6.066208e+01      4536   1
        55L  3.249567e+02  6.138739e+01  6.191942e+01      4620   1
        56L  1.597484e+01  6.129432e+01  6.341953e+01      4704   1
        57L -4.134551e+02  6.113055e+01  6.487774e+01      4788   1
        58L  1.779548e+02  6.099489e+01  6.621632e+01      4872   1
        59L  3.642532e+01  6.068833e+01  6.759657e+01      4956   1
        60L  7.356397e+01  6.042629e+01  6.899989e+01      5040   1
        61L  2.820205e+02  6.031428e+01  7.026552e+01      5124   1
        62L  1.345122e+02  6.022016e+01  7.156507e+01      5208   1
        63L -5.118119e+01  6.019519e+01  7.296973e+01      5292   1
        64L  9.246732e+01  6.007046e+01  7.432201e+01      5376   1
        65L  2.278374e+02  6.000820e+01  7.591804e+01      5460   1
        66L  1.668106e+02  5.995713e+01  7.729122e+01      5544   1
        67L -8.238527e+01  5.990438e+01  7.876315e+01      5628   1
        68L  1.824009e+02  5.985412e+01  8.032075e+01      5712   1
        69L -3.643343e+02  5.967598e+01  8.193711e+01      5796   1
        70L -2.788251e+02  5.947860e+01  8.330550e+01      5880   1
        71L  5.100953e+01  5.944587e+01  8.477904e+01      5964   1
        72L  3.035510e+02  5.941819e+01  8.612703e+01      6048   1
        73L  2.426380e+02  5.917691e+01  8.762814e+01      6132   1
        74L  4.807503e+01  5.911108e+01  8.904831e+01      6216   1
        75L  3.556283e+02  5.905967e+01  9.070880e+01      6300   1
        76L  1.609350e+02  5.890196e+01  9.336228e+01      6384   1
        77L  1.326265e+02  5.877333e+01  9.509187e+01      6468   1
        78L  2.108662e+02  5.871339e+01  9.666073e+01      6552   1
        79L -8.608655e+01  5.854844e+01  9.865237e+01      6636   1
        80L  1.555118e+02  5.841090e+01  1.011958e+02      6720   1
        81L -1.879205e+02  5.812101e+01  1.036481e+02      6804   1
        82L -2.173538e+01  5.810999e+01  1.051796e+02      6888   1
        83L -1.058976e+02  5.810430e+01  1.070442e+02      6972   1
        84L  1.739568e+01  5.795989e+01  1.087293e+02      7056   1
        85L  1.528494e+02  5.790909e+01  1.102571e+02      7140   1
        86L -1.010513e+02  5.790043e+01  1.119345e+02      7224   1
        87L  1.071812e+02  5.786985e+01  1.132525e+02      7308   1
        88L  1.163770e+02  5.764532e+01  1.150888e+02      7392   1
        89L  1.480000e+02  5.763449e+01  1.168188e+02      7476   1
        90L  3.887474e+02  5.734973e+01  1.188286e+02      7560   1
        91L -7.488346e+01  5.726097e+01  1.213149e+02      7644   1
        92L  1.783330e+02  5.698235e+01  1.232022e+02      7728   1
        93L  4.483423e+01  5.696154e+01  1.246830e+02      7812   1
        94L  1.113226e+02  5.694589e+01  1.263335e+02      7896   1
        95L  4.087318e+00  5.693470e+01  1.280054e+02      7980   1
        96L -5.012577e+01  5.688370e+01  1.295890e+02      8064   1
        97L  1.341527e+02  5.676235e+01  1.314448e+02      8148   1
        98L -1.232930e+02  5.672704e+01  1.329427e+02      8232   1
        99L  1.250832e+02  5.666570e+01  1.344124e+02      8316   1
       100L -1.794683e+02  5.663205e+01  1.360961e+02      8400   1
       101L -9.184925e+01  5.658247e+01  1.380114e+02      8484   1
       102L -3.222889e+01  5.657687e+01  1.399850e+02      8568   1
       103L -3.256190e+02  5.635317e+01  1.420676e+02      8652   1
       104L  1.032306e+02  5.619333e+01  1.439220e+02      8736   1
       105L  2.407921e+01  5.603518e+01  1.458777e+02      8820   1
       106L  3.864361e+01  5.599125e+01  1.475301e+02      8904   1
       107L  1.047895e+02  5.593911e+01  1.492128e+02      8988   1
       108L  2.825280e+01  5.582735e+01  1.508854e+02      9072   1
       109L  3.307380e+02  5.572658e+01  1.527205e+02      9156   1
       110L  3.220830e+02  5.570010e+01  1.548349e+02      9240   1
       111L  2.061386e+02  5.562213e+01  1.567254e+02      9324   1
       112L  1.194251e+02  5.561425e+01  1.584115e+02      9408   1
       113L -9.594447e+01  5.542703e+01  1.606065e+02      9492   1
       114L -5.421398e+01  5.535780e+01  1.623695e+02      9576   1
       115L -1.526061e+02  5.531527e+01  1.641628e+02      9660   1
       116L  1.253404e+02  5.531284e+01  1.661198e+02      9744   1
       117L -2.522121e+02  5.529421e+01  1.677563e+02      9828   1
       118L -1.813540e+02  5.522716e+01  1.694051e+02      9912   1
       119L  1.492878e+02  5.510765e+01  1.715091e+02      9996   1
       120L -1.630965e+02  5.510336e+01  1.732025e+02     10080   1
       121L  1.163033e+02  5.502286e+01  1.750129e+02     10164   1
       122L  5.548143e+01  5.493804e+01  1.767649e+02     10248   1
       123L -2.898428e+02  5.490140e+01  1.791228e+02     10332   1
       124L -7.061134e+01  5.488411e+01  1.807648e+02     10416   1
       125L -2.079638e+02  5.487751e+01  1.826929e+02     10500   1
       126L  8.000000e+00  5.483446e+01  1.840888e+02     10584   1
       127L -9.861162e+01  5.479875e+01  1.860479e+02     10668   1
       128L  8.065309e+01  5.478340e+01  1.881504e+02     10752   1
       129L -1.128973e+02  5.453990e+01  1.899509e+02     10836   1
       130L  9.984305e+00  5.451708e+01  1.926498e+02     10920   1
       131L -1.030236e+02  5.443918e+01  1.948942e+02     11004   1
       132L  1.965775e+02  5.439454e+01  1.966708e+02     11088   1
       133L -2.095795e+02  5.425910e+01  1.991157e+02     11172   1
       134L  1.073169e+02  5.423150e+01  2.009744e+02     11256   1
       135L  6.648272e+01  5.421624e+01  2.028390e+02     11340   1
       136L -7.452019e+01  5.421401e+01  2.046726e+02     11424   1
       137L  1.426068e+02  5.406888e+01  2.065427e+02     11508   1
       138L -1.502002e+02  5.402721e+01  2.083763e+02     11592   1
       139L -5.912228e+01  5.399092e+01  2.107169e+02     11676   1
       140L  9.893284e+01  5.395038e+01  2.130779e+02     11760   1
       141L -1.140927e+02  5.398496e+01  2.150771e+02     11844   1
       142L  2.464969e+02  5.396744e+01  2.171024e+02     11928   1
       143L  3.700000e+02  5.390463e+01  2.190425e+02     12012   1
       144L  1.460314e+02  5.365661e+01  2.213647e+02     12096   1
       145L -2.278542e+02  5.365374e+01  2.234455e+02     12180   1
       146L -2.449049e+01  5.355443e+01  2.252382e+02     12264   1
       147L  3.569031e+01  5.354313e+01  2.273134e+02     12348   1
       148L  8.639241e+00  5.346416e+01  2.290646e+02     12432   1
       149L  2.371387e+02  5.343081e+01  2.312894e+02     12516   1
       150L  1.780099e+02  5.342674e+01  2.333022e+02     12600   1
       151L  4.550186e+01  5.338920e+01  2.351040e+02     12684   1
       152L -1.541553e+02  5.344364e+01  2.373533e+02     12768   1
       153L -5.963629e+01  5.343907e+01  2.390822e+02     12852   1
       154L  1.230780e+02  5.343714e+01  2.409928e+02     12936   1
       155L  1.683564e+02  5.341246e+01  2.434987e+02     13020   1
       156L  1.256193e+02  5.327961e+01  2.453508e+02     13104   1
       157L -6.953155e+01  5.327740e+01  2.478998e+02     13188   1
       158L -2.413938e+01  5.326170e+01  2.504413e+02     13272   1
       159L  6.800000e+01  5.323866e+01  2.526154e+02     13356   1
       160L -9.904505e+01  5.321842e+01  2.544888e+02     13440   1
       161L -7.745607e+01  5.320501e+01  2.568098e+02     13524   1
       162L  9.674351e+01  5.312196e+01  2.585328e+02     13608   1
       163L  1.166548e+02  5.310316e+01  2.607150e+02     13692   1
       164L  1.423863e+02  5.310136e+01  2.630857e+02     13776   1
       165L  3.772839e+01  5.309580e+01  2.653472e+02     13860   1
       166L  8.199396e+01  5.292934e+01  2.680720e+02     13944   1
       167L  2.170272e+02  5.290292e+01  2.706013e+02     14028   1
       168L -1.004492e+02  5.289377e+01  2.728822e+02     14112   1
       169L  1.505587e+02  5.287550e+01  2.752521e+02     14196   1
       170L -5.690603e+01  5.287514e+01  2.774526e+02     14280   1
       171L  2.630777e+02  5.285528e+01  2.799096e+02     14364   1
       172L -6.765652e+01  5.282389e+01  2.819269e+02     14448   1
       173L  6.856541e+01  5.281555e+01  2.842083e+02     14532   1
       174L -3.374565e+01  5.281236e+01  2.865939e+02     14616   1
       175L  3.190065e+01  5.279195e+01  2.891500e+02     14700   1
       176L  1.724815e+02  5.278160e+01  2.917177e+02     14784   1
       177L -4.887493e+01  5.277625e+01  2.940304e+02     14868   1
       178L  1.246125e+02  5.275626e+01  2.961767e+02     14952   1
       179L  7.184281e+01  5.271356e+01  2.986354e+02     15036   1
       180L  2.196051e+02  5.269299e+01  3.011162e+02     15120   1
       181L  4.014295e+02  5.268148e+01  3.036799e+02     15204   1
       182L  3.537867e+01  5.266248e+01  3.057777e+02     15288   1
       183L  1.594652e+02  5.264562e+01  3.082201e+02     15372   1
       184L  1.065886e+02  5.250053e+01  3.104120e+02     15456   1
       185L -2.087182e+02  5.240629e+01  3.124069e+02     15540   1
       186L  4.259124e+01  5.239098e+01  3.150018e+02     15624   1
       187L -1.607671e+02  5.234576e+01  3.177114e+02     15708   1
       188L  1.880513e+02  5.234108e+01  3.202144e+02     15792   1
       189L -3.994450e+01  5.230876e+01  3.224954e+02     15876   1
       190L  6.451259e+01  5.228707e+01  3.251105e+02     15960   1
       191L  4.475248e+01  5.228085e+01  3.275701e+02     16044   1
       192L  4.023328e+02  5.226417e+01  3.303110e+02     16128   1
       193L -1.802787e+02  5.221551e+01  3.324547e+02     16212   1
       194L  1.212402e+02  5.220059e+01  3.351053e+02     16296   1
       195L -5.096553e+01  5.211273e+01  3.380935e+02     16380   1
       196L  6.576329e+01  5.206546e+01  3.407536e+02     16464   1
       197L  3.329161e+01  5.205372e+01  3.430657e+02     16548   1
       198L  3.432991e+01  5.203877e+01  3.462322e+02     16632   1
       199L  2.347893e+02  5.203789e+01  3.492370e+02     16716   1
       200L  9.458949e+01  5.203034e+01  3.517785e+02     16800   1
       201L -1.082637e+02  5.187078e+01  3.543704e+02     16884   1
       202L  2.894615e+02  5.185849e+01  3.571693e+02     16968   1
       203L  3.970760e+02  5.185573e+01  3.602094e+02     17052   1
       204L -3.510633e+01  5.173063e+01  3.625799e+02     17136   1
       205L -1.615549e+00  5.171959e+01  3.653133e+02     17220   1
       206L  8.152534e+01  5.170742e+01  3.681090e+02     17304   1
       207L  2.615235e+01  5.170286e+01  3.705783e+02     17388   1
       208L  1.029811e+02  5.170286e+01  3.732930e+02     17472   1
       209L -5.651884e+01  5.165907e+01  3.759035e+02     17556   1
       210L  1.873287e+02  5.165771e+01  3.789363e+02     17640   1
       211L  1.097560e+02  5.157500e+01  3.819835e+02     17724   1
       212L  1.461756e+02  5.156860e+01  3.847463e+02     17808   1
       213L  1.216140e+02  5.155327e+01  3.875903e+02     17892   1
       214L  5.729539e+01  5.155178e+01  3.898623e+02     17976   1
       215L -2.685335e+02  5.155175e+01  3.926035e+02     18060   1
       216L  1.585715e+02  5.155069e+01  3.955792e+02     18144   1
       217L -1.226745e+02  5.153789e+01  3.983794e+02     18228   1
       218L -4.706363e+01  5.147063e+01  4.013310e+02     18312   1
       219L  6.751291e+01  5.143780e+01  4.041448e+02     18396   1
       220L -6.569843e+01  5.143270e+01  4.068983e+02     18480   1
       221L  4.220761e+01  5.143182e+01  4.098900e+02     18564   1
       222L  2.169541e+02  5.142975e+01  4.128046e+02     18648   1
       223L -9.933271e+01  5.136121e+01  4.155660e+02     18732   1
       224L  2.509446e+02  5.135239e+01  4.180287e+02     18816   1
       225L -5.240501e+02  5.134784e+01  4.209141e+02     18900   1
       226L  2.815667e+00  5.134256e+01  4.234495e+02     18984   1
       227L  1.312127e+02  5.126909e+01  4.265519e+02     19068   1
       228L  8.199403e+00  5.126619e+01  4.294028e+02     19152   1
       229L  2.018659e+02  5.122054e+01  4.317280e+02     19236   1
       230L -1.005500e+01  5.119298e+01  4.341102e+02     19320   1
       231L -1.051897e+02  5.118313e+01  4.367109e+02     19404   1
       232L -2.423564e+02  5.115876e+01  4.392800e+02     19488   1
       233L  2.268960e+01  5.114718e+01  4.420646e+02     19572   1
       234L -1.201565e+02  5.114159e+01  4.451566e+02     19656   1
       235L  1.046865e+02  5.112094e+01  4.479241e+02     19740   1
       236L  9.702599e+01  5.111983e+01  4.510813e+02     19824   1
       237L  1.058899e+01  5.109297e+01  4.537573e+02     19908   1
       238L  7.122448e+01  5.108879e+01  4.567209e+02     19992   1
       239L  1.367907e+02  5.106727e+01  4.600851e+02     20076   1
       240L -2.172460e+02  5.104939e+01  4.627169e+02     20160   1
       241L -3.261156e+02  5.104126e+01  4.654424e+02     20244   1
       242L  7.649577e+01  5.102803e+01  4.679529e+02     20328   1
       243L -1.359445e+02  5.095937e+01  4.711335e+02     20412   1
       244L  1.528439e+02  5.091695e+01  4.738686e+02     20496   1
       245L  1.572221e+02  5.091019e+01  4.770746e+02     20580   1
       246L  1.052430e+02  5.090037e+01  4.800461e+02     20664   1
       247L  1.619068e+02  5.085927e+01  4.831793e+02     20748   1
       248L  2.025222e+02  5.085137e+01  4.857333e+02     20832   1
       249L -6.593770e+01  5.085134e+01  4.882084e+02     20916   1
       250L  5.804322e+01  5.085120e+01  4.907799e+02     21000   1
       251L  8.190754e+01  5.083206e+01  4.932916e+02     21084   1
       252L  2.156238e+02  5.082100e+01  4.957865e+02     21168   1
       253L  5.838198e+01  5.081837e+01  4.990712e+02     21252   1
       254L  7.036936e+01  5.077757e+01  5.023472e+02     21336   1
       255L  6.453506e+01  5.077757e+01  5.049138e+02     21420   1
       256L  1.685967e+02  5.075595e+01  5.077575e+02     21504   1
       257L -1.373065e+02  5.075595e+01  5.103681e+02     21588   1
       258L  2.417035e+02  5.073097e+01  5.136951e+02     21672   1
       259L -3.283611e+02  5.073097e+01  5.167125e+02     21756   1
       260L -3.288481e+01  5.072753e+01  5.191665e+02     21840   1
       261L  2.548940e+01  5.072376e+01  5.216811e+02     21924   1
       262L -1.040934e+01  5.071401e+01  5.254378e+02     22008   1
       263L  4.269815e+01  5.069962e+01  5.286836e+02     22092   1
       264L  1.291842e+02  5.069356e+01  5.316860e+02     22176   1
       265L  1.831140e+02  5.059214e+01  5.346245e+02     22260   1
       266L  1.520000e+02  5.058549e+01  5.377050e+02     22344   1
       267L  9.896491e+01  5.058274e+01  5.403163e+02     22428   1
       268L -7.704528e+01  5.058241e+01  5.434929e+02     22512   1
       269L -1.617676e+01  5.058236e+01  5.466671e+02     22596   1
       270L  8.555937e+01  5.053684e+01  5.514728e+02     22680   1
       271L  4.498282e+01  5.053204e+01  5.555965e+02     22764   1
       272L  6.625093e+01  5.051151e+01  5.590986e+02     22848   1
       273L -1.474088e+02  5.050617e+01  5.630578e+02     22932   1
       274L  8.328844e+01  5.049725e+01  5.664107e+02     23016   1
       275L  2.983355e+01  5.049367e+01  5.692787e+02     23100   1
       276L  1.793475e+02  5.047886e+01  5.722305e+02     23184   1
       277L  1.123566e+02  5.047151e+01  5.758370e+02     23268   1
       278L -2.987097e+02  5.045768e+01  5.794454e+02     23352   1
       279L  1.707846e+02  5.045397e+01  5.829283e+02     23436   1
       280L -1.172355e+02  5.045313e+01  5.864470e+02     23520   1
       281L  7.515962e+01  5.045290e+01  5.893755e+02     23604   1
       282L  8.000000e+00  5.045254e+01  5.924238e+02     23688   1
       283L -1.110588e+01  5.044450e+01  5.979285e+02     23772   1
       284L  3.652845e+01  5.041798e+01  6.010073e+02     23856   1
       285L  2.958688e+01  5.041728e+01  6.044829e+02     23940   1
       286L -2.335476e+02  5.041130e+01  6.082008e+02     24024   1
       287L -3.269708e+01  5.040454e+01  6.110311e+02     24108   1
       288L  2.541260e+02  5.039211e+01  6.141973e+02     24192   1
       289L -8.147602e+01  5.039211e+01  6.170707e+02     24276   1
       290L  1.196380e+02  5.038883e+01  6.207912e+02     24360   1
       291L  2.714023e+01  5.038803e+01  6.248548e+02     24444   1
       292L -2.183922e+02  5.038160e+01  6.286375e+02     24528   1
       293L  1.086443e+02  5.036166e+01  6.321669e+02     24612   1
       294L  7.699947e+01  5.036149e+01  6.359932e+02     24696   1
       295L  6.871895e+01  5.035025e+01  6.395127e+02     24780   1
       296L  1.278241e+02  5.034346e+01  6.427852e+02     24864   1
       297L  1.051653e+02  5.032592e+01  6.468324e+02     24948   1
       298L  1.673339e+02  5.031646e+01  6.500540e+02     25032   1
       299L  5.398926e+01  5.028479e+01  6.539999e+02     25116   1
       300L  2.522146e+02  5.014569e+01  6.576519e+02     25200   1
-------------------------------------------------------------------
status         : iteration_limit
total time (s) : 6.576519e+02
total solves   : 25200
best bound     :  5.014569e+01
simulation ci  :  3.740299e+01 ± 1.732851e+01
numeric issues : 0
-------------------------------------------------------------------

────────────────────────────────────────────────────────────────────────────────────
                                           Time                    Allocations      
                                  ───────────────────────   ────────────────────────
        Tot / % measured:               658s / 100.0%           9.68GiB /  99.8%    

Section                   ncalls     time    %tot     avg     alloc    %tot      avg
────────────────────────────────────────────────────────────────────────────────────
backward_pass                300     590s   89.8%   1.97s   9.26GiB   95.9%  31.6MiB
  solve_subproblem         18.0k     589s   89.6%  32.7ms   9.02GiB   93.5%   526KiB
    get_dual_solution      18.0k     476s   72.4%  26.5ms   8.12GiB   84.1%   473KiB
  prepare_backward_pass    1.80k    299ms    0.0%   166μs   38.3MiB    0.4%  21.8KiB
calculate_bound              300    59.0s    9.0%   197ms    337MiB    3.4%  1.12MiB
  get_dual_solution        6.00k   2.82ms    0.0%   470ns    938KiB    0.0%     160B
forward_pass                 300    8.37s    1.3%  27.9ms   71.1MiB    0.7%   243KiB
  solve_subproblem         1.20k    8.35s    1.3%  6.96ms   62.8MiB    0.6%  53.6KiB
    get_dual_solution      1.20k    542μs    0.0%   451ns    188KiB    0.0%     160B
  sample_scenario            300   4.60ms    0.0%  15.3μs    796KiB    0.0%  2.65KiB
────────────────────────────────────────────────────────────────────────────────────

