Set parameter WLSAccessID
Set parameter WLSSecret
Set parameter LicenseID to value 2595650
Academic license 2595650 - for non-commercial use only - registered to zj___@berkeley.edu
Set parameter WLSAccessID
Set parameter WLSSecret
Set parameter LicenseID to value 2595650
Academic license 2595650 - for non-commercial use only - registered to zj___@berkeley.edu
Set parameter WLSAccessID
Set parameter WLSSecret
Set parameter LicenseID to value 2595650
Academic license 2595650 - for non-commercial use only - registered to zj___@berkeley.edu
Set parameter WLSAccessID
Set parameter WLSSecret
Set parameter LicenseID to value 2595650
Academic license 2595650 - for non-commercial use only - registered to zj___@berkeley.edu
-------------------------------------------------------------------
         SDDP.jl (c) Oscar Dowson and contributors, 2017-25
-------------------------------------------------------------------
problem
  nodes           : 4
  state variables : 60
  scenarios       : 1.60000e+05
  existing cuts   : false
options
  solver          : serial mode
  risk measure    : SDDP.Expectation()
  sampling scheme : SDDP.InSampleMonteCarlo
subproblem structure
  VariableRef                             : [259, 259]
  AffExpr in MOI.EqualTo{Float64}         : [87, 87]
  AffExpr in MOI.GreaterThan{Float64}     : [57, 57]
  AffExpr in MOI.LessThan{Float64}        : [84, 84]
  VariableRef in MOI.GreaterThan{Float64} : [138, 139]
  VariableRef in MOI.Integer              : [84, 84]
  VariableRef in MOI.LessThan{Float64}    : [109, 109]
  VariableRef in MOI.ZeroOne              : [57, 57]
numerical stability report
  matrix range     [2e-08, 6e+00]
  objective range  [1e+00, 3e+01]
  bounds range     [6e+00, 9e+03]
  rhs range        [1e+00, 7e+00]
WARNING: numerical stability issues detected
  - matrix range contains small coefficients
Very large or small absolute values of coefficients
can cause numerical stability issues. Consider
reformulating the model.
-------------------------------------------------------------------
 iteration    simulation      bound        time (s)     solves  pid
-------------------------------------------------------------------
         1  -2.653648e+02  3.184044e+02  4.111530e+00        84   1
         2   4.020905e+01  2.208178e+02  4.267429e+00       168   1
         3  -2.713349e+01  1.701552e+02  4.399283e+00       252   1
         4  -1.462682e+01  1.434715e+02  4.548314e+00       336   1
         5   3.598615e+02  1.407509e+02  4.793031e+00       420   1
         6   1.694139e+02  1.061484e+02  4.862804e+00       504   1
         7   1.898496e+02  1.029945e+02  4.959265e+00       588   1
         8   1.820635e+01  1.007210e+02  5.052253e+00       672   1
         9  -5.569682e+01  9.643053e+01  5.190333e+00       756   1
        10  -2.502937e+02  9.491520e+01  5.311345e+00       840   1
        11   1.678775e+02  9.330094e+01  5.454726e+00       924   1
        12   2.048641e+02  9.109168e+01  5.589215e+00      1008   1
        13  -1.271278e+02  9.025557e+01  5.739520e+00      1092   1
        14   2.936906e+02  8.751607e+01  5.906923e+00      1176   1
        15  -1.273395e+02  8.380325e+01  6.032778e+00      1260   1
        16   2.382220e+02  8.146155e+01  6.189387e+00      1344   1
        17   1.079182e+02  7.982106e+01  6.316196e+00      1428   1
        18   1.962567e+02  7.830109e+01  6.470367e+00      1512   1
        19  -4.577622e+01  7.743395e+01  6.614816e+00      1596   1
        20   1.406709e+02  7.271517e+01  6.737617e+00      1680   1
        21   8.193579e+01  7.242841e+01  6.865661e+00      1764   1
        22   1.064659e+02  7.187588e+01  6.991379e+00      1848   1
        23   1.282589e+02  7.148967e+01  7.128783e+00      1932   1
        24   4.115388e+01  7.035242e+01  7.291097e+00      2016   1
        25   4.500359e+00  6.881057e+01  7.448059e+00      2100   1
        26   2.440352e+02  6.877299e+01  7.608234e+00      2184   1
        27   1.006615e+02  6.842362e+01  7.753839e+00      2268   1
        28  -3.909941e+01  6.802136e+01  7.894648e+00      2352   1
        29   9.902235e+01  6.763777e+01  8.029195e+00      2436   1
        30  -3.816290e+01  6.689646e+01  8.157997e+00      2520   1
        31   1.125282e+01  6.647409e+01  8.296643e+00      2604   1
        32  -6.635487e+01  6.641177e+01  8.444588e+00      2688   1
        33  -8.857205e+01  6.590502e+01  8.610643e+00      2772   1
        34   8.333464e+01  6.580913e+01  8.769876e+00      2856   1
        35  -7.900840e+01  6.562283e+01  8.919264e+00      2940   1
        36  -5.288564e+01  6.505983e+01  9.079697e+00      3024   1
        37  -2.754050e+01  6.435773e+01  9.250063e+00      3108   1
        38   1.849311e+02  6.421752e+01  9.409718e+00      3192   1
        39  -1.858419e+01  6.417362e+01  9.572254e+00      3276   1
        40  -8.732734e+01  6.347695e+01  9.741049e+00      3360   1
        41   3.037113e+02  6.276099e+01  9.918186e+00      3444   1
        42   7.466701e+01  6.260689e+01  1.010701e+01      3528   1
        43   2.357048e+02  6.216564e+01  1.029433e+01      3612   1
        44  -6.802523e+01  6.213715e+01  1.047955e+01      3696   1
        45  -2.056757e+02  6.192699e+01  1.066858e+01      3780   1
        46  -3.298746e+02  6.185732e+01  1.085435e+01      3864   1
        47  -4.629265e+01  6.185463e+01  1.104207e+01      3948   1
        48   1.181018e+02  6.182616e+01  1.123167e+01      4032   1
        49   5.792341e+01  6.171994e+01  1.142528e+01      4116   1
        50  -3.215279e+02  6.136502e+01  1.161742e+01      4200   1
        51  -1.357207e+02  6.105478e+01  1.181885e+01      4284   1
        52  -6.192906e+01  6.094395e+01  1.202720e+01      4368   1
        53  -2.775800e+02  6.089888e+01  1.224355e+01      4452   1
        54   6.259015e+00  6.063988e+01  1.246480e+01      4536   1
        55   8.353552e+00  6.035219e+01  1.267581e+01      4620   1
        56   1.266198e+02  6.026316e+01  1.288296e+01      4704   1
        57  -2.409169e+02  6.013594e+01  1.318529e+01      4788   1
        58   2.786483e+02  6.012130e+01  1.338909e+01      4872   1
        59   2.361514e+02  6.007179e+01  1.360796e+01      4956   1
        60   1.191038e+02  5.991981e+01  1.385123e+01      5040   1
        61  -1.040192e+02  5.976534e+01  1.409423e+01      5124   1
        62  -5.879953e+01  5.960188e+01  1.430008e+01      5208   1
        63   2.683790e+01  5.941387e+01  1.451012e+01      5292   1
        64  -1.064899e+02  5.940246e+01  1.499974e+01      5376   1
        65  -2.795460e+02  5.934765e+01  1.527415e+01      5460   1
        66  -7.021940e+01  5.909216e+01  1.549750e+01      5544   1
        67  -1.547998e+02  5.907559e+01  1.572511e+01      5628   1
        68  -1.612014e+02  5.885875e+01  1.596496e+01      5712   1
        69   9.592649e+01  5.882218e+01  1.617508e+01      5796   1
        70   1.647851e+02  5.876320e+01  1.638273e+01      5880   1
        71   6.937645e+01  5.865598e+01  1.657311e+01      5964   1
        72  -2.594660e+02  5.859762e+01  1.682239e+01      6048   1
        73  -1.172708e+02  5.831757e+01  1.719292e+01      6132   1
        74  -8.644889e+01  5.831051e+01  1.739953e+01      6216   1
        75   1.957906e+01  5.801029e+01  1.760943e+01      6300   1
        76   8.594888e+01  5.773578e+01  1.781722e+01      6384   1
        77  -1.862514e+02  5.768714e+01  1.800881e+01      6468   1
        78  -1.507093e+02  5.759032e+01  1.821533e+01      6552   1
        79   1.363724e+02  5.736755e+01  1.841804e+01      6636   1
        80   1.081626e+01  5.725683e+01  1.862918e+01      6720   1
        81   9.858876e+01  5.722063e+01  1.886438e+01      6804   1
        82   6.037926e+01  5.711701e+01  1.910733e+01      6888   1
        83  -6.383604e+00  5.699120e+01  1.932921e+01      6972   1
        84   3.291550e+02  5.696309e+01  1.954887e+01      7056   1
        85  -1.044673e+02  5.694585e+01  1.977954e+01      7140   1
        86   1.166444e+02  5.681489e+01  2.001368e+01      7224   1
        87  -1.382972e+02  5.677008e+01  2.027147e+01      7308   1
        88   1.717463e+02  5.674406e+01  2.053929e+01      7392   1
        89   4.946839e+01  5.668332e+01  2.077898e+01      7476   1
        90  -7.884196e+01  5.663580e+01  2.103248e+01      7560   1
        91   2.410195e+02  5.656326e+01  2.130460e+01      7644   1
        92   7.528665e+01  5.656120e+01  2.164972e+01      7728   1
        93  -2.371913e+01  5.655480e+01  2.190924e+01      7812   1
        94  -3.338206e+01  5.655144e+01  2.215066e+01      7896   1
        95   1.421440e+02  5.655144e+01  2.238837e+01      7980   1
        96  -2.457481e+02  5.648125e+01  2.261773e+01      8064   1
        97   1.515362e+02  5.647487e+01  2.284263e+01      8148   1
        98   1.917882e+00  5.644018e+01  2.305580e+01      8232   1
        99   5.568847e+01  5.643428e+01  2.330184e+01      8316   1
       100   9.218264e+01  5.610959e+01  2.358033e+01      8400   1
       101   1.276523e+02  5.607606e+01  2.380495e+01      8484   1
       102  -1.589005e+02  5.588687e+01  2.404690e+01      8568   1
       103   8.441286e+01  5.580289e+01  2.429278e+01      8652   1
       104   9.981547e+01  5.575094e+01  2.452235e+01      8736   1
       105  -2.319088e+02  5.569883e+01  2.478842e+01      8820   1
       106  -3.383514e+02  5.558643e+01  2.503636e+01      8904   1
       107   2.020283e+02  5.539352e+01  2.527033e+01      8988   1
       108  -1.467526e+01  5.537813e+01  2.552565e+01      9072   1
       109   2.450707e+02  5.533659e+01  2.579109e+01      9156   1
       110  -4.461811e+01  5.530216e+01  2.603313e+01      9240   1
       111   2.765819e+01  5.523495e+01  2.629513e+01      9324   1
       112   1.084125e+02  5.504427e+01  2.655119e+01      9408   1
       113   1.979483e+02  5.497593e+01  2.678950e+01      9492   1
       114   1.311451e+02  5.490623e+01  2.705269e+01      9576   1
       115   1.894095e+02  5.490240e+01  2.729091e+01      9660   1
       116   2.523292e+02  5.486776e+01  2.754381e+01      9744   1
       117   1.360878e+02  5.483167e+01  2.777419e+01      9828   1
       118  -2.699879e+02  5.482068e+01  2.799827e+01      9912   1
       119   6.595892e+01  5.481063e+01  2.822447e+01      9996   1
       120   4.110037e+01  5.480675e+01  2.848843e+01     10080   1
       121  -2.990824e+02  5.480161e+01  2.894983e+01     10164   1
       122  -2.757595e+02  5.477283e+01  2.954805e+01     10248   1
       123   1.475721e+02  5.476955e+01  2.981965e+01     10332   1
       124   2.421003e+02  5.476917e+01  3.006664e+01     10416   1
       125   1.990181e+02  5.472467e+01  3.031981e+01     10500   1
       126   9.751291e+01  5.454683e+01  3.065427e+01     10584   1
       127   2.399436e+02  5.454015e+01  3.090683e+01     10668   1
       128  -6.737490e+01  5.453554e+01  3.115337e+01     10752   1
       129   2.757388e+02  5.444160e+01  3.141174e+01     10836   1
       130  -4.314883e+01  5.441487e+01  3.166825e+01     10920   1
       131   2.906557e+01  5.440992e+01  3.192347e+01     11004   1
       132  -1.119471e+02  5.438641e+01  3.217898e+01     11088   1
       133  -2.166420e+02  5.433728e+01  3.242527e+01     11172   1
       134  -2.777258e+01  5.430224e+01  3.267366e+01     11256   1
       135   1.590989e+02  5.429819e+01  3.294668e+01     11340   1
       136  -9.252308e+01  5.429550e+01  3.323765e+01     11424   1
       137  -9.629721e+01  5.422133e+01  3.353521e+01     11508   1
       138   1.264334e+02  5.412176e+01  3.379797e+01     11592   1
       139   1.391572e+02  5.411957e+01  3.404283e+01     11676   1
       140  -7.277763e+01  5.411269e+01  3.429984e+01     11760   1
       141  -2.522436e+02  5.409142e+01  3.459224e+01     11844   1
       142  -4.138528e+02  5.409179e+01  3.484717e+01     11928   1
       143  -3.293647e+01  5.408123e+01  3.508884e+01     12012   1
       144   7.225521e+01  5.406879e+01  3.538504e+01     12096   1
       145  -3.253194e+01  5.400647e+01  3.565100e+01     12180   1
       146  -1.196820e+02  5.398143e+01  3.590059e+01     12264   1
       147   1.281618e+02  5.396364e+01  3.616262e+01     12348   1
       148  -7.229721e+01  5.392747e+01  3.643629e+01     12432   1
       149  -6.973661e+01  5.391862e+01  3.672704e+01     12516   1
       150   1.599027e+02  5.385797e+01  3.706903e+01     12600   1
       151   1.177851e+02  5.383884e+01  3.735047e+01     12684   1
       152   2.610788e+02  5.381699e+01  3.764348e+01     12768   1
       153  -2.809841e+02  5.378835e+01  3.794054e+01     12852   1
       154   1.341413e+02  5.377147e+01  3.821494e+01     12936   1
       155   2.807320e+02  5.376634e+01  3.848993e+01     13020   1
       156  -3.888091e+02  5.374696e+01  3.878061e+01     13104   1
       157   1.828880e+02  5.374670e+01  3.906541e+01     13188   1
       158   2.413285e+01  5.371876e+01  3.936049e+01     13272   1
       159   1.494401e+02  5.369371e+01  3.965618e+01     13356   1
       160  -8.804874e+01  5.366313e+01  3.996256e+01     13440   1
       161  -2.495649e+02  5.364001e+01  4.029542e+01     13524   1
       162  -1.198250e+00  5.362711e+01  4.062694e+01     13608   1
       163  -2.188665e+02  5.358792e+01  4.105708e+01     13692   1
       164  -2.892469e+02  5.356723e+01  4.141274e+01     13776   1
       165   1.489481e+02  5.344905e+01  4.169815e+01     13860   1
       166  -9.900236e+01  5.340019e+01  4.198096e+01     13944   1
       167   2.120785e+02  5.323595e+01  4.227952e+01     14028   1
       168   1.734005e+02  5.321255e+01  4.258300e+01     14112   1
       169   2.526987e+00  5.321096e+01  4.288106e+01     14196   1
       170   3.595892e+01  5.319926e+01  4.318388e+01     14280   1
       171  -1.153787e+02  5.318676e+01  4.348921e+01     14364   1
       172   1.158516e+02  5.315638e+01  4.379196e+01     14448   1
       173   1.443980e+01  5.315348e+01  4.410853e+01     14532   1
       174   8.272777e+01  5.315292e+01  4.439832e+01     14616   1
       175  -5.641863e+01  5.315286e+01  4.467591e+01     14700   1
       176  -1.806513e+01  5.314114e+01  4.498377e+01     14784   1
       177   3.114652e+02  5.313253e+01  4.527507e+01     14868   1
       178  -1.715360e+02  5.310423e+01  4.556266e+01     14952   1
       179  -4.251186e+01  5.310156e+01  4.586878e+01     15036   1
       180  -1.810124e+02  5.308780e+01  4.615441e+01     15120   1
       181  -1.855405e+02  5.308536e+01  4.644456e+01     15204   1
       182   8.438562e+01  5.305315e+01  4.675679e+01     15288   1
       183   3.550767e+01  5.304052e+01  4.705088e+01     15372   1
       184   5.609567e+01  5.294447e+01  4.731264e+01     15456   1
       185   1.080000e+02  5.292463e+01  4.761504e+01     15540   1
       186   7.501986e+01  5.291126e+01  4.789254e+01     15624   1
       187   1.647306e+02  5.289436e+01  4.816646e+01     15708   1
       188   9.890821e+01  5.278582e+01  4.844024e+01     15792   1
       189  -4.365098e+01  5.265929e+01  4.870071e+01     15876   1
       190   1.011439e+02  5.265924e+01  4.897660e+01     15960   1
       191   3.034732e+00  5.265088e+01  4.923524e+01     16044   1
       192  -1.046743e+02  5.264556e+01  4.951633e+01     16128   1
       193   2.784539e+02  5.257894e+01  4.980233e+01     16212   1
       194   8.071935e+00  5.257831e+01  5.009989e+01     16296   1
       195  -1.453783e+02  5.256835e+01  5.037191e+01     16380   1
       196   1.785515e+02  5.253480e+01  5.064711e+01     16464   1
       197   1.818958e+02  5.251182e+01  5.091050e+01     16548   1
       198  -2.253048e+02  5.250310e+01  5.117603e+01     16632   1
       199   1.247266e+02  5.248160e+01  5.143675e+01     16716   1
       200   7.481957e+00  5.244437e+01  5.171156e+01     16800   1
       201   9.936546e+01  5.233651e+01  5.196939e+01     16884   1
       202  -2.227782e+02  5.232876e+01  5.223654e+01     16968   1
       203   2.329844e+02  5.232754e+01  5.250303e+01     17052   1
       204   1.378755e+02  5.229609e+01  5.276384e+01     17136   1
       205   3.436309e+02  5.228561e+01  5.301495e+01     17220   1
       206   2.501531e+02  5.228500e+01  5.327219e+01     17304   1
       207   2.601102e+02  5.226957e+01  5.355856e+01     17388   1
       208  -3.514815e+00  5.223254e+01  5.382745e+01     17472   1
       209   2.661514e+02  5.215877e+01  5.409730e+01     17556   1
       210   2.793302e+02  5.215877e+01  5.438690e+01     17640   1
       211   4.380908e+01  5.215877e+01  5.467841e+01     17724   1
       212   1.714745e+01  5.214109e+01  5.497673e+01     17808   1
       213   1.778280e+02  5.212107e+01  5.527160e+01     17892   1
       214  -2.452978e+02  5.211403e+01  5.555747e+01     17976   1
       215   1.655287e+02  5.208037e+01  5.583264e+01     18060   1
       216  -5.791597e+02  5.207326e+01  5.609688e+01     18144   1
       217  -5.771378e+01  5.205823e+01  5.640009e+01     18228   1
       218   1.679588e+02  5.204612e+01  5.667481e+01     18312   1
       219   9.185154e+00  5.203226e+01  5.695235e+01     18396   1
       220  -2.125910e+01  5.199568e+01  5.721628e+01     18480   1
       221  -2.192258e+01  5.199454e+01  5.748839e+01     18564   1
       222  -1.208599e+02  5.198435e+01  5.776620e+01     18648   1
       223   1.986765e+02  5.197377e+01  5.805890e+01     18732   1
       224   3.031982e+02  5.195873e+01  5.832371e+01     18816   1
       225  -2.594169e+01  5.191951e+01  5.859296e+01     18900   1
       226   2.302562e+01  5.189822e+01  5.887889e+01     18984   1
       227  -6.436453e+01  5.189173e+01  5.916068e+01     19068   1
       228  -1.447745e+02  5.188190e+01  5.944548e+01     19152   1
       229   1.625639e+02  5.187596e+01  5.973608e+01     19236   1
       230   8.987778e+01  5.182793e+01  6.004057e+01     19320   1
       231   7.079662e+00  5.178069e+01  6.033093e+01     19404   1
       232   7.621954e+00  5.177494e+01  6.067301e+01     19488   1
       233  -1.126110e+02  5.176538e+01  6.098569e+01     19572   1
       234  -2.090980e+01  5.175643e+01  6.128533e+01     19656   1
       235   9.583755e+01  5.169079e+01  6.158751e+01     19740   1
       236  -5.172084e+01  5.169079e+01  6.187562e+01     19824   1
       237  -1.406132e+01  5.169079e+01  6.217234e+01     19908   1
       238   1.520474e+02  5.169002e+01  6.246285e+01     19992   1
       239  -2.688483e+01  5.166988e+01  6.277214e+01     20076   1
       240   2.040472e+02  5.166220e+01  6.304789e+01     20160   1
       241  -1.318698e+02  5.165951e+01  6.334028e+01     20244   1
       242   9.508820e+01  5.141398e+01  6.363933e+01     20328   1
       243   2.789474e+02  5.137130e+01  6.396078e+01     20412   1
       244  -1.006132e+01  5.137023e+01  6.426156e+01     20496   1
       245  -3.692515e+02  5.134152e+01  6.454797e+01     20580   1
       246   1.014640e+02  5.133795e+01  6.485437e+01     20664   1
       247   2.089481e+02  5.133795e+01  6.513603e+01     20748   1
       248  -1.722749e+02  5.131341e+01  6.545244e+01     20832   1
       249   2.970919e+02  5.130593e+01  6.580003e+01     20916   1
       250  -8.613410e+01  5.130535e+01  6.610630e+01     21000   1
       251   3.378888e+01  5.130460e+01  6.641396e+01     21084   1
       252   1.551307e+02  5.129956e+01  6.672769e+01     21168   1
       253   1.222785e+02  5.129954e+01  6.705282e+01     21252   1
       254   5.304877e+01  5.127850e+01  6.737472e+01     21336   1
       255   1.898134e+02  5.127777e+01  6.769775e+01     21420   1
       256   6.585972e+01  5.127504e+01  6.802165e+01     21504   1
       257   1.792098e+02  5.124741e+01  6.835639e+01     21588   1
       258   1.046361e+01  5.123814e+01  6.871267e+01     21672   1
       259  -5.465301e+01  5.123814e+01  6.904607e+01     21756   1
       260   1.701217e+02  5.123244e+01  6.937132e+01     21840   1
       261   5.703419e+01  5.122337e+01  6.970445e+01     21924   1
       262  -9.068865e+00  5.122337e+01  7.008600e+01     22008   1
       263   7.495670e+01  5.122102e+01  7.040674e+01     22092   1
       264   1.310130e+02  5.119894e+01  7.074825e+01     22176   1
       265   3.483188e+01  5.119807e+01  7.108631e+01     22260   1
       266  -2.545965e+02  5.119090e+01  7.142738e+01     22344   1
       267  -8.007383e+01  5.118911e+01  7.177537e+01     22428   1
       268   2.849228e+02  5.118911e+01  7.211835e+01     22512   1
       269  -4.686488e+02  5.116949e+01  7.245421e+01     22596   1
       270   1.468058e+01  5.116091e+01  7.277149e+01     22680   1
       271   1.089292e+02  5.114058e+01  7.306034e+01     22764   1
       272   1.493177e+02  5.111605e+01  7.335037e+01     22848   1
       273  -4.907022e+01  5.111530e+01  7.364460e+01     22932   1
       274   4.490867e+01  5.111530e+01  7.396583e+01     23016   1
       275  -1.411991e+01  5.110574e+01  7.426342e+01     23100   1
       276  -1.444699e+01  5.109717e+01  7.456810e+01     23184   1
       277   1.684135e+02  5.108545e+01  7.487393e+01     23268   1
       278   3.348499e+02  5.107472e+01  7.519402e+01     23352   1
       279   4.808666e+01  5.107472e+01  7.558485e+01     23436   1
       280   1.547543e+01  5.107134e+01  7.600673e+01     23520   1
       281  -3.395080e+01  5.106090e+01  7.638664e+01     23604   1
       282   5.211800e+01  5.105545e+01  7.676964e+01     23688   1
       283   4.797858e+01  5.105229e+01  7.709532e+01     23772   1
       284  -2.412258e+02  5.104050e+01  7.750303e+01     23856   1
       285  -1.973787e+02  5.103662e+01  7.787306e+01     23940   1
       286   1.394940e+02  5.101608e+01  7.823831e+01     24024   1
       287  -1.826011e+02  5.100031e+01  7.861913e+01     24108   1
       288   1.322900e+02  5.099459e+01  7.898905e+01     24192   1
       289  -1.718332e+02  5.098867e+01  7.934346e+01     24276   1
       290  -2.154569e+02  5.095248e+01  7.970952e+01     24360   1
       291   2.456428e+02  5.093848e+01  8.018064e+01     24444   1
       292   9.459411e+01  5.093848e+01  8.053934e+01     24528   1
       293  -2.522188e+02  5.091928e+01  8.086696e+01     24612   1
       294  -2.071203e+02  5.090810e+01  8.118032e+01     24696   1
       295   9.723918e+01  5.089642e+01  8.148737e+01     24780   1
       296  -7.942587e+01  5.088785e+01  8.184427e+01     24864   1
       297   1.139592e+02  5.088785e+01  8.217450e+01     24948   1
       298   2.349894e+02  5.088016e+01  8.249484e+01     25032   1
       299   1.836276e+02  5.086316e+01  8.281924e+01     25116   1
       300  -4.375799e+01  5.084727e+01  8.316132e+01     25200   1
-------------------------------------------------------------------
status         : iteration_limit
total time (s) : 8.316132e+01
total solves   : 25200
best bound     :  5.084727e+01
simulation ci  :  2.106574e+01 ± 1.855648e+01
numeric issues : 0
-------------------------------------------------------------------

────────────────────────────────────────────────────────────────────────────────────
                                           Time                    Allocations      
                                  ───────────────────────   ────────────────────────
        Tot / % measured:              84.6s /  97.4%           2.64GiB /  93.0%    

Section                   ncalls     time    %tot     avg     alloc    %tot      avg
────────────────────────────────────────────────────────────────────────────────────
calculate_bound              300    60.9s   73.9%   203ms    340MiB   13.5%  1.13MiB
  get_dual_solution        6.00k   2.81ms    0.0%   469ns    938KiB    0.0%     160B
forward_pass                 300    10.8s   13.1%  35.9ms    413MiB   16.4%  1.38MiB
  solve_subproblem         1.20k    10.2s   12.3%  8.47ms    312MiB   12.4%   266KiB
    get_dual_solution      1.20k    600μs    0.0%   500ns    188KiB    0.0%     160B
  sample_scenario            300    266ms    0.3%   887μs   26.4MiB    1.0%  90.0KiB
backward_pass                300    10.7s   13.0%  35.8ms   1.72GiB   70.1%  5.88MiB
  solve_subproblem         18.0k    8.55s   10.4%   475μs   1.33GiB   54.0%  77.4KiB
    get_dual_solution      18.0k    884ms    1.1%  49.1μs    488MiB   19.4%  27.8KiB
  prepare_backward_pass    1.80k    990ms    1.2%   550μs    258MiB   10.3%   147KiB
────────────────────────────────────────────────────────────────────────────────────

