Set parameter WLSAccessID
Set parameter WLSSecret
Set parameter LicenseID to value 2595650
Academic license 2595650 - for non-commercial use only - registered to zj___@berkeley.edu
Set parameter WLSAccessID
Set parameter WLSSecret
Set parameter LicenseID to value 2595650
Academic license 2595650 - for non-commercial use only - registered to zj___@berkeley.edu
Set parameter WLSAccessID
Set parameter WLSSecret
Set parameter LicenseID to value 2595650
Academic license 2595650 - for non-commercial use only - registered to zj___@berkeley.edu
Set parameter WLSAccessID
Set parameter WLSSecret
Set parameter LicenseID to value 2595650
Academic license 2595650 - for non-commercial use only - registered to zj___@berkeley.edu
-------------------------------------------------------------------
         SDDP.jl (c) Oscar Dowson and contributors, 2017-25
-------------------------------------------------------------------
problem
  nodes           : 4
  state variables : 165
  scenarios       : 1.60000e+05
  existing cuts   : false
options
  solver          : serial mode
  risk measure    : SDDP.Expectation()
  sampling scheme : SDDP.InSampleMonteCarlo
subproblem structure
  VariableRef                             : [460, 460]
  AffExpr in MOI.EqualTo{Float64}         : [87, 87]
  AffExpr in MOI.GreaterThan{Float64}     : [57, 57]
  AffExpr in MOI.LessThan{Float64}        : [84, 84]
  VariableRef in MOI.GreaterThan{Float64} : [81, 82]
  VariableRef in MOI.Integer              : [36, 36]
  VariableRef in MOI.LessThan{Float64}    : [61, 61]
  VariableRef in MOI.ZeroOne              : [210, 210]
numerical stability report
  matrix range     [2e-08, 2e+01]
  objective range  [1e+00, 3e+01]
  bounds range     [6e+00, 9e+03]
  rhs range        [1e+00, 2e+01]
WARNING: numerical stability issues detected
  - matrix range contains small coefficients
Very large or small absolute values of coefficients
can cause numerical stability issues. Consider
reformulating the model.
-------------------------------------------------------------------
 iteration    simulation      bound        time (s)     solves  pid
-------------------------------------------------------------------
         1S -3.913390e+02  3.110194e+02  6.010320e-01        84   1
         2S -1.513302e+02  2.312015e+02  9.152119e-01       168   1
         3S -2.012911e+02  1.600708e+02  1.310708e+00       252   1
         4S -1.504591e+02  1.440803e+02  1.722812e+00       336   1
         5S -1.055260e+02  1.293864e+02  2.122478e+00       420   1
         6S  9.568342e+01  9.378157e+01  2.591418e+00       504   1
         7S  3.181199e+02  9.203909e+01  3.032197e+00       588   1
         8S  1.742179e+02  9.183356e+01  3.514738e+00       672   1
         9S -4.113539e+02  9.027019e+01  3.967255e+00       756   1
        10S  2.382054e+01  8.988556e+01  4.412564e+00       840   1
        11S -1.194933e+02  8.330769e+01  4.852142e+00       924   1
        12S  3.273978e+01  8.123130e+01  5.370913e+00      1008   1
        13S  1.183249e+02  7.972310e+01  5.827016e+00      1092   1
        14S -3.491302e+02  7.871095e+01  6.365259e+00      1176   1
        15S -2.962116e+02  7.296379e+01  6.913804e+00      1260   1
        16S  2.996658e+02  7.274661e+01  7.370876e+00      1344   1
        17S -3.996582e+01  7.221178e+01  7.823833e+00      1428   1
        18S  1.250894e+02  7.173852e+01  8.318603e+00      1512   1
        19S -2.363721e+01  7.126850e+01  8.892151e+00      1596   1
        20S -1.530645e+02  7.105368e+01  9.407908e+00      1680   1
        21S  2.964845e+02  7.032269e+01  9.945008e+00      1764   1
        22S  2.475701e+02  7.006727e+01  1.053729e+01      1848   1
        23S  2.445848e+01  7.001183e+01  1.107187e+01      1932   1
        24S -9.357345e+01  6.931857e+01  1.163841e+01      2016   1
        25S -9.389983e+01  6.751968e+01  1.227167e+01      2100   1
        26S -6.902128e+01  6.693687e+01  1.284885e+01      2184   1
        27S  1.345805e+02  6.513945e+01  1.348138e+01      2268   1
        28S -5.194999e+01  6.508529e+01  1.422951e+01      2352   1
        29S -1.675113e+02  6.465991e+01  1.486481e+01      2436   1
        30S -7.740767e+01  6.435307e+01  1.552361e+01      2520   1
        31S  1.420513e+02  6.424310e+01  1.619773e+01      2604   1
        32S -1.059705e+02  6.377916e+01  1.687912e+01      2688   1
        33S  1.128170e+02  6.314830e+01  1.753966e+01      2772   1
        34S -4.802550e+01  6.271676e+01  1.815979e+01      2856   1
        35S -2.040368e+02  6.254737e+01  1.876967e+01      2940   1
        36S -1.996753e+02  6.254350e+01  1.927485e+01      3024   1
        37S  1.602837e+01  6.249674e+01  1.984717e+01      3108   1
        38S  1.348069e+02  6.254831e+01  2.041409e+01      3192   1
        39S -2.192885e+02  6.212832e+01  2.108677e+01      3276   1
        40S  1.432364e+02  6.191836e+01  2.166101e+01      3360   1
        41S -1.007203e+02  6.183851e+01  2.224538e+01      3444   1
        42S -1.843883e+02  6.147627e+01  2.298585e+01      3528   1
        43S  1.727985e+02  6.120012e+01  2.365775e+01      3612   1
        44S -3.187573e+01  6.117543e+01  2.427062e+01      3696   1
        45S -1.375321e+02  6.107938e+01  2.503822e+01      3780   1
        46S  1.920557e+02  6.099378e+01  2.567038e+01      3864   1
        47S  3.729880e+02  6.076573e+01  2.640283e+01      3948   1
        48S -1.458343e+02  6.071328e+01  2.709217e+01      4032   1
        49S -2.479036e+01  6.035736e+01  2.778066e+01      4116   1
        50S  8.421462e+01  6.027533e+01  2.844669e+01      4200   1
        51S  3.861245e+01  6.021116e+01  2.913556e+01      4284   1
        52S -8.236418e+01  6.016469e+01  2.984714e+01      4368   1
        53S  1.300404e+01  6.000725e+01  3.057449e+01      4452   1
        54S -2.444297e+02  5.984176e+01  3.125730e+01      4536   1
        55S  1.138361e+01  5.981135e+01  3.202428e+01      4620   1
        56S  2.613386e+01  5.965749e+01  3.270929e+01      4704   1
        57S -8.343543e+01  5.954231e+01  3.343740e+01      4788   1
        58S  5.475030e+01  5.895450e+01  3.425293e+01      4872   1
        59S  1.131255e+02  5.871327e+01  3.496742e+01      4956   1
        60S -7.190958e+01  5.846674e+01  3.571069e+01      5040   1
        61S  7.194403e-01  5.775585e+01  3.640681e+01      5124   1
        62S -1.803024e+01  5.741301e+01  3.716600e+01      5208   1
        63S -3.410629e+00  5.735450e+01  3.782930e+01      5292   1
        64S  1.285240e+02  5.728763e+01  3.853805e+01      5376   1
        65S  1.752692e+02  5.720888e+01  3.943356e+01      5460   1
        66S  4.766460e+01  5.688041e+01  4.020605e+01      5544   1
        67S -4.213466e+01  5.672372e+01  4.092895e+01      5628   1
        68S  4.978419e+01  5.667679e+01  4.172171e+01      5712   1
        69S -1.192093e+02  5.655331e+01  4.248768e+01      5796   1
        70S  3.371107e+01  5.654250e+01  4.328962e+01      5880   1
        71S  4.801739e+01  5.645815e+01  4.411350e+01      5964   1
        72S  3.936450e+01  5.620474e+01  4.500448e+01      6048   1
        73S  2.868750e+02  5.607186e+01  4.581055e+01      6132   1
        74S  2.697923e+01  5.600725e+01  4.657176e+01      6216   1
        75S  4.266939e+01  5.587969e+01  4.735064e+01      6300   1
        76S  4.034548e+02  5.583932e+01  4.816710e+01      6384   1
        77S -2.285255e+01  5.572566e+01  4.902742e+01      6468   1
        78S  1.675117e+02  5.572330e+01  4.986001e+01      6552   1
        79S  1.929290e+02  5.569230e+01  5.065645e+01      6636   1
        80S  2.450828e+02  5.565821e+01  5.140699e+01      6720   1
        81S -2.273280e+02  5.562927e+01  5.228204e+01      6804   1
        82S -3.482281e+02  5.548572e+01  5.301337e+01      6888   1
        83S  3.024494e+02  5.545662e+01  5.377964e+01      6972   1
        84S  1.989854e+02  5.544860e+01  5.452384e+01      7056   1
        85S -1.576693e+02  5.524146e+01  5.535324e+01      7140   1
        86S -2.052122e+02  5.500024e+01  5.609141e+01      7224   1
        87S  2.092375e+01  5.489700e+01  5.688421e+01      7308   1
        88S -3.315624e+01  5.479295e+01  5.783050e+01      7392   1
        89S  1.424926e+02  5.468890e+01  5.857309e+01      7476   1
        90S  3.151703e+00  5.468218e+01  5.928562e+01      7560   1
        91S -1.579135e+02  5.464442e+01  6.006488e+01      7644   1
        92S -1.357237e+02  5.457796e+01  6.080791e+01      7728   1
        93S  8.546994e+01  5.456656e+01  6.149553e+01      7812   1
        94S  8.127464e+01  5.456641e+01  6.225878e+01      7896   1
        95S  2.500000e+02  5.450387e+01  6.325475e+01      7980   1
        96S  2.893151e+02  5.445926e+01  6.405074e+01      8064   1
        97S  1.760360e+02  5.423676e+01  6.500426e+01      8148   1
        98S -1.957408e+01  5.421766e+01  6.579776e+01      8232   1
        99S  1.557122e+02  5.419960e+01  6.670485e+01      8316   1
       100S  1.006615e+02  5.406842e+01  6.764996e+01      8400   1
       101S  1.821826e+02  5.401516e+01  6.851181e+01      8484   1
       102S -3.892964e+02  5.393769e+01  6.948097e+01      8568   1
       103S -1.313241e+02  5.386991e+01  7.038822e+01      8652   1
       104S  2.721966e+02  5.385922e+01  7.142398e+01      8736   1
       105S  2.221874e+02  5.385922e+01  7.245854e+01      8820   1
       106S -5.370518e+01  5.378899e+01  7.333802e+01      8904   1
       107S  4.599930e+01  5.375622e+01  7.428043e+01      8988   1
       108S -2.304598e+02  5.372862e+01  7.509089e+01      9072   1
       109S -9.597251e+01  5.363686e+01  7.604011e+01      9156   1
       110S -3.379141e+02  5.358948e+01  7.689528e+01      9240   1
       111S  8.421311e+01  5.350211e+01  7.788008e+01      9324   1
       112S -3.491094e+01  5.350211e+01  7.890657e+01      9408   1
       113S -1.646333e+02  5.347985e+01  7.990612e+01      9492   1
       114S -1.307457e+02  5.335981e+01  8.079835e+01      9576   1
       115S  8.545767e+01  5.314802e+01  8.177122e+01      9660   1
       116S  1.131255e+02  5.312830e+01  8.282586e+01      9744   1
       117S -1.583274e+02  5.312315e+01  8.393644e+01      9828   1
       118S  1.605317e+02  5.312186e+01  8.498690e+01      9912   1
       119S -2.982331e+01  5.311567e+01  8.586564e+01      9996   1
       120S  7.502859e+01  5.304670e+01  8.687801e+01     10080   1
       121S  1.893925e+02  5.303695e+01  8.794233e+01     10164   1
       122S -1.055088e+02  5.302491e+01  8.875010e+01     10248   1
       123S -2.641344e+02  5.300214e+01  8.992601e+01     10332   1
       124S  3.607981e+02  5.296908e+01  9.095497e+01     10416   1
       125S -4.119632e+01  5.267526e+01  9.187437e+01     10500   1
       126S  3.536866e+01  5.263731e+01  9.276500e+01     10584   1
       127S -1.379857e+02  5.262790e+01  9.375687e+01     10668   1
       128S  8.424066e+01  5.250382e+01  9.468393e+01     10752   1
       129S  2.647036e+02  5.249365e+01  9.575306e+01     10836   1
       130S  1.113085e+02  5.248855e+01  9.685928e+01     10920   1
       131S  2.247350e+01  5.248710e+01  9.779121e+01     11004   1
       132S  6.299920e+01  5.248663e+01  9.870579e+01     11088   1
       133S  2.534540e+02  5.239378e+01  9.980942e+01     11172   1
       134S  1.232572e+02  5.235188e+01  1.008971e+02     11256   1
       135S  7.816561e+00  5.232073e+01  1.019153e+02     11340   1
       136S  1.979067e+02  5.229532e+01  1.029473e+02     11424   1
       137S  1.463324e+02  5.227272e+01  1.040701e+02     11508   1
       138S  1.474438e+02  5.223950e+01  1.051968e+02     11592   1
       139S -2.735998e+02  5.219181e+01  1.064002e+02     11676   1
       140S  8.259898e+01  5.217451e+01  1.074171e+02     11760   1
       141S  2.080000e+02  5.216222e+01  1.083252e+02     11844   1
       142S  1.233042e+02  5.214043e+01  1.094868e+02     11928   1
       143S  1.648153e+01  5.212896e+01  1.104919e+02     12012   1
       144S  1.739134e+02  5.212691e+01  1.117061e+02     12096   1
       145S  2.843275e+02  5.209298e+01  1.128858e+02     12180   1
       146S  1.704884e+01  5.209013e+01  1.138364e+02     12264   1
       147S -1.538183e+01  5.207250e+01  1.148015e+02     12348   1
       148S -1.457328e+02  5.204917e+01  1.158499e+02     12432   1
       149S  1.545971e+02  5.203165e+01  1.169106e+02     12516   1
       150S  8.129225e+00  5.203102e+01  1.178829e+02     12600   1
       151S -1.757814e+01  5.200125e+01  1.191228e+02     12684   1
       152S  1.556241e+02  5.199127e+01  1.201357e+02     12768   1
       153S -2.221735e-01  5.192460e+01  1.211833e+02     12852   1
       154S  2.415195e+02  5.191086e+01  1.223831e+02     12936   1
       155S -1.976534e+02  5.191025e+01  1.235554e+02     13020   1
       156S  1.131445e+02  5.190214e+01  1.246535e+02     13104   1
       157S -4.659772e+01  5.190186e+01  1.258422e+02     13188   1
       158S  3.209743e+01  5.189595e+01  1.270388e+02     13272   1
       159S -4.511363e+01  5.185039e+01  1.281653e+02     13356   1
       160S  2.798778e+02  5.182791e+01  1.292962e+02     13440   1
       161S -6.635207e+01  5.176271e+01  1.305479e+02     13524   1
       162S  2.306826e+01  5.172066e+01  1.316641e+02     13608   1
       163S  2.112559e+02  5.170879e+01  1.328095e+02     13692   1
       164S  1.019646e+01  5.170231e+01  1.340151e+02     13776   1
       165S -3.648617e+01  5.169147e+01  1.350979e+02     13860   1
       166S -1.247050e+02  5.165017e+01  1.363717e+02     13944   1
       167S  2.390714e+01  5.163644e+01  1.376701e+02     14028   1
       168S  2.874339e+02  5.161540e+01  1.390422e+02     14112   1
       169S  1.026337e+02  5.159545e+01  1.403594e+02     14196   1
       170S -8.988982e+01  5.158483e+01  1.415753e+02     14280   1
       171S  7.295110e+01  5.155196e+01  1.428620e+02     14364   1
       172S  9.022663e+01  5.151538e+01  1.439327e+02     14448   1
       173S -1.196003e+02  5.151538e+01  1.451484e+02     14532   1
       174S -4.165397e+01  5.151538e+01  1.464237e+02     14616   1
       175S  3.107941e+01  5.151179e+01  1.476122e+02     14700   1
       176S -1.901952e+02  5.148442e+01  1.489051e+02     14784   1
       177S -1.251991e+02  5.146591e+01  1.501872e+02     14868   1
       178S -1.172843e+02  5.140022e+01  1.512709e+02     14952   1
       179S -3.760869e+01  5.138605e+01  1.524079e+02     15036   1
       180S  2.041949e+02  5.138598e+01  1.535760e+02     15120   1
       181S -1.424114e+02  5.132594e+01  1.548939e+02     15204   1
       182S  2.946060e+01  5.130833e+01  1.562031e+02     15288   1
       183S  1.262809e+02  5.103380e+01  1.574604e+02     15372   1
       184S  1.364434e+02  5.103327e+01  1.588002e+02     15456   1
       185S -3.175431e+02  5.102535e+01  1.598989e+02     15540   1
       186S  1.600000e+02  5.102425e+01  1.612783e+02     15624   1
       187S  2.189582e+02  5.102249e+01  1.626381e+02     15708   1
       188S -9.630060e+01  5.100510e+01  1.637911e+02     15792   1
       189S  2.252832e+01  5.100224e+01  1.650837e+02     15876   1
       190S -4.975172e+01  5.098270e+01  1.664072e+02     15960   1
       191S -3.365185e+02  5.097857e+01  1.677821e+02     16044   1
       192S  3.444191e+02  5.097759e+01  1.692513e+02     16128   1
       193S -4.815647e+01  5.094763e+01  1.704877e+02     16212   1
       194S  2.384972e+02  5.092337e+01  1.720454e+02     16296   1
       195S  1.337257e+02  5.091764e+01  1.735311e+02     16380   1
       196S  1.842796e+02  5.090950e+01  1.749559e+02     16464   1
       197S  1.293964e+02  5.090077e+01  1.762009e+02     16548   1
       198S  9.456559e+01  5.087586e+01  1.776515e+02     16632   1
       199S  1.282096e+02  5.086908e+01  1.790250e+02     16716   1
       200S  1.145126e+02  5.086437e+01  1.805017e+02     16800   1
-------------------------------------------------------------------
status         : iteration_limit
total time (s) : 1.805017e+02
total solves   : 16800
best bound     :  5.086437e+01
simulation ci  :  2.081369e+01 ± 2.286435e+01
numeric issues : 0
-------------------------------------------------------------------

────────────────────────────────────────────────────────────────────────────────────
                                           Time                    Allocations      
                                  ───────────────────────   ────────────────────────
        Tot / % measured:               181s / 100.0%           8.73GiB /  99.7%    

Section                   ncalls     time    %tot     avg     alloc    %tot      avg
────────────────────────────────────────────────────────────────────────────────────
backward_pass                200     138s   76.7%   692ms   8.23GiB   94.6%  42.1MiB
  solve_subproblem         12.0k     138s   76.5%  11.5ms   8.17GiB   93.9%   714KiB
    get_dual_solution      12.0k    72.7s   40.3%  6.06ms   7.08GiB   81.3%   618KiB
  prepare_backward_pass    1.20k   1.06ms    0.0%   882ns    123KiB    0.0%     105B
calculate_bound              200    36.9s   20.5%   185ms    397MiB    4.5%  1.99MiB
  get_dual_solution        4.00k   1.96ms    0.0%   491ns    625KiB    0.0%     160B
forward_pass                 200    5.14s    2.8%  25.7ms   86.4MiB    1.0%   443KiB
  solve_subproblem           800    5.13s    2.8%  6.41ms   78.4MiB    0.9%   100KiB
    get_dual_solution        800    360μs    0.0%   450ns    125KiB    0.0%     160B
  sample_scenario            200   2.63ms    0.0%  13.1μs    522KiB    0.0%  2.61KiB
────────────────────────────────────────────────────────────────────────────────────

