Set parameter WLSAccessID
Set parameter WLSSecret
Set parameter LicenseID to value 2595650
Academic license 2595650 - for non-commercial use only - registered to zj___@berkeley.edu
Set parameter WLSAccessID
Set parameter WLSSecret
Set parameter LicenseID to value 2595650
Academic license 2595650 - for non-commercial use only - registered to zj___@berkeley.edu
Set parameter WLSAccessID
Set parameter WLSSecret
Set parameter LicenseID to value 2595650
Academic license 2595650 - for non-commercial use only - registered to zj___@berkeley.edu
Set parameter WLSAccessID
Set parameter WLSSecret
Set parameter LicenseID to value 2595650
Academic license 2595650 - for non-commercial use only - registered to zj___@berkeley.edu
Set parameter WLSAccessID
Set parameter WLSSecret
Set parameter LicenseID to value 2595650
Academic license 2595650 - for non-commercial use only - registered to zj___@berkeley.edu
Set parameter WLSAccessID
Set parameter WLSSecret
Set parameter LicenseID to value 2595650
Academic license 2595650 - for non-commercial use only - registered to zj___@berkeley.edu
Set parameter WLSAccessID
Set parameter WLSSecret
Set parameter LicenseID to value 2595650
Academic license 2595650 - for non-commercial use only - registered to zj___@berkeley.edu
Set parameter WLSAccessID
Set parameter WLSSecret
Set parameter LicenseID to value 2595650
Academic license 2595650 - for non-commercial use only - registered to zj___@berkeley.edu
Set parameter WLSAccessID
Set parameter WLSSecret
Set parameter LicenseID to value 2595650
Academic license 2595650 - for non-commercial use only - registered to zj___@berkeley.edu
Set parameter WLSAccessID
Set parameter WLSSecret
Set parameter LicenseID to value 2595650
Academic license 2595650 - for non-commercial use only - registered to zj___@berkeley.edu
Set parameter WLSAccessID
Set parameter WLSSecret
Set parameter LicenseID to value 2595650
Academic license 2595650 - for non-commercial use only - registered to zj___@berkeley.edu
Set parameter WLSAccessID
Set parameter WLSSecret
Set parameter LicenseID to value 2595650
Academic license 2595650 - for non-commercial use only - registered to zj___@berkeley.edu
Set parameter WLSAccessID
Set parameter WLSSecret
Set parameter LicenseID to value 2595650
Academic license 2595650 - for non-commercial use only - registered to zj___@berkeley.edu
Set parameter WLSAccessID
Set parameter WLSSecret
Set parameter LicenseID to value 2595650
Academic license 2595650 - for non-commercial use only - registered to zj___@berkeley.edu
Set parameter WLSAccessID
Set parameter WLSSecret
Set parameter LicenseID to value 2595650
Academic license 2595650 - for non-commercial use only - registered to zj___@berkeley.edu
Set parameter WLSAccessID
Set parameter WLSSecret
Set parameter LicenseID to value 2595650
Academic license 2595650 - for non-commercial use only - registered to zj___@berkeley.edu
Set parameter WLSAccessID
Set parameter WLSSecret
Set parameter LicenseID to value 2595650
Academic license 2595650 - for non-commercial use only - registered to zj___@berkeley.edu
Set parameter WLSAccessID
Set parameter WLSSecret
Set parameter LicenseID to value 2595650
Academic license 2595650 - for non-commercial use only - registered to zj___@berkeley.edu
Set parameter WLSAccessID
Set parameter WLSSecret
Set parameter LicenseID to value 2595650
Academic license 2595650 - for non-commercial use only - registered to zj___@berkeley.edu
Set parameter WLSAccessID
Set parameter WLSSecret
Set parameter LicenseID to value 2595650
Academic license 2595650 - for non-commercial use only - registered to zj___@berkeley.edu
Set parameter WLSAccessID
Set parameter WLSSecret
Set parameter LicenseID to value 2595650
Academic license 2595650 - for non-commercial use only - registered to zj___@berkeley.edu
Set parameter WLSAccessID
Set parameter WLSSecret
Set parameter LicenseID to value 2595650
Academic license 2595650 - for non-commercial use only - registered to zj___@berkeley.edu
Set parameter WLSAccessID
Set parameter WLSSecret
Set parameter LicenseID to value 2595650
Academic license 2595650 - for non-commercial use only - registered to zj___@berkeley.edu
Set parameter WLSAccessID
Set parameter WLSSecret
Set parameter LicenseID to value 2595650
Academic license 2595650 - for non-commercial use only - registered to zj___@berkeley.edu
Set parameter WLSAccessID
Set parameter WLSSecret
Set parameter LicenseID to value 2595650
Academic license 2595650 - for non-commercial use only - registered to zj___@berkeley.edu
Set parameter WLSAccessID
Set parameter WLSSecret
Set parameter LicenseID to value 2595650
Academic license 2595650 - for non-commercial use only - registered to zj___@berkeley.edu
Set parameter WLSAccessID
Set parameter WLSSecret
Set parameter LicenseID to value 2595650
Academic license 2595650 - for non-commercial use only - registered to zj___@berkeley.edu
Set parameter WLSAccessID
Set parameter WLSSecret
Set parameter LicenseID to value 2595650
Academic license 2595650 - for non-commercial use only - registered to zj___@berkeley.edu
Set parameter WLSAccessID
Set parameter WLSSecret
Set parameter LicenseID to value 2595650
Academic license 2595650 - for non-commercial use only - registered to zj___@berkeley.edu
Set parameter WLSAccessID
Set parameter WLSSecret
Set parameter LicenseID to value 2595650
Academic license 2595650 - for non-commercial use only - registered to zj___@berkeley.edu
Set parameter WLSAccessID
Set parameter WLSSecret
Set parameter LicenseID to value 2595650
Academic license 2595650 - for non-commercial use only - registered to zj___@berkeley.edu
Set parameter WLSAccessID
Set parameter WLSSecret
Set parameter LicenseID to value 2595650
Academic license 2595650 - for non-commercial use only - registered to zj___@berkeley.edu
Set parameter WLSAccessID
Set parameter WLSSecret
Set parameter LicenseID to value 2595650
Academic license 2595650 - for non-commercial use only - registered to zj___@berkeley.edu
Set parameter WLSAccessID
Set parameter WLSSecret
Set parameter LicenseID to value 2595650
Academic license 2595650 - for non-commercial use only - registered to zj___@berkeley.edu
Set parameter WLSAccessID
Set parameter WLSSecret
Set parameter LicenseID to value 2595650
Academic license 2595650 - for non-commercial use only - registered to zj___@berkeley.edu
Set parameter WLSAccessID
Set parameter WLSSecret
Set parameter LicenseID to value 2595650
Academic license 2595650 - for non-commercial use only - registered to zj___@berkeley.edu
Set parameter WLSAccessID
Set parameter WLSSecret
Set parameter LicenseID to value 2595650
Academic license 2595650 - for non-commercial use only - registered to zj___@berkeley.edu
Set parameter WLSAccessID
Set parameter WLSSecret
Set parameter LicenseID to value 2595650
Academic license 2595650 - for non-commercial use only - registered to zj___@berkeley.edu
Set parameter WLSAccessID
Set parameter WLSSecret
Set parameter LicenseID to value 2595650
Academic license 2595650 - for non-commercial use only - registered to zj___@berkeley.edu
Set parameter WLSAccessID
Set parameter WLSSecret
Set parameter LicenseID to value 2595650
Academic license 2595650 - for non-commercial use only - registered to zj___@berkeley.edu
Set parameter WLSAccessID
Set parameter WLSSecret
Set parameter LicenseID to value 2595650
Academic license 2595650 - for non-commercial use only - registered to zj___@berkeley.edu
Set parameter WLSAccessID
Set parameter WLSSecret
Set parameter LicenseID to value 2595650
Academic license 2595650 - for non-commercial use only - registered to zj___@berkeley.edu
Set parameter WLSAccessID
Set parameter WLSSecret
Set parameter LicenseID to value 2595650
Academic license 2595650 - for non-commercial use only - registered to zj___@berkeley.edu
Set parameter WLSAccessID
Set parameter WLSSecret
Set parameter LicenseID to value 2595650
Academic license 2595650 - for non-commercial use only - registered to zj___@berkeley.edu
Set parameter WLSAccessID
Set parameter WLSSecret
Set parameter LicenseID to value 2595650
Academic license 2595650 - for non-commercial use only - registered to zj___@berkeley.edu
Set parameter WLSAccessID
Set parameter WLSSecret
Set parameter LicenseID to value 2595650
Academic license 2595650 - for non-commercial use only - registered to zj___@berkeley.edu
Set parameter WLSAccessID
Set parameter WLSSecret
Set parameter LicenseID to value 2595650
Academic license 2595650 - for non-commercial use only - registered to zj___@berkeley.edu
Set parameter WLSAccessID
Set parameter WLSSecret
Set parameter LicenseID to value 2595650
Academic license 2595650 - for non-commercial use only - registered to zj___@berkeley.edu
Set parameter WLSAccessID
Set parameter WLSSecret
Set parameter LicenseID to value 2595650
Academic license 2595650 - for non-commercial use only - registered to zj___@berkeley.edu
Set parameter WLSAccessID
Set parameter WLSSecret
Set parameter LicenseID to value 2595650
Academic license 2595650 - for non-commercial use only - registered to zj___@berkeley.edu
Set parameter WLSAccessID
Set parameter WLSSecret
Set parameter LicenseID to value 2595650
Academic license 2595650 - for non-commercial use only - registered to zj___@berkeley.edu
Set parameter WLSAccessID
Set parameter WLSSecret
Set parameter LicenseID to value 2595650
Academic license 2595650 - for non-commercial use only - registered to zj___@berkeley.edu
Set parameter WLSAccessID
Set parameter WLSSecret
Set parameter LicenseID to value 2595650
Academic license 2595650 - for non-commercial use only - registered to zj___@berkeley.edu
Set parameter WLSAccessID
Set parameter WLSSecret
Set parameter LicenseID to value 2595650
Academic license 2595650 - for non-commercial use only - registered to zj___@berkeley.edu
Set parameter WLSAccessID
Set parameter WLSSecret
Set parameter LicenseID to value 2595650
Academic license 2595650 - for non-commercial use only - registered to zj___@berkeley.edu
Set parameter WLSAccessID
Set parameter WLSSecret
Set parameter LicenseID to value 2595650
Academic license 2595650 - for non-commercial use only - registered to zj___@berkeley.edu
Set parameter WLSAccessID
Set parameter WLSSecret
Set parameter LicenseID to value 2595650
Academic license 2595650 - for non-commercial use only - registered to zj___@berkeley.edu
Set parameter WLSAccessID
Set parameter WLSSecret
Set parameter LicenseID to value 2595650
Academic license 2595650 - for non-commercial use only - registered to zj___@berkeley.edu
Set parameter WLSAccessID
Set parameter WLSSecret
Set parameter LicenseID to value 2595650
Academic license 2595650 - for non-commercial use only - registered to zj___@berkeley.edu
Set parameter WLSAccessID
Set parameter WLSSecret
Set parameter LicenseID to value 2595650
Academic license 2595650 - for non-commercial use only - registered to zj___@berkeley.edu
Set parameter WLSAccessID
Set parameter WLSSecret
Set parameter LicenseID to value 2595650
Academic license 2595650 - for non-commercial use only - registered to zj___@berkeley.edu
Set parameter WLSAccessID
Set parameter WLSSecret
Set parameter LicenseID to value 2595650
Academic license 2595650 - for non-commercial use only - registered to zj___@berkeley.edu
Set parameter WLSAccessID
Set parameter WLSSecret
Set parameter LicenseID to value 2595650
Academic license 2595650 - for non-commercial use only - registered to zj___@berkeley.edu
Set parameter WLSAccessID
Set parameter WLSSecret
Set parameter LicenseID to value 2595650
Academic license 2595650 - for non-commercial use only - registered to zj___@berkeley.edu
-------------------------------------------------------------------
         SDDP.jl (c) Oscar Dowson and contributors, 2017-25
-------------------------------------------------------------------
problem
  nodes           : 4
  state variables : 165
  scenarios       : 1.60000e+05
  existing cuts   : false
options
  solver          : serial mode
  risk measure    : SDDP.Expectation()
  sampling scheme : SDDP.InSampleMonteCarlo
subproblem structure
  VariableRef                             : [460, 460]
  AffExpr in MOI.EqualTo{Float64}         : [87, 87]
  AffExpr in MOI.GreaterThan{Float64}     : [57, 57]
  AffExpr in MOI.LessThan{Float64}        : [84, 84]
  VariableRef in MOI.GreaterThan{Float64} : [81, 82]
  VariableRef in MOI.Integer              : [36, 36]
  VariableRef in MOI.LessThan{Float64}    : [61, 61]
  VariableRef in MOI.ZeroOne              : [210, 210]
numerical stability report
  matrix range     [2e-08, 2e+01]
  objective range  [1e+00, 3e+01]
  bounds range     [6e+00, 9e+03]
  rhs range        [1e+00, 2e+01]
WARNING: numerical stability issues detected
  - matrix range contains small coefficients
Very large or small absolute values of coefficients
can cause numerical stability issues. Consider
reformulating the model.
-------------------------------------------------------------------
 iteration    simulation      bound        time (s)     solves  pid
-------------------------------------------------------------------
         1  -1.568251e+02  2.633434e+02  2.868800e-01        84   1
         2  -5.709441e+01  2.194570e+02  4.093020e-01       168   1
         3S  4.163979e+01  1.880320e+02  8.012152e-01       252   1
         4L -6.074019e+01  1.880320e+02  1.606605e+01       336   1
         5   5.951375e+01  1.169249e+02  1.616218e+01       420   1
         6  -2.077509e+02  1.114391e+02  1.626628e+01       504   1
         7   1.394216e+02  1.033150e+02  1.637968e+01       588   1
         8   1.763723e+02  9.837062e+01  1.653771e+01       672   1
         9  -1.920235e+02  8.903626e+01  1.667602e+01       756   1
        10   8.114020e+01  8.542393e+01  1.681214e+01       840   1
        11   6.177354e+01  8.383405e+01  1.696105e+01       924   1
        12   6.116829e+01  8.284254e+01  1.710415e+01      1008   1
        13   2.218498e+02  7.794751e+01  1.728758e+01      1092   1
        14  -1.049239e+02  7.712688e+01  1.744516e+01      1176   1
        15   1.567390e+02  7.557873e+01  1.761518e+01      1260   1
        16  -9.199423e+00  7.497744e+01  1.777919e+01      1344   1
        17  -2.407816e+02  7.407702e+01  1.794183e+01      1428   1
        18   4.348812e+01  7.282776e+01  1.810948e+01      1512   1
        19   1.226714e+02  7.278191e+01  1.827757e+01      1596   1
        20  -1.811197e+02  7.272331e+01  1.845282e+01      1680   1
        21  -9.690842e+01  7.234742e+01  1.861578e+01      1764   1
        22   5.625102e+01  7.150270e+01  1.879475e+01      1848   1
        23   2.885222e+02  7.118673e+01  1.896973e+01      1932   1
        24   1.117881e+02  7.083523e+01  1.913909e+01      2016   1
        25   9.498960e+01  7.080339e+01  1.929716e+01      2100   1
        26  -3.933854e+01  7.004939e+01  1.944087e+01      2184   1
        27   2.481476e+02  6.970405e+01  1.959160e+01      2268   1
        28  -9.714550e+00  6.881176e+01  1.975033e+01      2352   1
        29  -2.822862e+02  6.853211e+01  1.991060e+01      2436   1
        30  -1.692790e+02  6.833744e+01  2.008323e+01      2520   1
        31  -1.201588e+02  6.817862e+01  2.025614e+01      2604   1
        32   9.434449e+01  6.656302e+01  2.042209e+01      2688   1
        33   4.780303e+00  6.591220e+01  2.056569e+01      2772   1
        34  -1.032133e+02  6.480508e+01  2.073498e+01      2856   1
        35   5.651622e+01  6.427714e+01  2.089657e+01      2940   1
        36   2.658884e+01  6.412700e+01  2.107954e+01      3024   1
        37   3.275814e+02  6.321179e+01  2.125430e+01      3108   1
        38   3.001446e+02  6.252483e+01  2.143005e+01      3192   1
        39  -3.499931e+01  6.224155e+01  2.161316e+01      3276   1
        40   2.080063e+02  6.204576e+01  2.180225e+01      3360   1
        41  -5.997478e+01  6.184753e+01  2.198716e+01      3444   1
        42   1.925824e+02  6.142948e+01  2.215510e+01      3528   1
        43   1.340493e+02  6.137976e+01  2.232811e+01      3612   1
        44   1.920000e+02  6.133956e+01  2.249829e+01      3696   1
        45   9.215412e+01  6.067616e+01  2.269229e+01      3780   1
        46   4.279068e+01  6.043178e+01  2.289719e+01      3864   1
        47   9.391540e+01  6.039641e+01  2.309958e+01      3948   1
        48   1.708555e+02  6.026425e+01  2.329788e+01      4032   1
        49   1.328322e+00  6.012273e+01  2.350708e+01      4116   1
        50   3.407554e+02  5.997014e+01  2.372067e+01      4200   1
        51  -2.848946e+02  5.979459e+01  2.395139e+01      4284   1
        52  -8.022376e+01  5.955748e+01  2.417236e+01      4368   1
        53  -8.065042e+00  5.941953e+01  2.440148e+01      4452   1
        54   7.855248e+00  5.935209e+01  2.461995e+01      4536   1
        55  -2.954228e+01  5.921662e+01  2.484962e+01      4620   1
        56  -1.506520e+01  5.914410e+01  2.508731e+01      4704   1
        57   2.016819e+02  5.908983e+01  2.532827e+01      4788   1
        58  -1.482913e+02  5.907490e+01  2.557391e+01      4872   1
        59   2.191056e+02  5.895490e+01  2.581062e+01      4956   1
        60  -7.690758e+01  5.887736e+01  2.605966e+01      5040   1
        61  -2.795591e+02  5.887550e+01  2.630964e+01      5124   1
        62  -1.057800e+01  5.884207e+01  2.656370e+01      5208   1
        63  -1.489338e+02  5.881910e+01  2.681161e+01      5292   1
        64   1.292746e+02  5.870044e+01  2.704190e+01      5376   1
        65  -4.518374e+01  5.852518e+01  2.727605e+01      5460   1
        66  -1.188253e+02  5.839931e+01  2.752004e+01      5544   1
        67   1.362050e+02  5.836392e+01  2.775956e+01      5628   1
        68  -3.172084e+01  5.830328e+01  2.799027e+01      5712   1
        69   2.928762e+02  5.817212e+01  2.823678e+01      5796   1
        70  -7.095736e+01  5.813786e+01  2.850361e+01      5880   1
        71   1.247087e+02  5.806820e+01  2.873202e+01      5964   1
        72   2.342353e+02  5.803469e+01  2.897769e+01      6048   1
        73  -3.402490e+02  5.799595e+01  2.923103e+01      6132   1
        74   8.773457e+01  5.794871e+01  2.948338e+01      6216   1
        75   4.608608e+01  5.789354e+01  2.973788e+01      6300   1
        76   5.409926e+01  5.787596e+01  2.998546e+01      6384   1
        77   1.386615e+02  5.785385e+01  3.021501e+01      6468   1
        78   3.494854e+00  5.777040e+01  3.044762e+01      6552   1
        79   7.877212e+00  5.776181e+01  3.068263e+01      6636   1
        80   1.606481e+01  5.769093e+01  3.094526e+01      6720   1
        81   6.459440e+01  5.762200e+01  3.118364e+01      6804   1
        82  -8.236309e+00  5.744413e+01  3.142400e+01      6888   1
        83   9.235643e+01  5.720562e+01  3.166542e+01      6972   1
        84  -2.126505e+01  5.716447e+01  3.189315e+01      7056   1
        85   3.011538e+02  5.705774e+01  3.212968e+01      7140   1
        86   1.450709e+02  5.682186e+01  3.235585e+01      7224   1
        87  -2.763533e+02  5.679377e+01  3.259213e+01      7308   1
        88   2.040000e+02  5.668267e+01  3.283773e+01      7392   1
        89   9.580661e+01  5.663848e+01  3.309825e+01      7476   1
        90   1.716113e+02  5.659833e+01  3.336814e+01      7560   1
        91   1.900272e+02  5.650068e+01  3.363235e+01      7644   1
        92   8.834385e+01  5.641847e+01  3.389204e+01      7728   1
        93   3.550284e+02  5.639711e+01  3.416297e+01      7812   1
        94  -1.752243e+02  5.637307e+01  3.442960e+01      7896   1
        95  -1.192601e+02  5.617110e+01  3.472188e+01      7980   1
        96   7.522670e+01  5.616814e+01  3.497553e+01      8064   1
        97   1.195075e+02  5.608285e+01  3.523591e+01      8148   1
        98   1.178548e+02  5.603899e+01  3.550711e+01      8232   1
        99   1.453229e+02  5.596062e+01  3.577218e+01      8316   1
       100   6.584026e+01  5.595955e+01  3.604377e+01      8400   1
       101   1.318158e+02  5.586032e+01  3.629689e+01      8484   1
       102   1.122845e+02  5.575928e+01  3.659918e+01      8568   1
       103  -9.975864e+01  5.562626e+01  3.688039e+01      8652   1
       104   3.299821e+01  5.562625e+01  3.714698e+01      8736   1
       105  -5.473942e+01  5.555732e+01  3.741106e+01      8820   1
       106   1.781860e+02  5.553982e+01  3.769133e+01      8904   1
       107   1.481626e+01  5.551383e+01  3.796474e+01      8988   1
       108   2.954435e+02  5.517278e+01  3.825569e+01      9072   1
       109   1.414702e+02  5.511642e+01  3.853046e+01      9156   1
       110  -1.725719e+02  5.508792e+01  3.880217e+01      9240   1
       111  -1.882234e+01  5.508399e+01  3.907630e+01      9324   1
       112  -1.940271e+02  5.493199e+01  3.935514e+01      9408   1
       113   1.851592e+02  5.480234e+01  3.963379e+01      9492   1
       114   2.388228e+02  5.472934e+01  3.991614e+01      9576   1
       115   5.545106e+01  5.468179e+01  4.018612e+01      9660   1
       116  -9.926917e+01  5.465395e+01  4.045700e+01      9744   1
       117   8.485590e+01  5.461012e+01  4.072848e+01      9828   1
       118   1.542664e+02  5.460227e+01  4.100475e+01      9912   1
       119  -3.156044e+00  5.458560e+01  4.128760e+01      9996   1
       120   3.646813e+01  5.458135e+01  4.157059e+01     10080   1
       121   5.701864e+01  5.457907e+01  4.184888e+01     10164   1
       122   1.490947e+02  5.456364e+01  4.211685e+01     10248   1
       123   1.727618e+02  5.456010e+01  4.238927e+01     10332   1
       124   2.246630e+02  5.454654e+01  4.268171e+01     10416   1
       125   1.149857e+02  5.439192e+01  4.296424e+01     10500   1
       126  -3.167477e+01  5.438656e+01  4.323520e+01     10584   1
       127   1.569938e+02  5.435067e+01  4.350861e+01     10668   1
       128  -6.365002e+01  5.435067e+01  4.377871e+01     10752   1
       129S  8.596308e+01  5.432591e+01  4.478322e+01     10836   1
       130S  2.257130e+02  5.432277e+01  4.574327e+01     10920   1
       131  -7.288161e+01  5.432168e+01  4.602392e+01     11004   1
       132   4.076824e+01  5.430742e+01  4.630881e+01     11088   1
       133  -9.597944e+01  5.429364e+01  4.661135e+01     11172   1
       134  -1.748815e+01  5.425923e+01  4.691070e+01     11256   1
       135  -3.172084e+01  5.425669e+01  4.718931e+01     11340   1
       136  -2.722856e+01  5.420887e+01  4.748472e+01     11424   1
       137  -8.478394e+01  5.418112e+01  4.777598e+01     11508   1
       138   6.661862e+00  5.416891e+01  4.807399e+01     11592   1
       139  -5.787758e+01  5.414337e+01  4.836999e+01     11676   1
       140  -2.522647e+02  5.410153e+01  4.866974e+01     11760   1
       141   3.137000e+02  5.409618e+01  4.896546e+01     11844   1
       142  -1.758112e+00  5.398765e+01  4.928327e+01     11928   1
       143   1.120706e+02  5.395748e+01  4.960136e+01     12012   1
       144  -1.802800e+02  5.392846e+01  4.992085e+01     12096   1
       145   8.916600e+01  5.391975e+01  5.023884e+01     12180   1
       146   2.727825e+02  5.389911e+01  5.055175e+01     12264   1
       147  -3.189001e+01  5.387561e+01  5.084825e+01     12348   1
       148   9.098481e+01  5.386756e+01  5.113095e+01     12432   1
       149  -9.322724e+01  5.383473e+01  5.143974e+01     12516   1
       150  -1.730780e+02  5.373677e+01  5.172622e+01     12600   1
       151   6.444889e+01  5.370227e+01  5.202401e+01     12684   1
       152  -2.317635e+01  5.365400e+01  5.232753e+01     12768   1
       153   1.193717e+02  5.365083e+01  5.260448e+01     12852   1
       154   9.344341e+01  5.356236e+01  5.291209e+01     12936   1
       155   9.263301e+01  5.355101e+01  5.321519e+01     13020   1
       156   6.925054e+01  5.349104e+01  5.351560e+01     13104   1
       157   1.576462e+02  5.348156e+01  5.381357e+01     13188   1
       158   6.689849e+00  5.343053e+01  5.411953e+01     13272   1
       159  -1.158142e+02  5.341059e+01  5.442504e+01     13356   1
       160  -2.937330e+02  5.340391e+01  5.474392e+01     13440   1
       161   3.838098e+02  5.330054e+01  5.505895e+01     13524   1
       162   1.764282e+02  5.324117e+01  5.536939e+01     13608   1
       163  -2.679224e+00  5.315786e+01  5.568067e+01     13692   1
       164S  1.039342e+02  5.314612e+01  5.701579e+01     13776   1
       165  -2.277203e+02  5.310221e+01  5.732236e+01     13860   1
       166   4.966251e+01  5.307621e+01  5.765151e+01     13944   1
       167  -7.929801e+01  5.305906e+01  5.796998e+01     14028   1
       168   6.739635e+01  5.304447e+01  5.828530e+01     14112   1
       169  -1.742007e+02  5.300037e+01  5.858051e+01     14196   1
       170  -2.451810e+02  5.297004e+01  5.890361e+01     14280   1
       171   1.223481e+02  5.295846e+01  5.921748e+01     14364   1
       172   1.923523e+02  5.290189e+01  5.953698e+01     14448   1
       173  -2.559742e+02  5.287163e+01  5.984693e+01     14532   1
       174  -7.697248e+01  5.286439e+01  6.015382e+01     14616   1
       175  -1.517421e+02  5.285216e+01  6.048027e+01     14700   1
       176   2.096285e+02  5.281924e+01  6.079141e+01     14784   1
       177   8.196047e+00  5.281826e+01  6.111261e+01     14868   1
       178   3.337668e+01  5.280974e+01  6.143448e+01     14952   1
       179  -7.980354e+01  5.278022e+01  6.173709e+01     15036   1
       180   2.250181e+02  5.276728e+01  6.203637e+01     15120   1
       181   3.425473e+01  5.275266e+01  6.234721e+01     15204   1
       182   1.607320e+02  5.271865e+01  6.265995e+01     15288   1
       183  -5.905647e+01  5.270529e+01  6.297916e+01     15372   1
       184   3.702160e+02  5.270036e+01  6.329539e+01     15456   1
       185   1.643792e+02  5.269928e+01  6.361205e+01     15540   1
       186   1.333183e+02  5.269435e+01  6.391164e+01     15624   1
       187   5.831771e+01  5.261099e+01  6.422341e+01     15708   1
       188   1.787581e+02  5.255147e+01  6.454239e+01     15792   1
       189   1.194912e+02  5.253930e+01  6.485663e+01     15876   1
       190   3.062275e+01  5.250529e+01  6.518293e+01     15960   1
       191  -4.091931e+02  5.250466e+01  6.552472e+01     16044   1
       192  -5.592048e+01  5.247957e+01  6.586310e+01     16128   1
       193   2.253717e+02  5.244147e+01  6.617773e+01     16212   1
       194   7.505417e+01  5.242281e+01  6.659493e+01     16296   1
       195   6.197477e+01  5.240661e+01  6.693535e+01     16380   1
       196   3.433867e+01  5.235580e+01  6.727673e+01     16464   1
       197   1.547624e+02  5.228642e+01  6.764845e+01     16548   1
       198  -7.871604e+01  5.201215e+01  6.799036e+01     16632   1
       199   2.203335e+02  5.201215e+01  6.831989e+01     16716   1
       200S -1.407112e+02  5.190757e+01  6.954457e+01     16800   1
-------------------------------------------------------------------
status         : iteration_limit
total time (s) : 6.954457e+01
total solves   : 16800
best bound     :  5.190757e+01
simulation ci  :  3.702406e+01 ± 2.076090e+01
numeric issues : 0
-------------------------------------------------------------------

────────────────────────────────────────────────────────────────────────────────────
                                           Time                    Allocations      
                                  ───────────────────────   ────────────────────────
        Tot / % measured:              69.6s /  99.9%           3.49GiB /  99.2%    

Section                   ncalls     time    %tot     avg     alloc    %tot      avg
────────────────────────────────────────────────────────────────────────────────────
calculate_bound              200    36.8s   52.9%   184ms    400MiB   11.3%  2.00MiB
  get_dual_solution        4.00k   1.96ms    0.0%   490ns    625KiB    0.0%     160B
backward_pass                200    27.7s   39.8%   139ms   2.99GiB   86.3%  15.3MiB
  solve_subproblem         12.0k    26.3s   37.9%  2.19ms   2.74GiB   79.2%   240KiB
    get_dual_solution      12.0k    17.8s   25.6%  1.48ms   1.40GiB   40.4%   122KiB
  prepare_backward_pass    1.20k    570ms    0.8%   475μs    222MiB    6.3%   189KiB
forward_pass                 200    5.02s    7.2%  25.1ms   86.5MiB    2.4%   443KiB
  solve_subproblem           800    5.00s    7.2%  6.25ms   78.5MiB    2.2%   100KiB
    get_dual_solution        800    382μs    0.0%   477ns    125KiB    0.0%     160B
  sample_scenario            200   2.48ms    0.0%  12.4μs    527KiB    0.0%  2.63KiB
────────────────────────────────────────────────────────────────────────────────────

