──────────────────────────────────────────────────────────────────────
SETTING: n=3, T=4, bikes=12, workers=6
  A0 = [2, 5, 5]  (initial bike distribution — REVERSED vs demand)
  W0 = [0, 3, 3]  (initial workers — mostly at cold nodes)
  λ_i (stage 1) = [6.0, 1.0, 1.0]
  R=20.0  C_p=30.0  p_jk=4.0
  d_ij:
    [0, 1, 1]
    [1, 0, 1]
    [1, 1, 0]
  c_ij:
    [3, 1, 1]
    [1, 3, 1]
    [1, 1, 3]
  Theoretical per-rebalance net benefit ≈ R + C_p − p_jk = 46.0
──────────────────────────────────────────────────────────────────────

EXP-010: K=20, iter_limit=300, stall=30, nsim=300, seed=42
======================================================================
  [int+CCD] training ... Set parameter WLSAccessID
Set parameter WLSSecret
Set parameter LicenseID to value 2595650
Academic license 2595650 - for non-commercial use only - registered to zj___@berkeley.edu
Set parameter WLSAccessID
Set parameter WLSSecret
Set parameter LicenseID to value 2595650
Academic license 2595650 - for non-commercial use only - registered to zj___@berkeley.edu
Set parameter WLSAccessID
Set parameter WLSSecret
Set parameter LicenseID to value 2595650
Academic license 2595650 - for non-commercial use only - registered to zj___@berkeley.edu
Set parameter WLSAccessID
Set parameter WLSSecret
Set parameter LicenseID to value 2595650
Academic license 2595650 - for non-commercial use only - registered to zj___@berkeley.edu
WARNING: numerical stability issues detected
  - matrix range contains small coefficients
Very large or small absolute values of coefficients
can cause numerical stability issues. Consider
reformulating the model.
bound=50.79  μ=42.49  gap=19.5%  81.7s  300 iter  0.272s/iter
  [int+SCD] training ... Set parameter WLSAccessID
Set parameter WLSSecret
Set parameter LicenseID to value 2595650
Academic license 2595650 - for non-commercial use only - registered to zj___@berkeley.edu
Set parameter WLSAccessID
Set parameter WLSSecret
Set parameter LicenseID to value 2595650
Academic license 2595650 - for non-commercial use only - registered to zj___@berkeley.edu
Set parameter WLSAccessID
Set parameter WLSSecret
Set parameter LicenseID to value 2595650
Academic license 2595650 - for non-commercial use only - registered to zj___@berkeley.edu
Set parameter WLSAccessID
Set parameter WLSSecret
Set parameter LicenseID to value 2595650
Academic license 2595650 - for non-commercial use only - registered to zj___@berkeley.edu
WARNING: numerical stability issues detected
  - matrix range contains small coefficients
Very large or small absolute values of coefficients
can cause numerical stability issues. Consider
reformulating the model.
bound=50.2  μ=44.95  gap=11.7%  284.7s  300 iter  0.949s/iter
  [int+LD] training ... Set parameter WLSAccessID
Set parameter WLSSecret
Set parameter LicenseID to value 2595650
Academic license 2595650 - for non-commercial use only - registered to zj___@berkeley.edu
Set parameter WLSAccessID
Set parameter WLSSecret
Set parameter LicenseID to value 2595650
Academic license 2595650 - for non-commercial use only - registered to zj___@berkeley.edu
Set parameter WLSAccessID
Set parameter WLSSecret
Set parameter LicenseID to value 2595650
Academic license 2595650 - for non-commercial use only - registered to zj___@berkeley.edu
Set parameter WLSAccessID
Set parameter WLSSecret
Set parameter LicenseID to value 2595650
Academic license 2595650 - for non-commercial use only - registered to zj___@berkeley.edu
WARNING: numerical stability issues detected
  - matrix range contains small coefficients
Very large or small absolute values of coefficients
can cause numerical stability issues. Consider
reformulating the model.
bound=50.09  μ=36.9  gap=35.7%  703.8s  300 iter  2.346s/iter
  [int+Bandit] training ... Set parameter WLSAccessID
Set parameter WLSSecret
Set parameter LicenseID to value 2595650
Academic license 2595650 - for non-commercial use only - registered to zj___@berkeley.edu
Set parameter WLSAccessID
Set parameter WLSSecret
Set parameter LicenseID to value 2595650
Academic license 2595650 - for non-commercial use only - registered to zj___@berkeley.edu
Set parameter WLSAccessID
Set parameter WLSSecret
Set parameter LicenseID to value 2595650
Academic license 2595650 - for non-commercial use only - registered to zj___@berkeley.edu
Set parameter WLSAccessID
Set parameter WLSSecret
Set parameter LicenseID to value 2595650
Academic license 2595650 - for non-commercial use only - registered to zj___@berkeley.edu
WARNING: numerical stability issues detected
  - matrix range contains small coefficients
Very large or small absolute values of coefficients
can cause numerical stability issues. Consider
reformulating the model.
FAILED: ErrorException("Unable to retrieve solution from node 2.\n\n  Termination status : INFEASIBLE\n  Primal status      : NO_SOLUTION\n  Dual status        : NO_SOLUTION.\n\nThe current subproblem was written to `subproblem_2.mof.json`.\n\nThere are two common causes of this error:\n  1) you have a mistake in your formulation, or you violated\n     the assumption of relatively complete recourse\n  2) the solver encountered numerical issues\n\nSee https://odow.github.io/SDDP.jl/stable/tutorial/warnings/ for more information.")
  [bin+CCD] training ... Set parameter WLSAccessID
Set parameter WLSSecret
Set parameter LicenseID to value 2595650
Academic license 2595650 - for non-commercial use only - registered to zj___@berkeley.edu
Set parameter WLSAccessID
Set parameter WLSSecret
Set parameter LicenseID to value 2595650
Academic license 2595650 - for non-commercial use only - registered to zj___@berkeley.edu
Set parameter WLSAccessID
Set parameter WLSSecret
Set parameter LicenseID to value 2595650
Academic license 2595650 - for non-commercial use only - registered to zj___@berkeley.edu
Set parameter WLSAccessID
Set parameter WLSSecret
Set parameter LicenseID to value 2595650
Academic license 2595650 - for non-commercial use only - registered to zj___@berkeley.edu
WARNING: numerical stability issues detected
  - matrix range contains small coefficients
Very large or small absolute values of coefficients
can cause numerical stability issues. Consider
reformulating the model.
bound=49.95  μ=36.56  gap=36.6%  88.9s  300 iter  0.296s/iter
  [bin+SCD] training ... Set parameter WLSAccessID
Set parameter WLSSecret
Set parameter LicenseID to value 2595650
Academic license 2595650 - for non-commercial use only - registered to zj___@berkeley.edu
Set parameter WLSAccessID
Set parameter WLSSecret
Set parameter LicenseID to value 2595650
Academic license 2595650 - for non-commercial use only - registered to zj___@berkeley.edu
Set parameter WLSAccessID
Set parameter WLSSecret
Set parameter LicenseID to value 2595650
Academic license 2595650 - for non-commercial use only - registered to zj___@berkeley.edu
Set parameter WLSAccessID
Set parameter WLSSecret
Set parameter LicenseID to value 2595650
Academic license 2595650 - for non-commercial use only - registered to zj___@berkeley.edu
WARNING: numerical stability issues detected
  - matrix range contains small coefficients
Very large or small absolute values of coefficients
can cause numerical stability issues. Consider
reformulating the model.
bound=49.72  μ=39.37  gap=26.3%  330.4s  300 iter  1.101s/iter
  [bin+LD] training ... Set parameter WLSAccessID
Set parameter WLSSecret
Set parameter LicenseID to value 2595650
Academic license 2595650 - for non-commercial use only - registered to zj___@berkeley.edu
Set parameter WLSAccessID
Set parameter WLSSecret
Set parameter LicenseID to value 2595650
Academic license 2595650 - for non-commercial use only - registered to zj___@berkeley.edu
Set parameter WLSAccessID
Set parameter WLSSecret
Set parameter LicenseID to value 2595650
Academic license 2595650 - for non-commercial use only - registered to zj___@berkeley.edu
Set parameter WLSAccessID
Set parameter WLSSecret
Set parameter LicenseID to value 2595650
Academic license 2595650 - for non-commercial use only - registered to zj___@berkeley.edu
WARNING: numerical stability issues detected
  - matrix range contains small coefficients
Very large or small absolute values of coefficients
can cause numerical stability issues. Consider
reformulating the model.
bound=49.52  μ=40.15  gap=23.3%  745.8s  300 iter  2.486s/iter
  [bin+Bandit] training ... Set parameter WLSAccessID
Set parameter WLSSecret
Set parameter LicenseID to value 2595650
Academic license 2595650 - for non-commercial use only - registered to zj___@berkeley.edu
Set parameter WLSAccessID
Set parameter WLSSecret
Set parameter LicenseID to value 2595650
Academic license 2595650 - for non-commercial use only - registered to zj___@berkeley.edu
Set parameter WLSAccessID
Set parameter WLSSecret
Set parameter LicenseID to value 2595650
Academic license 2595650 - for non-commercial use only - registered to zj___@berkeley.edu
Set parameter WLSAccessID
Set parameter WLSSecret
Set parameter LicenseID to value 2595650
Academic license 2595650 - for non-commercial use only - registered to zj___@berkeley.edu
WARNING: numerical stability issues detected
  - matrix range contains small coefficients
Very large or small absolute values of coefficients
can cause numerical stability issues. Consider
reformulating the model.
bound=50.36  μ=21.42  gap=135.1%  103.9s  300 iter  0.346s/iter
[ Info: Writing cuts to the file `model_infeasible_node_2.cuts.json`

=====================================================================================
EXP-010 SUMMARY — 全方法对比  (n=3, T=4, K=20, seed=42)
=====================================================================================
Method          bound     sim_μ     gap%    time(s)   n_iter  s/iter
-------------------------------------------------------------------------------------
int+CCD         50.7892   42.4868   19.54   81.74     300     0.2725
int+SCD         50.197    44.9451   11.69   284.75    300     0.9492
int+LD          50.0905   36.9039   35.73   703.83    300     2.3461
int+Bandit      NaN       NaN       NaN     NaN       0       NaN
bin+CCD         49.9482   36.5569   36.63   88.88     300     0.2963
bin+SCD         49.7231   39.3738   26.28   330.38    300     1.1013
bin+LD          49.5186   40.1547   23.32   745.79    300     2.486
bin+Bandit      50.3618   21.4203   135.11  103.87    300     0.3462
=====================================================================================
gap% = (bound − sim_μ) / |sim_μ| × 100  （越小越好）

Results → /Users/jingleizeng/Documents/Documents/UCB/SP26/Lime/SDDiP/experiment/../results/exp_010/exp_010.csv
