Set parameter WLSAccessID
Set parameter WLSSecret
Set parameter LicenseID to value 2595650
Academic license 2595650 - for non-commercial use only - registered to zj___@berkeley.edu
Set parameter WLSAccessID
Set parameter WLSSecret
Set parameter LicenseID to value 2595650
Academic license 2595650 - for non-commercial use only - registered to zj___@berkeley.edu
Set parameter WLSAccessID
Set parameter WLSSecret
Set parameter LicenseID to value 2595650
Academic license 2595650 - for non-commercial use only - registered to zj___@berkeley.edu
Set parameter WLSAccessID
Set parameter WLSSecret
Set parameter LicenseID to value 2595650
Academic license 2595650 - for non-commercial use only - registered to zj___@berkeley.edu
-------------------------------------------------------------------
         SDDP.jl (c) Oscar Dowson and contributors, 2017-25
-------------------------------------------------------------------
problem
  nodes           : 4
  state variables : 272
  scenarios       : 1.60000e+05
  existing cuts   : false
options
  solver          : serial mode
  risk measure    : SDDP.Expectation()
  sampling scheme : SDDP.InSampleMonteCarlo
subproblem structure
  VariableRef                             : [686, 686]
  AffExpr in MOI.EqualTo{Float64}         : [110, 110]
  AffExpr in MOI.GreaterThan{Float64}     : [57, 57]
  AffExpr in MOI.LessThan{Float64}        : [84, 84]
  VariableRef in MOI.GreaterThan{Float64} : [81, 82]
  VariableRef in MOI.Integer              : [36, 36]
  VariableRef in MOI.LessThan{Float64}    : [52, 52]
  VariableRef in MOI.ZeroOne              : [329, 329]
numerical stability report
  matrix range     [6e-03, 1e+02]
  objective range  [1e+00, 5e+01]
  bounds range     [1e+00, 9e+03]
  rhs range        [6e+00, 1e+02]
-------------------------------------------------------------------
 iteration    simulation      bound        time (s)     solves  pid
-------------------------------------------------------------------
         1S -1.550000e+03 -7.809932e+02  3.805032e-01        84   1
         2S -1.500000e+03 -7.809932e+02  7.627070e-01       168   1
         3S -1.200000e+03 -7.809932e+02  1.141462e+00       252   1
         4S -1.900000e+03 -7.809932e+02  1.515959e+00       336   1
         5S -1.300000e+03 -7.809932e+02  1.889892e+00       420   1
         6S -1.650000e+03 -7.809932e+02  2.267396e+00       504   1
         7S -1.300000e+03 -7.809932e+02  2.644177e+00       588   1
         8S -1.900000e+03 -7.809932e+02  3.040823e+00       672   1
         9S -1.300000e+03 -7.809932e+02  3.418285e+00       756   1
        10S -1.450000e+03 -7.809932e+02  3.794603e+00       840   1
        11S -1.600000e+03 -7.809932e+02  4.172231e+00       924   1
        12S -1.650000e+03 -7.809932e+02  4.550296e+00      1008   1
        13S -1.400000e+03 -7.809932e+02  4.930668e+00      1092   1
        14S -1.450000e+03 -7.809932e+02  5.342422e+00      1176   1
        15S -1.200000e+03 -7.809932e+02  5.722709e+00      1260   1
        16S -1.400000e+03 -7.809932e+02  6.110865e+00      1344   1
        17S -1.800000e+03 -7.809932e+02  6.486749e+00      1428   1
        18S -1.600000e+03 -7.809932e+02  6.864817e+00      1512   1
        19S -1.300000e+03 -7.809932e+02  7.242901e+00      1596   1
        20S -1.200000e+03 -7.809932e+02  7.621942e+00      1680   1
        21S -1.550000e+03 -7.809932e+02  7.998587e+00      1764   1
        22S -1.350000e+03 -7.809932e+02  8.376365e+00      1848   1
        23S -1.500000e+03 -7.809932e+02  8.753042e+00      1932   1
        24S -1.450000e+03 -7.809932e+02  9.131470e+00      2016   1
        25S -1.450000e+03 -7.809932e+02  9.507778e+00      2100   1
        26S -1.400000e+03 -7.809932e+02  9.890066e+00      2184   1
        27S -1.300000e+03 -7.809932e+02  1.026820e+01      2268   1
        28S -2.100000e+03 -7.809932e+02  1.064645e+01      2352   1
        29S -1.200000e+03 -7.809932e+02  1.104758e+01      2436   1
        30S -1.600000e+03 -7.809932e+02  1.145010e+01      2520   1
        31S -1.550000e+03 -7.809932e+02  1.209912e+01      2604   1
        32S -1.200000e+03 -7.809932e+02  1.292841e+01      2688   1
        33S -1.250000e+03 -7.809932e+02  1.331995e+01      2772   1
        34S -9.000000e+02 -7.809932e+02  1.373736e+01      2856   1
        35S -1.400000e+03 -7.809932e+02  1.411784e+01      2940   1
        36S -1.100000e+03 -7.809932e+02  1.453612e+01      3024   1
        37S -1.200000e+03 -7.809932e+02  1.492243e+01      3108   1
        38S -2.100000e+03 -7.809932e+02  1.531062e+01      3192   1
        39S -1.400000e+03 -7.809932e+02  1.568748e+01      3276   1
        40S -1.550000e+03 -7.809932e+02  1.607805e+01      3360   1
        41S -1.500000e+03 -7.809932e+02  1.646450e+01      3444   1
        42S -1.150000e+03 -7.809932e+02  1.685018e+01      3528   1
        43S -1.600000e+03 -7.809932e+02  1.723467e+01      3612   1
        44S -1.900000e+03 -7.809932e+02  1.762260e+01      3696   1
        45S -1.150000e+03 -7.809932e+02  1.801364e+01      3780   1
        46S -1.600000e+03 -7.809932e+02  1.839946e+01      3864   1
        47S -1.400000e+03 -7.809932e+02  1.877830e+01      3948   1
        48S -1.400000e+03 -7.809932e+02  1.916453e+01      4032   1
        49S -1.500000e+03 -7.809932e+02  1.954349e+01      4116   1
        50S -1.450000e+03 -7.809932e+02  1.992663e+01      4200   1
        51S -1.550000e+03 -7.809932e+02  2.030673e+01      4284   1
        52S -1.450000e+03 -7.809932e+02  2.068604e+01      4368   1
        53S -1.150000e+03 -7.809932e+02  2.123538e+01      4452   1
        54S -1.400000e+03 -7.809932e+02  2.161730e+01      4536   1
        55S -1.100000e+03 -7.809932e+02  2.200896e+01      4620   1
        56S -1.600000e+03 -7.809932e+02  2.239009e+01      4704   1
        57S -1.500000e+03 -7.809932e+02  2.277181e+01      4788   1
        58S -1.700000e+03 -7.809932e+02  2.316404e+01      4872   1
        59S -1.500000e+03 -7.809932e+02  2.354955e+01      4956   1
        60S -1.250000e+03 -7.809932e+02  2.393310e+01      5040   1
        61S -1.250000e+03 -7.809932e+02  2.431344e+01      5124   1
        62S -1.200000e+03 -7.809932e+02  2.469631e+01      5208   1
        63S -1.200000e+03 -7.809932e+02  2.507413e+01      5292   1
        64S -1.050000e+03 -7.809932e+02  2.546384e+01      5376   1
        65S -1.400000e+03 -7.809932e+02  2.584334e+01      5460   1
        66S -1.500000e+03 -7.809932e+02  2.622543e+01      5544   1
        67S -1.550000e+03 -7.809932e+02  2.660453e+01      5628   1
        68S -1.650000e+03 -7.809932e+02  2.698391e+01      5712   1
        69S -1.200000e+03 -7.809932e+02  2.736790e+01      5796   1
        70S -1.500000e+03 -7.809932e+02  2.774781e+01      5880   1
        71S -1.400000e+03 -7.809932e+02  2.813310e+01      5964   1
        72S -1.750000e+03 -7.809932e+02  2.851276e+01      6048   1
        73S -1.500000e+03 -7.809932e+02  2.889785e+01      6132   1
        74S -1.350000e+03 -7.809932e+02  2.927924e+01      6216   1
        75S -1.300000e+03 -7.809932e+02  2.966454e+01      6300   1
        76S -1.600000e+03 -7.809932e+02  3.004499e+01      6384   1
        77S -1.050000e+03 -7.809932e+02  3.043288e+01      6468   1
        78S -1.200000e+03 -7.809932e+02  3.081629e+01      6552   1
        79S -1.350000e+03 -7.809932e+02  3.120539e+01      6636   1
        80S -1.350000e+03 -7.809932e+02  3.158812e+01      6720   1
        81S -1.300000e+03 -7.809932e+02  3.197453e+01      6804   1
        82S -1.350000e+03 -7.809932e+02  3.235524e+01      6888   1
        83S -1.650000e+03 -7.809932e+02  3.274197e+01      6972   1
        84S -1.750000e+03 -7.809932e+02  3.312718e+01      7056   1
        85S -1.300000e+03 -7.809932e+02  3.351350e+01      7140   1
        86S -1.550000e+03 -7.809932e+02  3.389832e+01      7224   1
        87S -1.450000e+03 -7.809932e+02  3.427985e+01      7308   1
        88S -1.450000e+03 -7.809932e+02  3.466648e+01      7392   1
        89S -1.300000e+03 -7.809932e+02  3.504822e+01      7476   1
        90S -1.500000e+03 -7.809932e+02  3.543550e+01      7560   1
        91S -1.850000e+03 -7.809932e+02  3.581826e+01      7644   1
        92S -1.000000e+03 -7.809932e+02  3.620908e+01      7728   1
        93S -1.550000e+03 -7.809932e+02  3.659122e+01      7812   1
        94S -1.650000e+03 -7.809932e+02  3.697912e+01      7896   1
        95S -1.300000e+03 -7.809932e+02  3.736699e+01      7980   1
        96S -1.500000e+03 -7.809932e+02  3.776095e+01      8064   1
        97S -1.550000e+03 -7.809932e+02  3.814948e+01      8148   1
        98S -1.200000e+03 -7.809932e+02  3.853414e+01      8232   1
        99S -1.350000e+03 -7.809932e+02  3.892203e+01      8316   1
       100S -1.450000e+03 -7.809932e+02  3.930546e+01      8400   1
       101S -1.400000e+03 -7.809932e+02  3.969311e+01      8484   1
       102S -1.300000e+03 -7.809932e+02  4.008023e+01      8568   1
       103S -1.550000e+03 -7.809932e+02  4.046521e+01      8652   1
       104S -1.450000e+03 -7.809932e+02  4.085534e+01      8736   1
       105S -1.450000e+03 -7.809932e+02  4.123871e+01      8820   1
       106S -1.500000e+03 -7.809932e+02  4.162669e+01      8904   1
       107S -1.650000e+03 -7.809932e+02  4.201357e+01      8988   1
       108S -1.900000e+03 -7.809932e+02  4.239951e+01      9072   1
       109S -1.600000e+03 -7.809932e+02  4.279136e+01      9156   1
       110S -1.250000e+03 -7.809932e+02  4.317872e+01      9240   1
       111S -1.650000e+03 -7.809932e+02  4.356721e+01      9324   1
       112S -1.100000e+03 -7.809932e+02  4.395608e+01      9408   1
       113S -1.400000e+03 -7.809932e+02  4.434058e+01      9492   1
       114S -1.500000e+03 -7.809932e+02  4.473067e+01      9576   1
       115S -1.450000e+03 -7.809932e+02  4.512103e+01      9660   1
       116S -1.200000e+03 -7.809932e+02  4.550479e+01      9744   1
       117S -1.450000e+03 -7.809932e+02  4.589454e+01      9828   1
       118S -1.500000e+03 -7.809932e+02  4.630409e+01      9912   1
       119S -1.800000e+03 -7.809932e+02  4.669173e+01      9996   1
       120S -1.250000e+03 -7.809932e+02  4.720035e+01     10080   1
       121S -1.250000e+03 -7.809932e+02  4.759233e+01     10164   1
       122S -1.750000e+03 -7.809932e+02  4.797919e+01     10248   1
       123S -1.200000e+03 -7.809932e+02  4.837227e+01     10332   1
       124S -1.450000e+03 -7.809932e+02  4.876248e+01     10416   1
       125S -1.400000e+03 -7.809932e+02  4.915040e+01     10500   1
       126S -1.200000e+03 -7.809932e+02  4.954117e+01     10584   1
       127S -1.650000e+03 -7.809932e+02  4.993373e+01     10668   1
       128S -1.300000e+03 -7.809932e+02  5.032467e+01     10752   1
       129S -1.200000e+03 -7.809932e+02  5.071180e+01     10836   1
       130S -1.550000e+03 -7.809932e+02  5.110421e+01     10920   1
       131S -1.650000e+03 -7.809932e+02  5.149443e+01     11004   1
       132S -1.550000e+03 -7.809932e+02  5.188266e+01     11088   1
       133S -1.300000e+03 -7.809932e+02  5.227727e+01     11172   1
       134S -1.200000e+03 -7.809932e+02  5.266893e+01     11256   1
       135S -1.200000e+03 -7.809932e+02  5.306076e+01     11340   1
       136S -1.400000e+03 -7.809932e+02  5.345007e+01     11424   1
       137S -1.050000e+03 -7.809932e+02  5.384223e+01     11508   1
       138S -1.450000e+03 -7.809932e+02  5.423891e+01     11592   1
       139S -1.200000e+03 -7.809932e+02  5.462941e+01     11676   1
       140S -1.550000e+03 -7.809932e+02  5.501836e+01     11760   1
       141S -1.200000e+03 -7.809932e+02  5.541306e+01     11844   1
       142S -1.650000e+03 -7.809932e+02  5.580591e+01     11928   1
       143S -1.350000e+03 -7.809932e+02  5.619914e+01     12012   1
       144S -1.550000e+03 -7.809932e+02  5.659098e+01     12096   1
       145S -1.400000e+03 -7.809932e+02  5.704628e+01     12180   1
       146S -1.350000e+03 -7.809932e+02  5.761454e+01     12264   1
       147S -1.200000e+03 -7.809932e+02  5.800342e+01     12348   1
       148S -1.850000e+03 -7.809932e+02  5.839433e+01     12432   1
       149S -1.800000e+03 -7.809932e+02  5.880118e+01     12516   1
       150S -1.400000e+03 -7.809932e+02  5.918820e+01     12600   1
       151S -1.450000e+03 -7.809932e+02  5.958174e+01     12684   1
       152S -1.600000e+03 -7.809932e+02  5.997608e+01     12768   1
       153S -1.550000e+03 -7.809932e+02  6.036954e+01     12852   1
       154S -1.500000e+03 -7.809932e+02  6.076110e+01     12936   1
       155S -1.450000e+03 -7.809932e+02  6.115783e+01     13020   1
       156S -1.450000e+03 -7.809932e+02  6.155166e+01     13104   1
       157S -1.350000e+03 -7.809932e+02  6.194783e+01     13188   1
       158S -1.750000e+03 -7.809932e+02  6.234505e+01     13272   1
       159S -1.200000e+03 -7.809932e+02  6.274162e+01     13356   1
       160S -1.650000e+03 -7.809932e+02  6.313670e+01     13440   1
       161S -1.450000e+03 -7.809932e+02  6.353356e+01     13524   1
       162S -1.550000e+03 -7.809932e+02  6.392911e+01     13608   1
       163S -1.900000e+03 -7.809932e+02  6.432729e+01     13692   1
       164S -1.250000e+03 -7.809932e+02  6.479658e+01     13776   1
       165S -1.300000e+03 -7.809932e+02  6.520045e+01     13860   1
       166S -1.950000e+03 -7.809932e+02  6.561531e+01     13944   1
       167S -1.500000e+03 -7.809932e+02  6.603074e+01     14028   1
       168S -1.650000e+03 -7.809932e+02  6.646769e+01     14112   1
       169S -1.500000e+03 -7.809932e+02  6.687492e+01     14196   1
       170S -1.050000e+03 -7.809932e+02  6.732076e+01     14280   1
       171S -1.550000e+03 -7.809932e+02  6.773750e+01     14364   1
       172S -1.400000e+03 -7.809932e+02  6.816549e+01     14448   1
       173S -1.050000e+03 -7.809932e+02  6.863372e+01     14532   1
       174S -1.700000e+03 -7.809932e+02  6.906992e+01     14616   1
       175S -1.300000e+03 -7.809932e+02  6.949143e+01     14700   1
       176S -1.400000e+03 -7.809932e+02  6.991121e+01     14784   1
       177S -1.600000e+03 -7.809932e+02  7.033037e+01     14868   1
       178S -2.100000e+03 -7.809932e+02  7.074193e+01     14952   1
       179S -1.100000e+03 -7.809932e+02  7.123437e+01     15036   1
       180S -1.250000e+03 -7.809932e+02  7.167244e+01     15120   1
       181S -1.250000e+03 -7.809932e+02  7.211047e+01     15204   1
       182S -1.200000e+03 -7.809932e+02  7.253049e+01     15288   1
       183S -1.100000e+03 -7.809932e+02  7.295487e+01     15372   1
       184S -1.350000e+03 -7.809932e+02  7.337437e+01     15456   1
       185S -1.650000e+03 -7.809932e+02  7.383554e+01     15540   1
       186S -1.100000e+03 -7.809932e+02  7.425678e+01     15624   1
       187S -1.450000e+03 -7.809932e+02  7.466326e+01     15708   1
       188S -1.200000e+03 -7.809932e+02  7.507290e+01     15792   1
       189S -1.500000e+03 -7.809932e+02  7.547423e+01     15876   1
       190S -1.100000e+03 -7.809932e+02  7.587494e+01     15960   1
       191S -1.300000e+03 -7.809932e+02  7.628112e+01     16044   1
       192S -1.650000e+03 -7.809932e+02  7.668224e+01     16128   1
       193S -1.700000e+03 -7.809932e+02  7.709359e+01     16212   1
       194S -1.200000e+03 -7.809932e+02  7.749712e+01     16296   1
       195S -1.450000e+03 -7.809932e+02  7.790526e+01     16380   1
       196S -1.500000e+03 -7.809932e+02  7.830832e+01     16464   1
       197S -1.300000e+03 -7.809932e+02  7.870907e+01     16548   1
       198S -1.050000e+03 -7.809932e+02  7.911428e+01     16632   1
       199S -1.600000e+03 -7.809932e+02  7.952060e+01     16716   1
       200S -1.550000e+03 -7.809932e+02  7.992252e+01     16800   1
       201S -1.250000e+03 -7.809932e+02  8.032500e+01     16884   1
       202S -1.250000e+03 -7.809932e+02  8.072831e+01     16968   1
       203S -1.650000e+03 -7.809932e+02  8.113274e+01     17052   1
       204S -1.050000e+03 -7.809932e+02  8.154917e+01     17136   1
       205S -1.550000e+03 -7.809932e+02  8.195258e+01     17220   1
       206S -1.600000e+03 -7.809932e+02  8.235732e+01     17304   1
       207S -1.250000e+03 -7.809932e+02  8.276573e+01     17388   1
       208S -1.600000e+03 -7.809932e+02  8.317106e+01     17472   1
       209S -1.700000e+03 -7.809932e+02  8.357830e+01     17556   1
       210S -1.600000e+03 -7.809932e+02  8.398370e+01     17640   1
       211S -1.500000e+03 -7.809932e+02  8.438863e+01     17724   1
       212S -1.150000e+03 -7.809932e+02  8.479818e+01     17808   1
       213S -1.750000e+03 -7.809932e+02  8.520151e+01     17892   1
       214S -1.500000e+03 -7.809932e+02  8.561122e+01     17976   1
       215S -1.350000e+03 -7.809932e+02  8.601700e+01     18060   1
       216S -1.350000e+03 -7.809932e+02  8.642463e+01     18144   1
       217S -9.000000e+02 -7.809932e+02  8.683526e+01     18228   1
       218S -1.550000e+03 -7.809932e+02  8.723941e+01     18312   1
       219S -1.600000e+03 -7.809932e+02  8.764397e+01     18396   1
       220S -1.600000e+03 -7.809932e+02  8.804934e+01     18480   1
       221S -1.600000e+03 -7.809932e+02  8.893756e+01     18564   1
       222S -1.350000e+03 -7.809932e+02  8.933782e+01     18648   1
       223S -1.700000e+03 -7.809932e+02  8.973768e+01     18732   1
       224S -1.300000e+03 -7.809932e+02  9.015430e+01     18816   1
       225S -1.350000e+03 -7.809932e+02  9.055960e+01     18900   1
       226S -1.250000e+03 -7.809932e+02  9.095952e+01     18984   1
       227S -1.500000e+03 -7.809932e+02  9.137144e+01     19068   1
       228S -1.450000e+03 -7.809932e+02  9.177844e+01     19152   1
       229S -1.300000e+03 -7.809932e+02  9.218426e+01     19236   1
       230S -1.800000e+03 -7.809932e+02  9.259022e+01     19320   1
       231S -1.600000e+03 -7.809932e+02  9.302699e+01     19404   1
       232S -1.550000e+03 -7.809932e+02  9.343682e+01     19488   1
       233S -1.500000e+03 -7.809932e+02  9.384599e+01     19572   1
       234S -1.050000e+03 -7.809932e+02  9.425334e+01     19656   1
       235S -1.250000e+03 -7.809932e+02  9.466269e+01     19740   1
       236S -1.650000e+03 -7.809932e+02  9.507073e+01     19824   1
       237S -1.750000e+03 -7.809932e+02  9.548136e+01     19908   1
       238S -1.800000e+03 -7.809932e+02  9.588929e+01     19992   1
       239S -1.400000e+03 -7.809932e+02  9.630163e+01     20076   1
       240S -1.100000e+03 -7.809932e+02  9.671079e+01     20160   1
       241S -1.150000e+03 -7.809932e+02  9.712285e+01     20244   1
       242S -1.300000e+03 -7.809932e+02  9.753075e+01     20328   1
       243S -1.250000e+03 -7.809932e+02  9.794419e+01     20412   1
       244S -1.800000e+03 -7.809932e+02  9.835357e+01     20496   1
       245S -1.600000e+03 -7.809932e+02  9.876550e+01     20580   1
       246S -1.400000e+03 -7.809932e+02  9.917752e+01     20664   1
       247S -1.250000e+03 -7.809932e+02  9.960172e+01     20748   1
       248S -1.800000e+03 -7.809932e+02  1.000154e+02     20832   1
       249S -1.300000e+03 -7.809932e+02  1.004303e+02     20916   1
       250S -1.600000e+03 -7.809932e+02  1.008443e+02     21000   1
       251S -1.350000e+03 -7.809932e+02  1.012626e+02     21084   1
       252S -1.750000e+03 -7.809932e+02  1.017123e+02     21168   1
       253S -1.650000e+03 -7.809932e+02  1.021298e+02     21252   1
       254S -1.600000e+03 -7.809932e+02  1.025409e+02     21336   1
       255S -1.450000e+03 -7.809932e+02  1.029572e+02     21420   1
       256S -1.450000e+03 -7.809932e+02  1.033694e+02     21504   1
       257S -1.450000e+03 -7.809932e+02  1.037830e+02     21588   1
       258S -1.700000e+03 -7.809932e+02  1.041944e+02     21672   1
       259S -1.250000e+03 -7.809932e+02  1.046097e+02     21756   1
       260S -1.400000e+03 -7.809932e+02  1.050236e+02     21840   1
       261S -1.400000e+03 -7.809932e+02  1.054378e+02     21924   1
       262S -1.250000e+03 -7.809932e+02  1.058495e+02     22008   1
       263S -1.700000e+03 -7.809932e+02  1.062638e+02     22092   1
       264S -1.350000e+03 -7.809932e+02  1.066769e+02     22176   1
       265S -1.550000e+03 -7.809932e+02  1.070933e+02     22260   1
       266S -1.600000e+03 -7.809932e+02  1.075077e+02     22344   1
       267S -1.850000e+03 -7.809932e+02  1.079234e+02     22428   1
       268S -1.300000e+03 -7.809932e+02  1.083372e+02     22512   1
       269S -1.600000e+03 -7.809932e+02  1.087534e+02     22596   1
       270S -1.400000e+03 -7.809932e+02  1.091658e+02     22680   1
       271S -1.200000e+03 -7.809932e+02  1.095824e+02     22764   1
       272S -1.700000e+03 -7.809932e+02  1.099964e+02     22848   1
       273S -1.400000e+03 -7.809932e+02  1.104134e+02     22932   1
       274S -2.100000e+03 -7.809932e+02  1.108307e+02     23016   1
       275S -1.500000e+03 -7.809932e+02  1.114442e+02     23100   1
       276S -1.800000e+03 -7.809932e+02  1.118552e+02     23184   1
       277S -1.300000e+03 -7.809932e+02  1.122664e+02     23268   1
       278S -1.400000e+03 -7.809932e+02  1.126896e+02     23352   1
       279S -1.450000e+03 -7.809932e+02  1.131059e+02     23436   1
       280S -1.600000e+03 -7.809932e+02  1.135207e+02     23520   1
       281S -1.350000e+03 -7.809932e+02  1.139347e+02     23604   1
       282S -1.100000e+03 -7.809932e+02  1.143540e+02     23688   1
       283S -1.400000e+03 -7.809932e+02  1.147738e+02     23772   1
       284S -1.250000e+03 -7.809932e+02  1.151911e+02     23856   1
       285S -1.600000e+03 -7.809932e+02  1.156079e+02     23940   1
       286S -1.200000e+03 -7.809932e+02  1.160259e+02     24024   1
       287S -1.650000e+03 -7.809932e+02  1.164441e+02     24108   1
       288S -1.400000e+03 -7.809932e+02  1.168650e+02     24192   1
       289S -1.850000e+03 -7.809932e+02  1.172862e+02     24276   1
       290S -1.500000e+03 -7.809932e+02  1.177051e+02     24360   1
       291S -1.450000e+03 -7.809932e+02  1.181245e+02     24444   1
       292S -1.450000e+03 -7.809932e+02  1.185443e+02     24528   1
       293S -1.600000e+03 -7.809932e+02  1.189665e+02     24612   1
       294S -1.400000e+03 -7.809932e+02  1.193867e+02     24696   1
       295S -1.250000e+03 -7.809932e+02  1.198066e+02     24780   1
       296S -1.850000e+03 -7.809932e+02  1.202276e+02     24864   1
       297S -1.200000e+03 -7.809932e+02  1.206477e+02     24948   1
       298S -1.300000e+03 -7.809932e+02  1.210701e+02     25032   1
       299S -1.150000e+03 -7.809932e+02  1.214914e+02     25116   1
       300S -1.600000e+03 -7.809932e+02  1.219140e+02     25200   1
-------------------------------------------------------------------
status         : iteration_limit
total time (s) : 1.219140e+02
total solves   : 25200
best bound     : -7.809932e+02
simulation ci  : -1.444000e+03 ± 2.488468e+01
numeric issues : 0
-------------------------------------------------------------------

────────────────────────────────────────────────────────────────────────────────────
                                           Time                    Allocations      
                                  ───────────────────────   ────────────────────────
        Tot / % measured:               122s /  99.9%           28.7GiB /  99.9%    

Section                   ncalls     time    %tot     avg     alloc    %tot      avg
────────────────────────────────────────────────────────────────────────────────────
backward_pass                300     110s   90.3%   367ms   27.5GiB   96.0%  93.9MiB
  solve_subproblem         18.0k     103s   84.2%  5.70ms   19.2GiB   67.1%  1.09MiB
    get_dual_solution      18.0k    65.4s   53.7%  3.64ms   16.4GiB   57.2%   956KiB
  prepare_backward_pass    1.80k   1.46ms    0.0%   811ns    169KiB    0.0%    96.0B
calculate_bound              300    9.58s    7.9%  31.9ms   0.94GiB    3.3%  3.21MiB
  get_dual_solution        6.00k   2.59ms    0.0%   431ns    938KiB    0.0%     160B
forward_pass                 300    2.27s    1.9%  7.55ms    224MiB    0.8%   763KiB
  solve_subproblem         1.20k    2.24s    1.8%  1.87ms    197MiB    0.7%   168KiB
    get_dual_solution      1.20k    506μs    0.0%   422ns    188KiB    0.0%     160B
  sample_scenario            300   4.11ms    0.0%  13.7μs    795KiB    0.0%  2.65KiB
────────────────────────────────────────────────────────────────────────────────────

