Set parameter WLSAccessID
Set parameter WLSSecret
Set parameter LicenseID to value 2595650
Academic license 2595650 - for non-commercial use only - registered to zj___@berkeley.edu
Set parameter WLSAccessID
Set parameter WLSSecret
Set parameter LicenseID to value 2595650
Academic license 2595650 - for non-commercial use only - registered to zj___@berkeley.edu
Set parameter WLSAccessID
Set parameter WLSSecret
Set parameter LicenseID to value 2595650
Academic license 2595650 - for non-commercial use only - registered to zj___@berkeley.edu
Set parameter WLSAccessID
Set parameter WLSSecret
Set parameter LicenseID to value 2595650
Academic license 2595650 - for non-commercial use only - registered to zj___@berkeley.edu
-------------------------------------------------------------------
         SDDP.jl (c) Oscar Dowson and contributors, 2017-25
-------------------------------------------------------------------
problem
  nodes           : 4
  state variables : 272
  scenarios       : 1.60000e+05
  existing cuts   : false
options
  solver          : serial mode
  risk measure    : SDDP.Expectation()
  sampling scheme : SDDP.InSampleMonteCarlo
subproblem structure
  VariableRef                             : [686, 686]
  AffExpr in MOI.EqualTo{Float64}         : [110, 110]
  AffExpr in MOI.GreaterThan{Float64}     : [57, 57]
  AffExpr in MOI.LessThan{Float64}        : [84, 84]
  VariableRef in MOI.GreaterThan{Float64} : [81, 82]
  VariableRef in MOI.Integer              : [36, 36]
  VariableRef in MOI.LessThan{Float64}    : [52, 52]
  VariableRef in MOI.ZeroOne              : [329, 329]
numerical stability report
  matrix range     [6e-03, 1e+02]
  objective range  [1e+00, 5e+01]
  bounds range     [1e+00, 9e+03]
  rhs range        [6e+00, 1e+02]
-------------------------------------------------------------------
 iteration    simulation      bound        time (s)     solves  pid
-------------------------------------------------------------------
         1  -1.700000e+03 -1.840480e+02  1.071968e-01        84   1
         2  -1.500000e+03 -1.840480e+02  1.948638e-01       168   1
         3  -1.850000e+03 -1.840480e+02  2.944238e-01       252   1
         4  -1.200000e+03 -1.840480e+02  3.812828e-01       336   1
         5  -1.050000e+03 -1.840480e+02  4.687469e-01       420   1
         6  -1.450000e+03 -1.840480e+02  5.557609e-01       504   1
         7  -1.300000e+03 -1.840480e+02  6.519048e-01       588   1
         8  -1.800000e+03 -1.840480e+02  7.389688e-01       672   1
         9  -1.350000e+03 -1.840480e+02  8.274069e-01       756   1
        10  -1.450000e+03 -1.840480e+02  9.203980e-01       840   1
        11  -1.400000e+03 -1.840480e+02  1.008812e+00       924   1
        12  -1.400000e+03 -1.840480e+02  1.097264e+00      1008   1
        13  -1.200000e+03 -1.840480e+02  1.189085e+00      1092   1
        14  -1.600000e+03 -1.840480e+02  1.277565e+00      1176   1
        15  -1.700000e+03 -1.840480e+02  1.369942e+00      1260   1
        16  -1.350000e+03 -1.840480e+02  1.458046e+00      1344   1
        17  -1.250000e+03 -1.840480e+02  1.551763e+00      1428   1
        18  -1.400000e+03 -1.840480e+02  1.640018e+00      1512   1
        19  -1.500000e+03 -1.840480e+02  1.734331e+00      1596   1
        20  -1.400000e+03 -1.840480e+02  1.822786e+00      1680   1
        21  -1.300000e+03 -1.840480e+02  1.911767e+00      1764   1
        22  -1.700000e+03 -1.840480e+02  2.004293e+00      1848   1
        23  -1.650000e+03 -1.840480e+02  2.093967e+00      1932   1
        24  -1.800000e+03 -1.840480e+02  2.187225e+00      2016   1
        25  -1.150000e+03 -1.840480e+02  2.276486e+00      2100   1
        26  -1.500000e+03 -1.840480e+02  2.369993e+00      2184   1
        27  -1.300000e+03 -1.840480e+02  2.460255e+00      2268   1
        28  -1.500000e+03 -1.840480e+02  2.552786e+00      2352   1
        29  -1.250000e+03 -1.840480e+02  2.642682e+00      2436   1
        30  -1.750000e+03 -1.840480e+02  2.735926e+00      2520   1
        31  -1.050000e+03 -1.840480e+02  2.825567e+00      2604   1
        32  -1.300000e+03 -1.840480e+02  2.921118e+00      2688   1
        33  -1.300000e+03 -1.840480e+02  3.012446e+00      2772   1
        34  -1.400000e+03 -1.840480e+02  3.105881e+00      2856   1
        35  -1.700000e+03 -1.840480e+02  3.196939e+00      2940   1
        36  -1.300000e+03 -1.840480e+02  3.290645e+00      3024   1
        37  -1.250000e+03 -1.840480e+02  3.384980e+00      3108   1
        38  -1.700000e+03 -1.840480e+02  3.475191e+00      3192   1
        39  -1.500000e+03 -1.840480e+02  3.569197e+00      3276   1
        40  -1.250000e+03 -1.840480e+02  3.661055e+00      3360   1
        41  -1.550000e+03 -1.840480e+02  3.759339e+00      3444   1
        42  -1.700000e+03 -1.840480e+02  3.851284e+00      3528   1
        43  -1.300000e+03 -1.840480e+02  3.979677e+00      3612   1
        44  -1.250000e+03 -1.840480e+02  4.075289e+00      3696   1
        45  -1.350000e+03 -1.840480e+02  4.171583e+00      3780   1
        46  -1.600000e+03 -1.840480e+02  4.282257e+00      3864   1
        47  -1.300000e+03 -1.840480e+02  4.374989e+00      3948   1
        48  -1.600000e+03 -1.840480e+02  4.472212e+00      4032   1
        49  -1.550000e+03 -1.840480e+02  4.568563e+00      4116   1
        50  -1.750000e+03 -1.840480e+02  4.661573e+00      4200   1
        51  -1.400000e+03 -1.840480e+02  4.756686e+00      4284   1
        52  -1.200000e+03 -1.840480e+02  4.848670e+00      4368   1
        53  -1.500000e+03 -1.840480e+02  4.945479e+00      4452   1
        54  -1.000000e+03 -1.840480e+02  5.041484e+00      4536   1
        55  -1.850000e+03 -1.840480e+02  5.134208e+00      4620   1
        56  -1.200000e+03 -1.840480e+02  5.230419e+00      4704   1
        57  -1.200000e+03 -1.840480e+02  5.369873e+00      4788   1
        58  -1.600000e+03 -1.840480e+02  5.462970e+00      4872   1
        59  -1.200000e+03 -1.840480e+02  5.928590e+00      4956   1
        60  -1.200000e+03 -1.840480e+02  6.022303e+00      5040   1
        61  -1.400000e+03 -1.840480e+02  6.116170e+00      5124   1
        62  -1.200000e+03 -1.840480e+02  6.223989e+00      5208   1
        63  -1.700000e+03 -1.840480e+02  6.326448e+00      5292   1
        64  -1.400000e+03 -1.840480e+02  6.422353e+00      5376   1
        65  -1.350000e+03 -1.840480e+02  6.520712e+00      5460   1
        66  -1.350000e+03 -1.840480e+02  6.616467e+00      5544   1
        67  -1.450000e+03 -1.840480e+02  6.714094e+00      5628   1
        68  -1.600000e+03 -1.840480e+02  6.810360e+00      5712   1
        69  -1.400000e+03 -1.840480e+02  6.929319e+00      5796   1
        70  -1.400000e+03 -1.840480e+02  7.023517e+00      5880   1
        71  -1.500000e+03 -1.840480e+02  7.118864e+00      5964   1
        72  -1.200000e+03 -1.840480e+02  7.213609e+00      6048   1
        73  -1.450000e+03 -1.840480e+02  7.316500e+00      6132   1
        74  -1.050000e+03 -1.840480e+02  7.411149e+00      6216   1
        75  -1.800000e+03 -1.840480e+02  7.506337e+00      6300   1
        76  -1.200000e+03 -1.840480e+02  7.606965e+00      6384   1
        77  -1.150000e+03 -1.840480e+02  7.701837e+00      6468   1
        78  -1.300000e+03 -1.840480e+02  7.802048e+00      6552   1
        79  -1.550000e+03 -1.840480e+02  7.897139e+00      6636   1
        80  -1.600000e+03 -1.840480e+02  7.997360e+00      6720   1
        81  -1.300000e+03 -1.840480e+02  8.092519e+00      6804   1
        82  -1.350000e+03 -1.840480e+02  8.192058e+00      6888   1
        83  -1.800000e+03 -1.840480e+02  8.290782e+00      6972   1
        84  -1.150000e+03 -1.840480e+02  8.386337e+00      7056   1
        85  -1.150000e+03 -1.840480e+02  8.486351e+00      7140   1
        86  -1.250000e+03 -1.840480e+02  8.586883e+00      7224   1
        87  -1.600000e+03 -1.840480e+02  8.686544e+00      7308   1
        88  -1.200000e+03 -1.840480e+02  8.786975e+00      7392   1
        89  -1.950000e+03 -1.840480e+02  8.886846e+00      7476   1
        90  -1.450000e+03 -1.840480e+02  8.986588e+00      7560   1
        91  -1.650000e+03 -1.840480e+02  9.086505e+00      7644   1
        92  -1.350000e+03 -1.840480e+02  9.183727e+00      7728   1
        93  -1.250000e+03 -1.840480e+02  9.284020e+00      7812   1
        94  -1.350000e+03 -1.840480e+02  9.384836e+00      7896   1
        95  -1.700000e+03 -1.840480e+02  9.485030e+00      7980   1
        96  -1.300000e+03 -1.840480e+02  9.585766e+00      8064   1
        97  -1.400000e+03 -1.840480e+02  9.686869e+00      8148   1
        98  -1.450000e+03 -1.840480e+02  9.787653e+00      8232   1
        99  -1.050000e+03 -1.840480e+02  9.888465e+00      8316   1
       100  -1.550000e+03 -1.840480e+02  9.989796e+00      8400   1
       101  -1.950000e+03 -1.840480e+02  1.009261e+01      8484   1
       102  -1.500000e+03 -1.840480e+02  1.019365e+01      8568   1
       103  -1.000000e+03 -1.840480e+02  1.029481e+01      8652   1
       104  -1.250000e+03 -1.840480e+02  1.039604e+01      8736   1
       105  -1.200000e+03 -1.840480e+02  1.049747e+01      8820   1
       106  -1.300000e+03 -1.840480e+02  1.059975e+01      8904   1
       107  -1.600000e+03 -1.840480e+02  1.070192e+01      8988   1
       108  -1.350000e+03 -1.840480e+02  1.080372e+01      9072   1
       109  -1.750000e+03 -1.840480e+02  1.090598e+01      9156   1
       110  -1.850000e+03 -1.840480e+02  1.100854e+01      9240   1
       111  -1.450000e+03 -1.840480e+02  1.111074e+01      9324   1
       112  -1.850000e+03 -1.840480e+02  1.121329e+01      9408   1
       113  -1.850000e+03 -1.840480e+02  1.131562e+01      9492   1
       114  -1.400000e+03 -1.840480e+02  1.141969e+01      9576   1
       115  -1.150000e+03 -1.840480e+02  1.152358e+01      9660   1
       116  -1.750000e+03 -1.840480e+02  1.162840e+01      9744   1
       117  -1.350000e+03 -1.840480e+02  1.173279e+01      9828   1
       118  -1.300000e+03 -1.840480e+02  1.183727e+01      9912   1
       119  -1.100000e+03 -1.840480e+02  1.194167e+01      9996   1
       120  -1.600000e+03 -1.840480e+02  1.204612e+01     10080   1
       121  -1.500000e+03 -1.840480e+02  1.215026e+01     10164   1
       122  -1.850000e+03 -1.840480e+02  1.225566e+01     10248   1
       123  -1.400000e+03 -1.840480e+02  1.236183e+01     10332   1
       124  -1.350000e+03 -1.840480e+02  1.246653e+01     10416   1
       125  -1.500000e+03 -1.840480e+02  1.257451e+01     10500   1
       126  -1.550000e+03 -1.840480e+02  1.267963e+01     10584   1
       127  -1.700000e+03 -1.840480e+02  1.278541e+01     10668   1
       128  -1.550000e+03 -1.840480e+02  1.289085e+01     10752   1
       129  -1.550000e+03 -1.840480e+02  1.299683e+01     10836   1
       130  -1.700000e+03 -1.840480e+02  1.310219e+01     10920   1
       131  -1.050000e+03 -1.840480e+02  1.320819e+01     11004   1
       132  -1.900000e+03 -1.840480e+02  1.331414e+01     11088   1
       133  -1.300000e+03 -1.840480e+02  1.342279e+01     11172   1
       134  -1.550000e+03 -1.840480e+02  1.352904e+01     11256   1
       135  -1.550000e+03 -1.840480e+02  1.363677e+01     11340   1
       136  -1.650000e+03 -1.840480e+02  1.374373e+01     11424   1
       137  -1.950000e+03 -1.840480e+02  1.385018e+01     11508   1
       138  -1.550000e+03 -1.840480e+02  1.395825e+01     11592   1
       139  -1.750000e+03 -1.840480e+02  1.406879e+01     11676   1
       140  -1.400000e+03 -1.840480e+02  1.417679e+01     11760   1
       141  -1.400000e+03 -1.840480e+02  1.428441e+01     11844   1
       142  -1.150000e+03 -1.840480e+02  1.439163e+01     11928   1
       143  -1.400000e+03 -1.840480e+02  1.450136e+01     12012   1
       144  -1.150000e+03 -1.840480e+02  1.461033e+01     12096   1
       145  -1.150000e+03 -1.840480e+02  1.471807e+01     12180   1
       146  -1.550000e+03 -1.840480e+02  1.482650e+01     12264   1
       147  -1.500000e+03 -1.840480e+02  1.493455e+01     12348   1
       148  -1.250000e+03 -1.840480e+02  1.504735e+01     12432   1
       149  -1.500000e+03 -1.840480e+02  1.515572e+01     12516   1
       150  -1.550000e+03 -1.840480e+02  1.526379e+01     12600   1
       151  -2.150000e+03 -1.840480e+02  1.537147e+01     12684   1
       152  -1.700000e+03 -1.840480e+02  1.548210e+01     12768   1
       153  -1.400000e+03 -1.840480e+02  1.558974e+01     12852   1
       154  -1.500000e+03 -1.840480e+02  1.569828e+01     12936   1
       155  -1.300000e+03 -1.840480e+02  1.580725e+01     13020   1
       156  -1.550000e+03 -1.840480e+02  1.591787e+01     13104   1
       157  -1.200000e+03 -1.840480e+02  1.602693e+01     13188   1
       158  -1.200000e+03 -1.840480e+02  1.613567e+01     13272   1
       159  -1.350000e+03 -1.840480e+02  1.624703e+01     13356   1
       160  -1.200000e+03 -1.840480e+02  1.635571e+01     13440   1
       161  -1.700000e+03 -1.840480e+02  1.646528e+01     13524   1
       162  -1.750000e+03 -1.840480e+02  1.657674e+01     13608   1
       163  -1.300000e+03 -1.840480e+02  1.668714e+01     13692   1
       164  -1.200000e+03 -1.840480e+02  1.679769e+01     13776   1
       165  -1.400000e+03 -1.840480e+02  1.690895e+01     13860   1
       166  -1.600000e+03 -1.840480e+02  1.702007e+01     13944   1
       167  -1.700000e+03 -1.840480e+02  1.712926e+01     14028   1
       168  -1.350000e+03 -1.840480e+02  1.724166e+01     14112   1
       169  -1.300000e+03 -1.840480e+02  1.735272e+01     14196   1
       170  -1.300000e+03 -1.840480e+02  1.746388e+01     14280   1
       171  -1.150000e+03 -1.840480e+02  1.757747e+01     14364   1
       172  -1.100000e+03 -1.840480e+02  1.768849e+01     14448   1
       173  -1.100000e+03 -1.840480e+02  1.780290e+01     14532   1
       174  -1.200000e+03 -1.840480e+02  1.791452e+01     14616   1
       175  -1.750000e+03 -1.840480e+02  1.802671e+01     14700   1
       176  -1.250000e+03 -1.840480e+02  1.814034e+01     14784   1
       177  -1.750000e+03 -1.840480e+02  1.825201e+01     14868   1
       178  -1.750000e+03 -1.840480e+02  1.836627e+01     14952   1
       179  -1.150000e+03 -1.840480e+02  1.847849e+01     15036   1
       180  -1.250000e+03 -1.840480e+02  1.861978e+01     15120   1
       181  -1.450000e+03 -1.840480e+02  1.891038e+01     15204   1
       182  -1.150000e+03 -1.840480e+02  1.902024e+01     15288   1
       183  -1.150000e+03 -1.840480e+02  1.913149e+01     15372   1
       184  -1.200000e+03 -1.840480e+02  1.924263e+01     15456   1
       185  -1.300000e+03 -1.840480e+02  1.935423e+01     15540   1
       186  -1.150000e+03 -1.840480e+02  1.947654e+01     15624   1
       187  -1.450000e+03 -1.840480e+02  1.958689e+01     15708   1
       188  -1.650000e+03 -1.840480e+02  1.969748e+01     15792   1
       189  -1.450000e+03 -1.840480e+02  1.981453e+01     15876   1
       190  -1.350000e+03 -1.840480e+02  1.992463e+01     15960   1
       191  -1.200000e+03 -1.840480e+02  2.003534e+01     16044   1
       192  -1.900000e+03 -1.840480e+02  2.015205e+01     16128   1
       193  -1.550000e+03 -1.840480e+02  2.026292e+01     16212   1
       194  -1.300000e+03 -1.840480e+02  2.037873e+01     16296   1
       195  -1.250000e+03 -1.840480e+02  2.049340e+01     16380   1
       196  -1.250000e+03 -1.840480e+02  2.060614e+01     16464   1
       197  -1.150000e+03 -1.840480e+02  2.072186e+01     16548   1
       198  -1.500000e+03 -1.840480e+02  2.083995e+01     16632   1
       199  -1.500000e+03 -1.840480e+02  2.095589e+01     16716   1
       200  -1.350000e+03 -1.840480e+02  2.107119e+01     16800   1
       201  -1.400000e+03 -1.840480e+02  2.118932e+01     16884   1
       202  -1.600000e+03 -1.840480e+02  2.130629e+01     16968   1
       203  -1.750000e+03 -1.840480e+02  2.142208e+01     17052   1
       204  -1.500000e+03 -1.840480e+02  2.153958e+01     17136   1
       205  -1.600000e+03 -1.840480e+02  2.165723e+01     17220   1
       206  -1.300000e+03 -1.840480e+02  2.177401e+01     17304   1
       207  -1.200000e+03 -1.840480e+02  2.189219e+01     17388   1
       208  -1.750000e+03 -1.840480e+02  2.200728e+01     17472   1
       209  -1.300000e+03 -1.840480e+02  2.212541e+01     17556   1
       210  -1.000000e+03 -1.840480e+02  2.224315e+01     17640   1
       211  -1.550000e+03 -1.840480e+02  2.235908e+01     17724   1
       212  -1.700000e+03 -1.840480e+02  2.247730e+01     17808   1
       213  -1.700000e+03 -1.840480e+02  2.259574e+01     17892   1
       214  -1.800000e+03 -1.840480e+02  2.271506e+01     17976   1
       215  -1.500000e+03 -1.840480e+02  2.283278e+01     18060   1
       216  -1.300000e+03 -1.840480e+02  2.295364e+01     18144   1
       217  -1.500000e+03 -1.840480e+02  2.307223e+01     18228   1
       218  -1.250000e+03 -1.840480e+02  2.319347e+01     18312   1
       219  -1.050000e+03 -1.840480e+02  2.331396e+01     18396   1
       220  -1.400000e+03 -1.840480e+02  2.343462e+01     18480   1
       221  -1.350000e+03 -1.840480e+02  2.355444e+01     18564   1
       222  -1.450000e+03 -1.840480e+02  2.367601e+01     18648   1
       223  -1.800000e+03 -1.840480e+02  2.379775e+01     18732   1
       224  -1.850000e+03 -1.840480e+02  2.391827e+01     18816   1
       225  -1.200000e+03 -1.840480e+02  2.403745e+01     18900   1
       226  -1.150000e+03 -1.840480e+02  2.416121e+01     18984   1
       227  -1.600000e+03 -1.840480e+02  2.428285e+01     19068   1
       228  -1.450000e+03 -1.840480e+02  2.440453e+01     19152   1
       229  -1.850000e+03 -1.840480e+02  2.452757e+01     19236   1
       230  -2.200000e+03 -1.840480e+02  2.464691e+01     19320   1
       231  -1.500000e+03 -1.840480e+02  2.476911e+01     19404   1
       232  -1.350000e+03 -1.840480e+02  2.489211e+01     19488   1
       233  -1.700000e+03 -1.840480e+02  2.501481e+01     19572   1
       234  -1.250000e+03 -1.840480e+02  2.513709e+01     19656   1
       235  -1.050000e+03 -1.840480e+02  2.526076e+01     19740   1
       236  -1.200000e+03 -1.840480e+02  2.538284e+01     19824   1
       237  -1.550000e+03 -1.840480e+02  2.550648e+01     19908   1
       238  -1.350000e+03 -1.840480e+02  2.562938e+01     19992   1
       239  -1.800000e+03 -1.840480e+02  2.575061e+01     20076   1
       240  -1.400000e+03 -1.840480e+02  2.587539e+01     20160   1
       241  -1.000000e+03 -1.840480e+02  2.599954e+01     20244   1
       242  -1.050000e+03 -1.840480e+02  2.612417e+01     20328   1
       243  -1.250000e+03 -1.840480e+02  2.625228e+01     20412   1
       244  -1.250000e+03 -1.840480e+02  2.637700e+01     20496   1
       245  -1.650000e+03 -1.840480e+02  2.650254e+01     20580   1
       246  -1.550000e+03 -1.840480e+02  2.662616e+01     20664   1
       247  -1.200000e+03 -1.840480e+02  2.675057e+01     20748   1
       248  -1.450000e+03 -1.840480e+02  2.687650e+01     20832   1
       249  -1.550000e+03 -1.840480e+02  2.700203e+01     20916   1
       250  -1.200000e+03 -1.840480e+02  2.712775e+01     21000   1
       251  -1.500000e+03 -1.840480e+02  2.725426e+01     21084   1
       252  -1.200000e+03 -1.840480e+02  2.737839e+01     21168   1
       253  -1.150000e+03 -1.840480e+02  2.771004e+01     21252   1
       254  -1.450000e+03 -1.840480e+02  2.783162e+01     21336   1
       255  -1.150000e+03 -1.840480e+02  2.795304e+01     21420   1
       256  -1.500000e+03 -1.840480e+02  2.807622e+01     21504   1
       257  -1.200000e+03 -1.840480e+02  2.820867e+01     21588   1
       258  -1.600000e+03 -1.840480e+02  2.833069e+01     21672   1
       259  -1.400000e+03 -1.840480e+02  2.845318e+01     21756   1
       260  -1.200000e+03 -1.840480e+02  2.858132e+01     21840   1
       261  -1.300000e+03 -1.840480e+02  2.870320e+01     21924   1
       262  -1.000000e+03 -1.840480e+02  2.883056e+01     22008   1
       263  -1.550000e+03 -1.840480e+02  2.895829e+01     22092   1
       264  -1.100000e+03 -1.840480e+02  2.908111e+01     22176   1
       265  -1.300000e+03 -1.840480e+02  2.920923e+01     22260   1
       266  -1.050000e+03 -1.840480e+02  2.933918e+01     22344   1
       267  -1.750000e+03 -1.840480e+02  2.946598e+01     22428   1
       268  -1.450000e+03 -1.840480e+02  2.959532e+01     22512   1
       269  -1.600000e+03 -1.840480e+02  2.972455e+01     22596   1
       270  -1.250000e+03 -1.840480e+02  2.985176e+01     22680   1
       271  -1.100000e+03 -1.840480e+02  2.998057e+01     22764   1
       272  -1.350000e+03 -1.840480e+02  3.011014e+01     22848   1
       273  -1.500000e+03 -1.840480e+02  3.024021e+01     22932   1
       274  -1.200000e+03 -1.840480e+02  3.036966e+01     23016   1
       275  -1.100000e+03 -1.840480e+02  3.049905e+01     23100   1
       276  -1.550000e+03 -1.840480e+02  3.062987e+01     23184   1
       277  -1.700000e+03 -1.840480e+02  3.076139e+01     23268   1
       278  -1.550000e+03 -1.840480e+02  3.089381e+01     23352   1
       279  -1.500000e+03 -1.840480e+02  3.102684e+01     23436   1
       280  -1.300000e+03 -1.840480e+02  3.115826e+01     23520   1
       281  -2.200000e+03 -1.840480e+02  3.128685e+01     23604   1
       282  -1.350000e+03 -1.840480e+02  3.141991e+01     23688   1
       283  -1.650000e+03 -1.840480e+02  3.155027e+01     23772   1
       284  -1.450000e+03 -1.840480e+02  3.168119e+01     23856   1
       285  -1.800000e+03 -1.840480e+02  3.181274e+01     23940   1
       286  -1.050000e+03 -1.840480e+02  3.194405e+01     24024   1
       287  -1.400000e+03 -1.840480e+02  3.207619e+01     24108   1
       288  -1.650000e+03 -1.840480e+02  3.220771e+01     24192   1
       289  -1.750000e+03 -1.840480e+02  3.233991e+01     24276   1
       290  -1.200000e+03 -1.840480e+02  3.247257e+01     24360   1
       291  -1.300000e+03 -1.840480e+02  3.260641e+01     24444   1
       292  -1.500000e+03 -1.840480e+02  3.273903e+01     24528   1
       293  -1.250000e+03 -1.840480e+02  3.287634e+01     24612   1
       294  -1.250000e+03 -1.840480e+02  3.301230e+01     24696   1
       295  -1.450000e+03 -1.840480e+02  3.314603e+01     24780   1
       296  -1.250000e+03 -1.840480e+02  3.328117e+01     24864   1
       297  -1.450000e+03 -1.840480e+02  3.341469e+01     24948   1
       298  -1.600000e+03 -1.840480e+02  3.354946e+01     25032   1
       299  -1.700000e+03 -1.840480e+02  3.368504e+01     25116   1
       300  -1.750000e+03 -1.840480e+02  3.381954e+01     25200   1
-------------------------------------------------------------------
status         : iteration_limit
total time (s) : 3.381954e+01
total solves   : 25200
best bound     : -1.840480e+02
simulation ci  : -1.431000e+03 ± 2.667269e+01
numeric issues : 0
-------------------------------------------------------------------

────────────────────────────────────────────────────────────────────────────────────
                                           Time                    Allocations      
                                  ───────────────────────   ────────────────────────
        Tot / % measured:              33.9s /  99.8%           15.2GiB /  99.8%    

Section                   ncalls     time    %tot     avg     alloc    %tot      avg
────────────────────────────────────────────────────────────────────────────────────
backward_pass                300    22.1s   65.5%  73.8ms   14.0GiB   92.4%  47.9MiB
  solve_subproblem         18.0k    13.8s   40.9%   767μs   5.37GiB   35.3%   313KiB
    get_dual_solution      18.0k    3.31s    9.8%   184μs   1.83GiB   12.1%   107KiB
  prepare_backward_pass    1.80k    1.13s    3.3%   625μs    432MiB    2.8%   246KiB
calculate_bound              300    9.70s   28.7%  32.3ms   0.94GiB    6.2%  3.21MiB
  get_dual_solution        6.00k   2.56ms    0.0%   427ns    938KiB    0.0%     160B
forward_pass                 300    1.95s    5.8%  6.50ms    224MiB    1.4%   764KiB
  solve_subproblem         1.20k    1.93s    5.7%  1.61ms    197MiB    1.3%   168KiB
    get_dual_solution      1.20k    509μs    0.0%   425ns    188KiB    0.0%     160B
  sample_scenario            300   3.77ms    0.0%  12.6μs    791KiB    0.0%  2.64KiB
────────────────────────────────────────────────────────────────────────────────────

