Set parameter WLSAccessID
Set parameter WLSSecret
Set parameter LicenseID to value 2595650
Academic license 2595650 - for non-commercial use only - registered to zj___@berkeley.edu
Set parameter WLSAccessID
Set parameter WLSSecret
Set parameter LicenseID to value 2595650
Academic license 2595650 - for non-commercial use only - registered to zj___@berkeley.edu
Set parameter WLSAccessID
Set parameter WLSSecret
Set parameter LicenseID to value 2595650
Academic license 2595650 - for non-commercial use only - registered to zj___@berkeley.edu
Set parameter WLSAccessID
Set parameter WLSSecret
Set parameter LicenseID to value 2595650
Academic license 2595650 - for non-commercial use only - registered to zj___@berkeley.edu
-------------------------------------------------------------------
         SDDP.jl (c) Oscar Dowson and contributors, 2017-25
-------------------------------------------------------------------
problem
  nodes           : 4
  state variables : 83
  scenarios       : 1.60000e+05
  existing cuts   : false
options
  solver          : serial mode
  risk measure    : SDDP.Expectation()
  sampling scheme : SDDP.InSampleMonteCarlo
subproblem structure
  VariableRef                             : [308, 308]
  AffExpr in MOI.EqualTo{Float64}         : [110, 110]
  AffExpr in MOI.GreaterThan{Float64}     : [57, 57]
  AffExpr in MOI.LessThan{Float64}        : [84, 84]
  VariableRef in MOI.GreaterThan{Float64} : [164, 165]
  VariableRef in MOI.Integer              : [119, 119]
  VariableRef in MOI.LessThan{Float64}    : [135, 135]
  VariableRef in MOI.ZeroOne              : [57, 57]
numerical stability report
  matrix range     [6e-03, 1e+02]
  objective range  [1e+00, 5e+01]
  bounds range     [1e+00, 9e+03]
  rhs range        [6e+00, 1e+02]
-------------------------------------------------------------------
 iteration    simulation      bound        time (s)     solves  pid
-------------------------------------------------------------------
         1S -1.650000e+03 -7.809932e+02  5.619872e-01        84   1
         2S -1.450000e+03 -7.809932e+02  8.011661e-01       168   1
         3S -1.200000e+03 -7.809932e+02  1.047409e+00       252   1
         4S -1.400000e+03 -7.809932e+02  1.307469e+00       336   1
         5S -1.200000e+03 -7.809932e+02  1.586981e+00       420   1
         6S -1.450000e+03 -7.809932e+02  1.842356e+00       504   1
         7S -1.300000e+03 -7.809932e+02  2.090942e+00       588   1
         8S -1.850000e+03 -7.809932e+02  2.339302e+00       672   1
         9S -1.450000e+03 -7.809932e+02  2.586828e+00       756   1
        10S -1.650000e+03 -7.809932e+02  2.835017e+00       840   1
        11S -1.650000e+03 -7.809932e+02  3.099434e+00       924   1
        12S -1.250000e+03 -7.809932e+02  3.347120e+00      1008   1
        13S -1.450000e+03 -7.809932e+02  3.594220e+00      1092   1
        14S -1.650000e+03 -7.809932e+02  3.841693e+00      1176   1
        15S -1.250000e+03 -7.809932e+02  4.089615e+00      1260   1
        16S -1.250000e+03 -7.809932e+02  4.338379e+00      1344   1
        17S -1.800000e+03 -7.809932e+02  4.597491e+00      1428   1
        18S -1.100000e+03 -7.809932e+02  4.844784e+00      1512   1
        19S -1.600000e+03 -7.809932e+02  5.092129e+00      1596   1
        20S -1.300000e+03 -7.809932e+02  5.341108e+00      1680   1
        21S -1.250000e+03 -7.809932e+02  5.600611e+00      1764   1
        22S -1.200000e+03 -7.809932e+02  5.848788e+00      1848   1
        23S -1.150000e+03 -7.809932e+02  6.103102e+00      1932   1
        24S -1.750000e+03 -7.809932e+02  6.351656e+00      2016   1
        25S -1.700000e+03 -7.809932e+02  6.609443e+00      2100   1
        26S -1.400000e+03 -7.809932e+02  6.857379e+00      2184   1
        27S -1.350000e+03 -7.809932e+02  7.105696e+00      2268   1
        28S -1.400000e+03 -7.809932e+02  7.353962e+00      2352   1
        29S -1.500000e+03 -7.809932e+02  7.602646e+00      2436   1
        30S -1.250000e+03 -7.809932e+02  7.871975e+00      2520   1
        31S -1.150000e+03 -7.809932e+02  8.120508e+00      2604   1
        32S -1.400000e+03 -7.809932e+02  8.369062e+00      2688   1
        33S -1.050000e+03 -7.809932e+02  8.617573e+00      2772   1
        34S -1.350000e+03 -7.809932e+02  8.875471e+00      2856   1
        35S -1.750000e+03 -7.809932e+02  9.124746e+00      2940   1
        36S -1.200000e+03 -7.809932e+02  9.375054e+00      3024   1
        37S -1.800000e+03 -7.809932e+02  9.623917e+00      3108   1
        38S -1.350000e+03 -7.809932e+02  9.881153e+00      3192   1
        39S -1.000000e+03 -7.809932e+02  1.012998e+01      3276   1
        40S -1.250000e+03 -7.809932e+02  1.037894e+01      3360   1
        41S -1.550000e+03 -7.809932e+02  1.062842e+01      3444   1
        42S -1.150000e+03 -7.809932e+02  1.088664e+01      3528   1
        43S -1.450000e+03 -7.809932e+02  1.113669e+01      3612   1
        44S -1.100000e+03 -7.809932e+02  1.138563e+01      3696   1
        45S -1.550000e+03 -7.809932e+02  1.163414e+01      3780   1
        46S -1.650000e+03 -7.809932e+02  1.189129e+01      3864   1
        47S -1.200000e+03 -7.809932e+02  1.214112e+01      3948   1
        48S -9.500000e+02 -7.809932e+02  1.238993e+01      4032   1
        49S -1.500000e+03 -7.809932e+02  1.263910e+01      4116   1
        50S -1.500000e+03 -7.809932e+02  1.289777e+01      4200   1
        51S -1.950000e+03 -7.809932e+02  1.314796e+01      4284   1
        52S -1.850000e+03 -7.809932e+02  1.339778e+01      4368   1
        53S -1.400000e+03 -7.809932e+02  1.364791e+01      4452   1
        54S -1.000000e+03 -7.809932e+02  1.390557e+01      4536   1
        55S -1.050000e+03 -7.809932e+02  1.415539e+01      4620   1
        56S -1.850000e+03 -7.809932e+02  1.440496e+01      4704   1
        57S -1.450000e+03 -7.809932e+02  1.465477e+01      4788   1
        58S -1.200000e+03 -7.809932e+02  1.491161e+01      4872   1
        59S -2.100000e+03 -7.809932e+02  1.516191e+01      4956   1
        60S -1.300000e+03 -7.809932e+02  1.541135e+01      5040   1
        61S -1.300000e+03 -7.809932e+02  1.566254e+01      5124   1
        62S -1.550000e+03 -7.809932e+02  1.592004e+01      5208   1
        63S -1.500000e+03 -7.809932e+02  1.617012e+01      5292   1
        64S -1.250000e+03 -7.809932e+02  1.641963e+01      5376   1
        65S -1.400000e+03 -7.809932e+02  1.667905e+01      5460   1
        66S -1.250000e+03 -7.809932e+02  1.692894e+01      5544   1
        67S -1.600000e+03 -7.809932e+02  1.717932e+01      5628   1
        68S -1.350000e+03 -7.809932e+02  1.742900e+01      5712   1
        69S -1.050000e+03 -7.809932e+02  1.768842e+01      5796   1
        70S -1.600000e+03 -7.809932e+02  1.795234e+01      5880   1
        71S -1.750000e+03 -7.809932e+02  1.820328e+01      5964   1
        72S -1.300000e+03 -7.809932e+02  1.845292e+01      6048   1
        73S -1.600000e+03 -7.809932e+02  1.871259e+01      6132   1
        74S -1.300000e+03 -7.809932e+02  1.896213e+01      6216   1
        75S -1.550000e+03 -7.809932e+02  1.921328e+01      6300   1
        76S -1.550000e+03 -7.809932e+02  1.946319e+01      6384   1
        77S -1.500000e+03 -7.809932e+02  1.972402e+01      6468   1
        78S -1.400000e+03 -7.809932e+02  1.997444e+01      6552   1
        79S -1.050000e+03 -7.809932e+02  2.022519e+01      6636   1
        80S -1.750000e+03 -7.809932e+02  2.048530e+01      6720   1
        81S -1.250000e+03 -7.809932e+02  2.073604e+01      6804   1
        82S -1.700000e+03 -7.809932e+02  2.098577e+01      6888   1
        83S -1.400000e+03 -7.809932e+02  2.123831e+01      6972   1
        84S -1.750000e+03 -7.809932e+02  2.149979e+01      7056   1
        85S -1.300000e+03 -7.809932e+02  2.175139e+01      7140   1
        86S -1.450000e+03 -7.809932e+02  2.200202e+01      7224   1
        87S -1.250000e+03 -7.809932e+02  2.226217e+01      7308   1
        88S -1.800000e+03 -7.809932e+02  2.251326e+01      7392   1
        89S -1.350000e+03 -7.809932e+02  2.276474e+01      7476   1
        90S -1.600000e+03 -7.809932e+02  2.301651e+01      7560   1
        91S -1.350000e+03 -7.809932e+02  2.327623e+01      7644   1
        92S -1.350000e+03 -7.809932e+02  2.352753e+01      7728   1
        93S -1.350000e+03 -7.809932e+02  2.377874e+01      7812   1
        94S -1.700000e+03 -7.809932e+02  2.403012e+01      7896   1
        95S -1.350000e+03 -7.809932e+02  2.429073e+01      7980   1
        96S -1.400000e+03 -7.809932e+02  2.454285e+01      8064   1
        97S -1.000000e+03 -7.809932e+02  2.479401e+01      8148   1
        98S -1.400000e+03 -7.809932e+02  2.505325e+01      8232   1
        99S -1.050000e+03 -7.809932e+02  2.530558e+01      8316   1
       100S -2.150000e+03 -7.809932e+02  2.555791e+01      8400   1
       101S -1.200000e+03 -7.809932e+02  2.581028e+01      8484   1
       102S -1.400000e+03 -7.809932e+02  2.606946e+01      8568   1
       103S -1.400000e+03 -7.809932e+02  2.632220e+01      8652   1
       104S -1.300000e+03 -7.809932e+02  2.657442e+01      8736   1
       105S -1.100000e+03 -7.809932e+02  2.683486e+01      8820   1
       106S -1.700000e+03 -7.809932e+02  2.708803e+01      8904   1
       107S -1.500000e+03 -7.809932e+02  2.733994e+01      8988   1
       108S -1.200000e+03 -7.809932e+02  2.759446e+01      9072   1
       109S -1.250000e+03 -7.809932e+02  2.785536e+01      9156   1
       110S -1.650000e+03 -7.809932e+02  2.810883e+01      9240   1
       111S -1.400000e+03 -7.809932e+02  2.836174e+01      9324   1
       112S -1.750000e+03 -7.809932e+02  2.862217e+01      9408   1
       113S -1.800000e+03 -7.809932e+02  2.887484e+01      9492   1
       114S -1.400000e+03 -7.809932e+02  2.912712e+01      9576   1
       115S -1.850000e+03 -7.809932e+02  2.938708e+01      9660   1
       116S -1.350000e+03 -7.809932e+02  2.963980e+01      9744   1
       117S -1.300000e+03 -7.809932e+02  2.989282e+01      9828   1
       118S -1.200000e+03 -7.809932e+02  3.014575e+01      9912   1
       119S -1.500000e+03 -7.809932e+02  3.040853e+01      9996   1
       120S -1.450000e+03 -7.809932e+02  3.066112e+01     10080   1
       121S -1.250000e+03 -7.809932e+02  3.091359e+01     10164   1
       122S -1.350000e+03 -7.809932e+02  3.117525e+01     10248   1
       123S -1.500000e+03 -7.809932e+02  3.142768e+01     10332   1
       124S -1.500000e+03 -7.809932e+02  3.168109e+01     10416   1
       125S -1.500000e+03 -7.809932e+02  3.194128e+01     10500   1
       126S -1.750000e+03 -7.809932e+02  3.219497e+01     10584   1
       127S -1.450000e+03 -7.809932e+02  3.244837e+01     10668   1
       128S -1.000000e+03 -7.809932e+02  3.270226e+01     10752   1
       129S -1.550000e+03 -7.809932e+02  3.298530e+01     10836   1
       130S -1.650000e+03 -7.809932e+02  3.323839e+01     10920   1
       131S -1.850000e+03 -7.809932e+02  3.350360e+01     11004   1
       132S -1.200000e+03 -7.809932e+02  3.399877e+01     11088   1
       133S -1.200000e+03 -7.809932e+02  3.425139e+01     11172   1
       134S -2.200000e+03 -7.809932e+02  3.450277e+01     11256   1
       135S -1.700000e+03 -7.809932e+02  3.475644e+01     11340   1
       136S -1.600000e+03 -7.809932e+02  3.501013e+01     11424   1
       137S -2.200000e+03 -7.809932e+02  3.526445e+01     11508   1
       138S -1.800000e+03 -7.809932e+02  3.551980e+01     11592   1
       139S -1.300000e+03 -7.809932e+02  3.578541e+01     11676   1
       140S -1.400000e+03 -7.809932e+02  3.603790e+01     11760   1
       141S -1.250000e+03 -7.809932e+02  3.629141e+01     11844   1
       142S -1.350000e+03 -7.809932e+02  3.654418e+01     11928   1
       143S -1.700000e+03 -7.809932e+02  3.680443e+01     12012   1
       144S -1.350000e+03 -7.809932e+02  3.705779e+01     12096   1
       145S -1.500000e+03 -7.809932e+02  3.731073e+01     12180   1
       146S -1.350000e+03 -7.809932e+02  3.757359e+01     12264   1
       147S -1.100000e+03 -7.809932e+02  3.782868e+01     12348   1
       148S -1.650000e+03 -7.809932e+02  3.808214e+01     12432   1
       149S -2.200000e+03 -7.809932e+02  3.834107e+01     12516   1
       150S -1.250000e+03 -7.809932e+02  3.859486e+01     12600   1
       151S -1.400000e+03 -7.809932e+02  3.884798e+01     12684   1
       152S -1.450000e+03 -7.809932e+02  3.910598e+01     12768   1
       153S -1.650000e+03 -7.809932e+02  3.935991e+01     12852   1
       154S -1.200000e+03 -7.809932e+02  3.961818e+01     12936   1
       155S -2.000000e+03 -7.809932e+02  3.987111e+01     13020   1
       156S -1.500000e+03 -7.809932e+02  4.012918e+01     13104   1
       157S -1.200000e+03 -7.809932e+02  4.038279e+01     13188   1
       158S -1.300000e+03 -7.809932e+02  4.064029e+01     13272   1
       159S -1.750000e+03 -7.809932e+02  4.089796e+01     13356   1
       160S -1.450000e+03 -7.809932e+02  4.115214e+01     13440   1
       161S -1.100000e+03 -7.809932e+02  4.141000e+01     13524   1
       162S -1.750000e+03 -7.809932e+02  4.166435e+01     13608   1
       163S -1.400000e+03 -7.809932e+02  4.192323e+01     13692   1
       164S -1.550000e+03 -7.809932e+02  4.217885e+01     13776   1
       165S -1.150000e+03 -7.809932e+02  4.244021e+01     13860   1
       166S -1.200000e+03 -7.809932e+02  4.269463e+01     13944   1
       167S -1.450000e+03 -7.809932e+02  4.295472e+01     14028   1
       168S -1.300000e+03 -7.809932e+02  4.320984e+01     14112   1
       169S -1.200000e+03 -7.809932e+02  4.346843e+01     14196   1
       170S -1.450000e+03 -7.809932e+02  4.372284e+01     14280   1
       171S -1.400000e+03 -7.809932e+02  4.398170e+01     14364   1
       172S -1.150000e+03 -7.809932e+02  4.423702e+01     14448   1
       173S -1.300000e+03 -7.809932e+02  4.449608e+01     14532   1
       174S -1.550000e+03 -7.809932e+02  4.475476e+01     14616   1
       175S -1.700000e+03 -7.809932e+02  4.500957e+01     14700   1
       176S -1.350000e+03 -7.809932e+02  4.526853e+01     14784   1
       177S -1.200000e+03 -7.809932e+02  4.552344e+01     14868   1
       178S -1.350000e+03 -7.809932e+02  4.578284e+01     14952   1
       179S -1.500000e+03 -7.809932e+02  4.604766e+01     15036   1
       180S -1.600000e+03 -7.809932e+02  4.630734e+01     15120   1
       181S -1.200000e+03 -7.809932e+02  4.656293e+01     15204   1
       182S -1.750000e+03 -7.809932e+02  4.682160e+01     15288   1
       183S -1.150000e+03 -7.809932e+02  4.707790e+01     15372   1
       184S -1.700000e+03 -7.809932e+02  4.733887e+01     15456   1
       185S -1.750000e+03 -7.809932e+02  4.760025e+01     15540   1
       186S -1.100000e+03 -7.809932e+02  4.785605e+01     15624   1
       187S -1.700000e+03 -7.809932e+02  4.811687e+01     15708   1
       188S -1.400000e+03 -7.809932e+02  4.837191e+01     15792   1
       189S -1.350000e+03 -7.809932e+02  4.863218e+01     15876   1
       190S -1.550000e+03 -7.809932e+02  4.888744e+01     15960   1
       191S -1.100000e+03 -7.809932e+02  4.914754e+01     16044   1
       192S -1.300000e+03 -7.809932e+02  4.940315e+01     16128   1
       193S -1.150000e+03 -7.809932e+02  4.966324e+01     16212   1
       194S -1.500000e+03 -7.809932e+02  4.992385e+01     16296   1
       195S -1.050000e+03 -7.809932e+02  5.018046e+01     16380   1
       196S -1.800000e+03 -7.809932e+02  5.044082e+01     16464   1
       197S -1.300000e+03 -7.809932e+02  5.069672e+01     16548   1
       198S -1.650000e+03 -7.809932e+02  5.095705e+01     16632   1
       199S -1.150000e+03 -7.809932e+02  5.121403e+01     16716   1
       200S -1.700000e+03 -7.809932e+02  5.147592e+01     16800   1
       201S -1.500000e+03 -7.809932e+02  5.173556e+01     16884   1
       202S -1.600000e+03 -7.809932e+02  5.199031e+01     16968   1
       203S -1.550000e+03 -7.809932e+02  5.225122e+01     17052   1
       204S -1.300000e+03 -7.809932e+02  5.250608e+01     17136   1
       205S -1.600000e+03 -7.809932e+02  5.276769e+01     17220   1
       206S -2.000000e+03 -7.809932e+02  5.304281e+01     17304   1
       207S -1.000000e+03 -7.809932e+02  5.332172e+01     17388   1
       208S -1.750000e+03 -7.809932e+02  5.358291e+01     17472   1
       209S -1.200000e+03 -7.809932e+02  5.383948e+01     17556   1
       210S -1.200000e+03 -7.809932e+02  5.410173e+01     17640   1
       211S -1.350000e+03 -7.809932e+02  5.435965e+01     17724   1
       212S -1.500000e+03 -7.809932e+02  5.462059e+01     17808   1
       213S -1.550000e+03 -7.809932e+02  5.488026e+01     17892   1
       214S -1.600000e+03 -7.809932e+02  5.514097e+01     17976   1
       215S -1.550000e+03 -7.809932e+02  5.540440e+01     18060   1
       216S -1.200000e+03 -7.809932e+02  5.566221e+01     18144   1
       217S -1.600000e+03 -7.809932e+02  5.592497e+01     18228   1
       218S -1.100000e+03 -7.809932e+02  5.618249e+01     18312   1
       219S -1.250000e+03 -7.809932e+02  5.644305e+01     18396   1
       220S -1.300000e+03 -7.809932e+02  5.670671e+01     18480   1
       221S -1.150000e+03 -7.809932e+02  5.699574e+01     18564   1
       222S -1.500000e+03 -7.809932e+02  5.725746e+01     18648   1
       223S -1.850000e+03 -7.809932e+02  5.758967e+01     18732   1
       224S -1.750000e+03 -7.809932e+02  5.789614e+01     18816   1
       225S -1.500000e+03 -7.809932e+02  5.815825e+01     18900   1
       226S -1.400000e+03 -7.809932e+02  5.841522e+01     18984   1
       227S -1.150000e+03 -7.809932e+02  5.867807e+01     19068   1
       228S -1.650000e+03 -7.809932e+02  5.893426e+01     19152   1
       229S -1.300000e+03 -7.809932e+02  5.919540e+01     19236   1
       230S -1.250000e+03 -7.809932e+02  5.945551e+01     19320   1
       231S -1.650000e+03 -7.809932e+02  5.971402e+01     19404   1
       232S -1.550000e+03 -7.809932e+02  5.997568e+01     19488   1
       233S -1.550000e+03 -7.809932e+02  6.023300e+01     19572   1
       234S -1.250000e+03 -7.809932e+02  6.049472e+01     19656   1
       235S -1.250000e+03 -7.809932e+02  6.075506e+01     19740   1
       236S -1.300000e+03 -7.809932e+02  6.101279e+01     19824   1
       237S -1.200000e+03 -7.809932e+02  6.127447e+01     19908   1
       238S -1.500000e+03 -7.809932e+02  6.153161e+01     19992   1
       239S -1.500000e+03 -7.809932e+02  6.181450e+01     20076   1
       240S -1.700000e+03 -7.809932e+02  6.207564e+01     20160   1
       241S -1.350000e+03 -7.809932e+02  6.233351e+01     20244   1
       242S -1.950000e+03 -7.809932e+02  6.259558e+01     20328   1
       243S -1.750000e+03 -7.809932e+02  6.285643e+01     20412   1
       244S -1.500000e+03 -7.809932e+02  6.311988e+01     20496   1
       245S -1.650000e+03 -7.809932e+02  6.338101e+01     20580   1
       246S -1.800000e+03 -7.809932e+02  6.363966e+01     20664   1
       247S -1.850000e+03 -7.809932e+02  6.390179e+01     20748   1
       248S -1.500000e+03 -7.809932e+02  6.416504e+01     20832   1
       249S -1.350000e+03 -7.809932e+02  6.443590e+01     20916   1
       250S -1.400000e+03 -7.809932e+02  6.474294e+01     21000   1
       251S -1.500000e+03 -7.809932e+02  6.500262e+01     21084   1
       252S -1.200000e+03 -7.809932e+02  6.526654e+01     21168   1
       253S -1.850000e+03 -7.809932e+02  6.553163e+01     21252   1
       254S -1.250000e+03 -7.809932e+02  6.580045e+01     21336   1
       255S -1.750000e+03 -7.809932e+02  6.608071e+01     21420   1
       256S -1.700000e+03 -7.809932e+02  6.634532e+01     21504   1
       257S -1.350000e+03 -7.809932e+02  6.660372e+01     21588   1
       258S -1.450000e+03 -7.809932e+02  6.686612e+01     21672   1
       259S -1.650000e+03 -7.809932e+02  6.713059e+01     21756   1
       260S -1.450000e+03 -7.809932e+02  6.738926e+01     21840   1
       261S -1.900000e+03 -7.809932e+02  6.765243e+01     21924   1
       262S -1.350000e+03 -7.809932e+02  6.798324e+01     22008   1
       263S -1.250000e+03 -7.809932e+02  6.824711e+01     22092   1
       264S -1.150000e+03 -7.809932e+02  6.851114e+01     22176   1
       265S -1.400000e+03 -7.809932e+02  6.877197e+01     22260   1
       266S -1.450000e+03 -7.809932e+02  6.904752e+01     22344   1
       267S -1.300000e+03 -7.809932e+02  6.931272e+01     22428   1
       268S -1.900000e+03 -7.809932e+02  6.957265e+01     22512   1
       269S -1.200000e+03 -7.809932e+02  6.983717e+01     22596   1
       270S -1.750000e+03 -7.809932e+02  7.010032e+01     22680   1
       271S -1.250000e+03 -7.809932e+02  7.035859e+01     22764   1
       272S -1.600000e+03 -7.809932e+02  7.062299e+01     22848   1
       273S -1.300000e+03 -7.809932e+02  7.088606e+01     22932   1
       274S -1.050000e+03 -7.809932e+02  7.114688e+01     23016   1
       275S -1.250000e+03 -7.809932e+02  7.141195e+01     23100   1
       276S -1.250000e+03 -7.809932e+02  7.167735e+01     23184   1
       277S -1.400000e+03 -7.809932e+02  7.193832e+01     23268   1
       278S -1.700000e+03 -7.809932e+02  7.220976e+01     23352   1
       279S -1.300000e+03 -7.809932e+02  7.247463e+01     23436   1
       280S -1.800000e+03 -7.809932e+02  7.273536e+01     23520   1
       281S -1.650000e+03 -7.809932e+02  7.300020e+01     23604   1
       282S -1.300000e+03 -7.809932e+02  7.328924e+01     23688   1
       283S -1.150000e+03 -7.809932e+02  7.355076e+01     23772   1
       284S -1.300000e+03 -7.809932e+02  7.381646e+01     23856   1
       285S -1.450000e+03 -7.809932e+02  7.408329e+01     23940   1
       286S -9.500000e+02 -7.809932e+02  7.434359e+01     24024   1
       287S -1.250000e+03 -7.809932e+02  7.460997e+01     24108   1
       288S -1.550000e+03 -7.809932e+02  7.487370e+01     24192   1
       289S -1.200000e+03 -7.809932e+02  7.513512e+01     24276   1
       290S -1.250000e+03 -7.809932e+02  7.539959e+01     24360   1
       291S -1.800000e+03 -7.809932e+02  7.566543e+01     24444   1
       292S -1.400000e+03 -7.809932e+02  7.592586e+01     24528   1
       293S -1.350000e+03 -7.809932e+02  7.619105e+01     24612   1
       294S -1.900000e+03 -7.809932e+02  7.645653e+01     24696   1
       295S -1.400000e+03 -7.809932e+02  7.671828e+01     24780   1
       296S -1.450000e+03 -7.809932e+02  7.698540e+01     24864   1
       297S -1.650000e+03 -7.809932e+02  7.725277e+01     24948   1
       298S -2.000000e+03 -7.809932e+02  7.751774e+01     25032   1
       299S -1.100000e+03 -7.809932e+02  7.778599e+01     25116   1
       300S -1.450000e+03 -7.809932e+02  7.805417e+01     25200   1
-------------------------------------------------------------------
status         : iteration_limit
total time (s) : 7.805417e+01
total solves   : 25200
best bound     : -7.809932e+02
simulation ci  : -1.445667e+03 ± 2.815501e+01
numeric issues : 0
-------------------------------------------------------------------

────────────────────────────────────────────────────────────────────────────────────
                                           Time                    Allocations      
                                  ───────────────────────   ────────────────────────
        Tot / % measured:              78.1s /  99.9%           10.4GiB /  99.8%    

Section                   ncalls     time    %tot     avg     alloc    %tot      avg
────────────────────────────────────────────────────────────────────────────────────
backward_pass                300    68.6s   88.0%   229ms   9.92GiB   95.6%  33.9MiB
  solve_subproblem         18.0k    65.8s   84.4%  3.66ms   7.49GiB   72.1%   436KiB
    get_dual_solution      18.0k    37.8s   48.5%  2.10ms   6.36GiB   61.3%   371KiB
  prepare_backward_pass    1.80k   1.24ms    0.0%   688ns    180KiB    0.0%     102B
calculate_bound              300    7.54s    9.7%  25.1ms    383MiB    3.6%  1.28MiB
  get_dual_solution        6.00k   2.38ms    0.0%   397ns    938KiB    0.0%     160B
forward_pass                 300    1.85s    2.4%  6.17ms   87.2MiB    0.8%   298KiB
  solve_subproblem         1.20k    1.84s    2.4%  1.53ms   79.0MiB    0.7%  67.4KiB
    get_dual_solution      1.20k    471μs    0.0%   392ns    188KiB    0.0%     160B
  sample_scenario            300   3.57ms    0.0%  11.9μs    793KiB    0.0%  2.64KiB
────────────────────────────────────────────────────────────────────────────────────

