Set parameter WLSAccessID
Set parameter WLSSecret
Set parameter LicenseID to value 2595650
Academic license 2595650 - for non-commercial use only - registered to zj___@berkeley.edu
Set parameter WLSAccessID
Set parameter WLSSecret
Set parameter LicenseID to value 2595650
Academic license 2595650 - for non-commercial use only - registered to zj___@berkeley.edu
Set parameter WLSAccessID
Set parameter WLSSecret
Set parameter LicenseID to value 2595650
Academic license 2595650 - for non-commercial use only - registered to zj___@berkeley.edu
Set parameter WLSAccessID
Set parameter WLSSecret
Set parameter LicenseID to value 2595650
Academic license 2595650 - for non-commercial use only - registered to zj___@berkeley.edu
-------------------------------------------------------------------
         SDDP.jl (c) Oscar Dowson and contributors, 2017-25
-------------------------------------------------------------------
problem
  nodes           : 4
  state variables : 83
  scenarios       : 1.60000e+05
  existing cuts   : false
options
  solver          : serial mode
  risk measure    : SDDP.Expectation()
  sampling scheme : SDDP.InSampleMonteCarlo
subproblem structure
  VariableRef                             : [308, 308]
  AffExpr in MOI.EqualTo{Float64}         : [110, 110]
  AffExpr in MOI.GreaterThan{Float64}     : [57, 57]
  AffExpr in MOI.LessThan{Float64}        : [84, 84]
  VariableRef in MOI.GreaterThan{Float64} : [164, 165]
  VariableRef in MOI.Integer              : [119, 119]
  VariableRef in MOI.LessThan{Float64}    : [135, 135]
  VariableRef in MOI.ZeroOne              : [57, 57]
numerical stability report
  matrix range     [6e-03, 1e+02]
  objective range  [1e+00, 5e+01]
  bounds range     [1e+00, 9e+03]
  rhs range        [6e+00, 1e+02]
-------------------------------------------------------------------
 iteration    simulation      bound        time (s)     solves  pid
-------------------------------------------------------------------
         1  -1.300000e+03 -1.840480e+02  3.969489e+00        84   1
         2  -9.500000e+02 -1.840480e+02  4.158435e+00       168   1
         3  -1.300000e+03 -1.840480e+02  4.221251e+00       252   1
         4  -1.450000e+03 -1.840480e+02  4.275629e+00       336   1
         5  -1.250000e+03 -1.840480e+02  4.328276e+00       420   1
         6  -1.450000e+03 -1.840480e+02  4.380615e+00       504   1
         7  -1.550000e+03 -1.840480e+02  4.433066e+00       588   1
         8  -1.250000e+03 -1.840480e+02  4.485661e+00       672   1
         9  -1.150000e+03 -1.840480e+02  4.538385e+00       756   1
        10  -1.850000e+03 -1.840480e+02  4.620252e+00       840   1
        11  -1.700000e+03 -1.840480e+02  4.673199e+00       924   1
        12  -1.900000e+03 -1.840480e+02  4.726039e+00      1008   1
        13  -1.250000e+03 -1.840480e+02  4.778933e+00      1092   1
        14  -1.800000e+03 -1.840480e+02  4.832478e+00      1176   1
        15  -1.400000e+03 -1.840480e+02  4.885350e+00      1260   1
        16  -1.600000e+03 -1.840480e+02  4.938010e+00      1344   1
        17  -1.200000e+03 -1.840480e+02  4.990699e+00      1428   1
        18  -1.300000e+03 -1.840480e+02  5.043322e+00      1512   1
        19  -1.350000e+03 -1.840480e+02  5.096310e+00      1596   1
        20  -1.850000e+03 -1.840480e+02  5.149139e+00      1680   1
        21  -2.000000e+03 -1.840480e+02  5.202164e+00      1764   1
        22  -1.700000e+03 -1.840480e+02  5.255210e+00      1848   1
        23  -1.650000e+03 -1.840480e+02  5.308235e+00      1932   1
        24  -1.150000e+03 -1.840480e+02  5.361500e+00      2016   1
        25  -1.400000e+03 -1.840480e+02  5.414633e+00      2100   1
        26  -1.250000e+03 -1.840480e+02  5.467815e+00      2184   1
        27  -1.350000e+03 -1.840480e+02  5.521096e+00      2268   1
        28  -1.550000e+03 -1.840480e+02  5.574642e+00      2352   1
        29  -1.100000e+03 -1.840480e+02  5.628158e+00      2436   1
        30  -1.650000e+03 -1.840480e+02  5.681274e+00      2520   1
        31  -1.500000e+03 -1.840480e+02  5.735042e+00      2604   1
        32  -1.300000e+03 -1.840480e+02  5.807172e+00      2688   1
        33  -1.850000e+03 -1.840480e+02  5.860312e+00      2772   1
        34  -1.400000e+03 -1.840480e+02  5.913548e+00      2856   1
        35  -1.350000e+03 -1.840480e+02  5.966649e+00      2940   1
        36  -1.750000e+03 -1.840480e+02  6.019891e+00      3024   1
        37  -1.500000e+03 -1.840480e+02  6.073367e+00      3108   1
        38  -1.300000e+03 -1.840480e+02  6.126790e+00      3192   1
        39  -1.400000e+03 -1.840480e+02  6.180268e+00      3276   1
        40  -1.550000e+03 -1.840480e+02  6.233585e+00      3360   1
        41  -1.650000e+03 -1.840480e+02  6.287700e+00      3444   1
        42  -1.550000e+03 -1.840480e+02  6.341534e+00      3528   1
        43  -1.400000e+03 -1.840480e+02  6.395785e+00      3612   1
        44  -1.350000e+03 -1.840480e+02  6.449663e+00      3696   1
        45  -2.050000e+03 -1.840480e+02  6.503839e+00      3780   1
        46  -1.800000e+03 -1.840480e+02  6.557905e+00      3864   1
        47  -1.400000e+03 -1.840480e+02  6.612551e+00      3948   1
        48  -1.500000e+03 -1.840480e+02  6.676419e+00      4032   1
        49  -1.350000e+03 -1.840480e+02  6.730404e+00      4116   1
        50  -1.200000e+03 -1.840480e+02  6.784161e+00      4200   1
        51  -1.200000e+03 -1.840480e+02  6.838728e+00      4284   1
        52  -1.400000e+03 -1.840480e+02  6.892930e+00      4368   1
        53  -1.500000e+03 -1.840480e+02  6.947135e+00      4452   1
        54  -1.800000e+03 -1.840480e+02  7.000985e+00      4536   1
        55  -1.600000e+03 -1.840480e+02  7.055279e+00      4620   1
        56  -1.300000e+03 -1.840480e+02  7.109445e+00      4704   1
        57  -1.450000e+03 -1.840480e+02  7.164102e+00      4788   1
        58  -1.500000e+03 -1.840480e+02  7.218586e+00      4872   1
        59  -1.300000e+03 -1.840480e+02  7.273474e+00      4956   1
        60  -1.250000e+03 -1.840480e+02  7.335963e+00      5040   1
        61  -1.200000e+03 -1.840480e+02  7.390213e+00      5124   1
        62  -1.350000e+03 -1.840480e+02  7.444953e+00      5208   1
        63  -1.600000e+03 -1.840480e+02  7.499463e+00      5292   1
        64  -1.700000e+03 -1.840480e+02  7.554504e+00      5376   1
        65  -1.600000e+03 -1.840480e+02  7.609326e+00      5460   1
        66  -1.850000e+03 -1.840480e+02  7.664723e+00      5544   1
        67  -1.500000e+03 -1.840480e+02  7.719283e+00      5628   1
        68  -1.650000e+03 -1.840480e+02  7.774203e+00      5712   1
        69  -1.650000e+03 -1.840480e+02  7.829313e+00      5796   1
        70  -1.400000e+03 -1.840480e+02  7.893204e+00      5880   1
        71  -1.200000e+03 -1.840480e+02  7.948084e+00      5964   1
        72  -1.450000e+03 -1.840480e+02  8.002745e+00      6048   1
        73  -1.500000e+03 -1.840480e+02  8.058130e+00      6132   1
        74  -1.850000e+03 -1.840480e+02  8.113840e+00      6216   1
        75  -1.500000e+03 -1.840480e+02  8.169112e+00      6300   1
        76  -1.600000e+03 -1.840480e+02  8.223995e+00      6384   1
        77  -1.350000e+03 -1.840480e+02  8.279510e+00      6468   1
        78  -1.200000e+03 -1.840480e+02  8.334358e+00      6552   1
        79  -1.650000e+03 -1.840480e+02  8.399102e+00      6636   1
        80  -1.700000e+03 -1.840480e+02  8.455635e+00      6720   1
        81  -1.450000e+03 -1.840480e+02  8.511150e+00      6804   1
        82  -1.500000e+03 -1.840480e+02  8.566784e+00      6888   1
        83  -1.500000e+03 -1.840480e+02  8.622472e+00      6972   1
        84  -1.800000e+03 -1.840480e+02  8.678288e+00      7056   1
        85  -1.500000e+03 -1.840480e+02  8.734045e+00      7140   1
        86  -1.500000e+03 -1.840480e+02  8.796717e+00      7224   1
        87  -2.100000e+03 -1.840480e+02  8.852128e+00      7308   1
        88  -1.750000e+03 -1.840480e+02  8.907600e+00      7392   1
        89  -1.200000e+03 -1.840480e+02  8.963503e+00      7476   1
        90  -1.550000e+03 -1.840480e+02  9.018925e+00      7560   1
        91  -1.600000e+03 -1.840480e+02  9.074731e+00      7644   1
        92  -1.100000e+03 -1.840480e+02  9.130813e+00      7728   1
        93  -1.300000e+03 -1.840480e+02  9.194149e+00      7812   1
        94  -1.550000e+03 -1.840480e+02  9.249912e+00      7896   1
        95  -1.350000e+03 -1.840480e+02  9.306145e+00      7980   1
        96  -1.200000e+03 -1.840480e+02  9.362078e+00      8064   1
        97  -1.400000e+03 -1.840480e+02  9.417835e+00      8148   1
        98  -1.700000e+03 -1.840480e+02  9.473983e+00      8232   1
        99  -1.600000e+03 -1.840480e+02  9.536383e+00      8316   1
       100  -1.450000e+03 -1.840480e+02  9.593097e+00      8400   1
       101  -1.350000e+03 -1.840480e+02  9.649578e+00      8484   1
       102  -1.750000e+03 -1.840480e+02  9.706734e+00      8568   1
       103  -1.350000e+03 -1.840480e+02  9.763911e+00      8652   1
       104  -1.350000e+03 -1.840480e+02  9.820291e+00      8736   1
       105  -1.350000e+03 -1.840480e+02  9.876644e+00      8820   1
       106  -1.400000e+03 -1.840480e+02  9.939649e+00      8904   1
       107  -1.300000e+03 -1.840480e+02  9.996579e+00      8988   1
       108  -1.350000e+03 -1.840480e+02  1.005318e+01      9072   1
       109  -1.250000e+03 -1.840480e+02  1.011003e+01      9156   1
       110  -1.450000e+03 -1.840480e+02  1.016720e+01      9240   1
       111  -1.300000e+03 -1.840480e+02  1.022414e+01      9324   1
       112  -1.350000e+03 -1.840480e+02  1.028836e+01      9408   1
       113  -1.350000e+03 -1.840480e+02  1.034583e+01      9492   1
       114  -1.500000e+03 -1.840480e+02  1.040280e+01      9576   1
       115  -1.400000e+03 -1.840480e+02  1.045994e+01      9660   1
       116  -1.650000e+03 -1.840480e+02  1.051692e+01      9744   1
       117  -1.400000e+03 -1.840480e+02  1.058019e+01      9828   1
       118  -1.250000e+03 -1.840480e+02  1.063755e+01      9912   1
       119  -1.150000e+03 -1.840480e+02  1.069553e+01      9996   1
       120  -1.200000e+03 -1.840480e+02  1.075276e+01     10080   1
       121  -1.600000e+03 -1.840480e+02  1.081008e+01     10164   1
       122  -1.400000e+03 -1.840480e+02  1.086745e+01     10248   1
       123  -1.200000e+03 -1.840480e+02  1.093040e+01     10332   1
       124  -1.400000e+03 -1.840480e+02  1.098765e+01     10416   1
       125  -1.350000e+03 -1.840480e+02  1.104520e+01     10500   1
       126  -1.400000e+03 -1.840480e+02  1.110314e+01     10584   1
       127  -1.700000e+03 -1.840480e+02  1.116069e+01     10668   1
       128  -1.250000e+03 -1.840480e+02  1.122409e+01     10752   1
       129  -1.350000e+03 -1.840480e+02  1.128274e+01     10836   1
       130  -1.350000e+03 -1.840480e+02  1.134133e+01     10920   1
       131  -1.350000e+03 -1.840480e+02  1.139967e+01     11004   1
       132  -1.100000e+03 -1.840480e+02  1.145868e+01     11088   1
       133  -1.350000e+03 -1.840480e+02  1.152240e+01     11172   1
       134  -1.150000e+03 -1.840480e+02  1.160712e+01     11256   1
       135  -1.250000e+03 -1.840480e+02  1.166568e+01     11340   1
       136  -1.500000e+03 -1.840480e+02  1.172463e+01     11424   1
       137  -1.300000e+03 -1.840480e+02  1.178335e+01     11508   1
       138  -1.500000e+03 -1.840480e+02  1.184736e+01     11592   1
       139  -1.100000e+03 -1.840480e+02  1.190580e+01     11676   1
       140  -1.050000e+03 -1.840480e+02  1.196492e+01     11760   1
       141  -1.100000e+03 -1.840480e+02  1.202384e+01     11844   1
       142  -1.250000e+03 -1.840480e+02  1.208838e+01     11928   1
       143  -1.550000e+03 -1.840480e+02  1.214718e+01     12012   1
       144  -1.800000e+03 -1.840480e+02  1.220582e+01     12096   1
       145  -1.250000e+03 -1.840480e+02  1.226452e+01     12180   1
       146  -1.500000e+03 -1.840480e+02  1.232338e+01     12264   1
       147  -1.700000e+03 -1.840480e+02  1.238745e+01     12348   1
       148  -1.450000e+03 -1.840480e+02  1.244632e+01     12432   1
       149  -1.450000e+03 -1.840480e+02  1.250532e+01     12516   1
       150  -1.450000e+03 -1.840480e+02  1.256466e+01     12600   1
       151  -1.550000e+03 -1.840480e+02  1.262439e+01     12684   1
       152  -1.850000e+03 -1.840480e+02  1.269026e+01     12768   1
       153  -1.000000e+03 -1.840480e+02  1.274992e+01     12852   1
       154  -2.050000e+03 -1.840480e+02  1.280932e+01     12936   1
       155  -1.100000e+03 -1.840480e+02  1.286856e+01     13020   1
       156  -1.600000e+03 -1.840480e+02  1.293250e+01     13104   1
       157  -1.450000e+03 -1.840480e+02  1.299221e+01     13188   1
       158  -1.000000e+03 -1.840480e+02  1.305173e+01     13272   1
       159  -1.700000e+03 -1.840480e+02  1.311175e+01     13356   1
       160  -1.350000e+03 -1.840480e+02  1.317595e+01     13440   1
       161  -1.150000e+03 -1.840480e+02  1.323640e+01     13524   1
       162  -1.800000e+03 -1.840480e+02  1.329672e+01     13608   1
       163  -1.450000e+03 -1.840480e+02  1.335664e+01     13692   1
       164  -1.300000e+03 -1.840480e+02  1.342109e+01     13776   1
       165  -1.800000e+03 -1.840480e+02  1.348159e+01     13860   1
       166  -1.850000e+03 -1.840480e+02  1.354259e+01     13944   1
       167  -1.400000e+03 -1.840480e+02  1.360302e+01     14028   1
       168  -1.550000e+03 -1.840480e+02  1.366959e+01     14112   1
       169  -1.250000e+03 -1.840480e+02  1.373048e+01     14196   1
       170  -1.300000e+03 -1.840480e+02  1.379116e+01     14280   1
       171  -1.600000e+03 -1.840480e+02  1.385171e+01     14364   1
       172  -1.000000e+03 -1.840480e+02  1.391772e+01     14448   1
       173  -1.800000e+03 -1.840480e+02  1.397795e+01     14532   1
       174  -1.100000e+03 -1.840480e+02  1.403795e+01     14616   1
       175  -1.450000e+03 -1.840480e+02  1.409885e+01     14700   1
       176  -1.600000e+03 -1.840480e+02  1.416491e+01     14784   1
       177  -1.450000e+03 -1.840480e+02  1.422609e+01     14868   1
       178  -1.300000e+03 -1.840480e+02  1.428668e+01     14952   1
       179  -1.450000e+03 -1.840480e+02  1.434730e+01     15036   1
       180  -1.400000e+03 -1.840480e+02  1.441239e+01     15120   1
       181  -1.750000e+03 -1.840480e+02  1.447295e+01     15204   1
       182  -1.150000e+03 -1.840480e+02  1.453397e+01     15288   1
       183  -1.400000e+03 -1.840480e+02  1.459536e+01     15372   1
       184  -1.300000e+03 -1.840480e+02  1.466115e+01     15456   1
       185  -1.650000e+03 -1.840480e+02  1.472251e+01     15540   1
       186  -1.300000e+03 -1.840480e+02  1.478426e+01     15624   1
       187  -1.000000e+03 -1.840480e+02  1.484536e+01     15708   1
       188  -1.250000e+03 -1.840480e+02  1.491166e+01     15792   1
       189  -1.350000e+03 -1.840480e+02  1.497264e+01     15876   1
       190  -1.350000e+03 -1.840480e+02  1.503408e+01     15960   1
       191  -1.700000e+03 -1.840480e+02  1.510083e+01     16044   1
       192  -1.200000e+03 -1.840480e+02  1.516257e+01     16128   1
       193  -1.250000e+03 -1.840480e+02  1.522403e+01     16212   1
       194  -1.800000e+03 -1.840480e+02  1.528551e+01     16296   1
       195  -1.250000e+03 -1.840480e+02  1.535128e+01     16380   1
       196  -1.250000e+03 -1.840480e+02  1.541279e+01     16464   1
       197  -1.500000e+03 -1.840480e+02  1.547423e+01     16548   1
       198  -1.250000e+03 -1.840480e+02  1.553597e+01     16632   1
       199  -1.550000e+03 -1.840480e+02  1.560237e+01     16716   1
       200  -1.750000e+03 -1.840480e+02  1.566484e+01     16800   1
       201  -1.150000e+03 -1.840480e+02  1.572746e+01     16884   1
       202  -1.450000e+03 -1.840480e+02  1.579472e+01     16968   1
       203  -1.150000e+03 -1.840480e+02  1.585706e+01     17052   1
       204  -1.550000e+03 -1.840480e+02  1.591948e+01     17136   1
       205  -1.250000e+03 -1.840480e+02  1.598636e+01     17220   1
       206  -1.300000e+03 -1.840480e+02  1.604931e+01     17304   1
       207  -1.950000e+03 -1.840480e+02  1.611229e+01     17388   1
       208  -1.450000e+03 -1.840480e+02  1.617476e+01     17472   1
       209  -1.100000e+03 -1.840480e+02  1.624224e+01     17556   1
       210  -1.400000e+03 -1.840480e+02  1.630508e+01     17640   1
       211  -1.950000e+03 -1.840480e+02  1.636768e+01     17724   1
       212  -1.550000e+03 -1.840480e+02  1.643563e+01     17808   1
       213  -1.400000e+03 -1.840480e+02  1.649883e+01     17892   1
       214  -1.400000e+03 -1.840480e+02  1.656200e+01     17976   1
       215  -1.250000e+03 -1.840480e+02  1.662874e+01     18060   1
       216  -1.550000e+03 -1.840480e+02  1.669193e+01     18144   1
       217  -1.550000e+03 -1.840480e+02  1.675531e+01     18228   1
       218  -1.150000e+03 -1.840480e+02  1.681856e+01     18312   1
       219  -1.300000e+03 -1.840480e+02  1.688584e+01     18396   1
       220  -1.350000e+03 -1.840480e+02  1.694899e+01     18480   1
       221  -1.200000e+03 -1.840480e+02  1.701239e+01     18564   1
       222  -1.300000e+03 -1.840480e+02  1.708123e+01     18648   1
       223  -1.650000e+03 -1.840480e+02  1.714493e+01     18732   1
       224  -1.300000e+03 -1.840480e+02  1.720812e+01     18816   1
       225  -1.600000e+03 -1.840480e+02  1.727673e+01     18900   1
       226  -1.550000e+03 -1.840480e+02  1.734054e+01     18984   1
       227  -1.500000e+03 -1.840480e+02  1.740418e+01     19068   1
       228  -2.000000e+03 -1.840480e+02  1.747201e+01     19152   1
       229  -1.300000e+03 -1.840480e+02  1.753562e+01     19236   1
       230  -1.350000e+03 -1.840480e+02  1.760019e+01     19320   1
       231  -1.700000e+03 -1.840480e+02  1.766979e+01     19404   1
       232  -1.550000e+03 -1.840480e+02  1.773392e+01     19488   1
       233  -1.400000e+03 -1.840480e+02  1.779808e+01     19572   1
       234  -1.900000e+03 -1.840480e+02  1.786710e+01     19656   1
       235  -1.500000e+03 -1.840480e+02  1.793134e+01     19740   1
       236  -1.250000e+03 -1.840480e+02  1.799578e+01     19824   1
       237  -1.550000e+03 -1.840480e+02  1.806440e+01     19908   1
       238  -1.300000e+03 -1.840480e+02  1.812930e+01     19992   1
       239  -1.300000e+03 -1.840480e+02  1.819390e+01     20076   1
       240  -1.650000e+03 -1.840480e+02  1.826234e+01     20160   1
       241  -1.650000e+03 -1.840480e+02  1.832655e+01     20244   1
       242  -1.100000e+03 -1.840480e+02  1.839103e+01     20328   1
       243  -1.650000e+03 -1.840480e+02  1.846118e+01     20412   1
       244  -1.550000e+03 -1.840480e+02  1.852587e+01     20496   1
       245  -1.150000e+03 -1.840480e+02  1.859146e+01     20580   1
       246  -1.200000e+03 -1.840480e+02  1.866128e+01     20664   1
       247  -1.800000e+03 -1.840480e+02  1.872586e+01     20748   1
       248  -1.800000e+03 -1.840480e+02  1.879083e+01     20832   1
       249  -1.350000e+03 -1.840480e+02  1.885994e+01     20916   1
       250  -1.350000e+03 -1.840480e+02  1.892496e+01     21000   1
       251  -1.600000e+03 -1.840480e+02  1.899040e+01     21084   1
       252  -1.300000e+03 -1.840480e+02  1.905951e+01     21168   1
       253  -1.000000e+03 -1.840480e+02  1.912500e+01     21252   1
       254  -1.500000e+03 -1.840480e+02  1.919437e+01     21336   1
       255  -1.450000e+03 -1.840480e+02  1.925976e+01     21420   1
       256  -1.900000e+03 -1.840480e+02  1.932545e+01     21504   1
       257  -1.250000e+03 -1.840480e+02  1.939546e+01     21588   1
       258  -1.250000e+03 -1.840480e+02  1.946076e+01     21672   1
       259  -1.050000e+03 -1.840480e+02  1.952642e+01     21756   1
       260  -1.500000e+03 -1.840480e+02  1.959788e+01     21840   1
       261  -1.600000e+03 -1.840480e+02  1.966458e+01     21924   1
       262  -1.250000e+03 -1.840480e+02  1.973368e+01     22008   1
       263  -1.200000e+03 -1.840480e+02  1.980778e+01     22092   1
       264  -1.700000e+03 -1.840480e+02  1.987478e+01     22176   1
       265  -1.700000e+03 -1.840480e+02  1.994533e+01     22260   1
       266  -1.100000e+03 -1.840480e+02  2.001147e+01     22344   1
       267  -1.600000e+03 -1.840480e+02  2.007776e+01     22428   1
       268  -1.050000e+03 -1.840480e+02  2.014782e+01     22512   1
       269  -1.700000e+03 -1.840480e+02  2.021414e+01     22596   1
       270  -1.500000e+03 -1.840480e+02  2.028108e+01     22680   1
       271  -1.400000e+03 -1.840480e+02  2.035145e+01     22764   1
       272  -1.400000e+03 -1.840480e+02  2.041797e+01     22848   1
       273  -1.550000e+03 -1.840480e+02  2.048833e+01     22932   1
       274  -2.050000e+03 -1.840480e+02  2.055500e+01     23016   1
       275  -1.350000e+03 -1.840480e+02  2.062203e+01     23100   1
       276  -1.550000e+03 -1.840480e+02  2.069289e+01     23184   1
       277  -1.650000e+03 -1.840480e+02  2.075982e+01     23268   1
       278  -1.600000e+03 -1.840480e+02  2.082750e+01     23352   1
       279  -1.600000e+03 -1.840480e+02  2.089922e+01     23436   1
       280  -1.800000e+03 -1.840480e+02  2.096685e+01     23520   1
       281  -1.650000e+03 -1.840480e+02  2.103875e+01     23604   1
       282  -1.400000e+03 -1.840480e+02  2.110626e+01     23688   1
       283  -1.400000e+03 -1.840480e+02  2.117361e+01     23772   1
       284  -1.450000e+03 -1.840480e+02  2.124500e+01     23856   1
       285  -1.300000e+03 -1.840480e+02  2.131277e+01     23940   1
       286  -1.300000e+03 -1.840480e+02  2.138467e+01     24024   1
       287  -1.250000e+03 -1.840480e+02  2.145238e+01     24108   1
       288  -1.700000e+03 -1.840480e+02  2.152016e+01     24192   1
       289  -1.250000e+03 -1.840480e+02  2.159186e+01     24276   1
       290  -1.400000e+03 -1.840480e+02  2.166076e+01     24360   1
       291  -1.450000e+03 -1.840480e+02  2.173214e+01     24444   1
       292  -1.250000e+03 -1.840480e+02  2.180046e+01     24528   1
       293  -1.050000e+03 -1.840480e+02  2.186894e+01     24612   1
       294  -1.350000e+03 -1.840480e+02  2.194070e+01     24696   1
       295  -1.050000e+03 -1.840480e+02  2.200892e+01     24780   1
       296  -1.450000e+03 -1.840480e+02  2.208296e+01     24864   1
       297  -1.700000e+03 -1.840480e+02  2.215257e+01     24948   1
       298  -1.650000e+03 -1.840480e+02  2.222520e+01     25032   1
       299  -1.800000e+03 -1.840480e+02  2.229497e+01     25116   1
       300  -1.050000e+03 -1.840480e+02  2.236435e+01     25200   1
-------------------------------------------------------------------
status         : iteration_limit
total time (s) : 2.236435e+01
total solves   : 25200
best bound     : -1.840480e+02
simulation ci  : -1.445500e+03 ± 2.597286e+01
numeric issues : 0
-------------------------------------------------------------------

────────────────────────────────────────────────────────────────────────────────────
                                           Time                    Allocations      
                                  ───────────────────────   ────────────────────────
        Tot / % measured:              23.5s /  91.9%           5.53GiB /  96.6%    

Section                   ncalls     time    %tot     avg     alloc    %tot      avg
────────────────────────────────────────────────────────────────────────────────────
backward_pass                300    11.2s   51.7%  37.3ms   4.55GiB   85.1%  15.5MiB
  solve_subproblem         18.0k    6.66s   30.8%   370μs   1.73GiB   32.4%   101KiB
    get_dual_solution      18.0k    1.09s    5.1%  60.7μs    634MiB   11.6%  36.1KiB
  prepare_backward_pass    1.80k    1.00s    4.6%   557μs    295MiB    5.4%   168KiB
calculate_bound              300    7.32s   33.9%  24.4ms    386MiB    7.1%  1.29MiB
  get_dual_solution        6.00k   2.24ms    0.0%   374ns    938KiB    0.0%     160B
forward_pass                 300    3.11s   14.4%  10.4ms    429MiB    7.8%  1.43MiB
  solve_subproblem         1.20k    2.61s   12.1%  2.17ms    328MiB    6.0%   280KiB
    get_dual_solution      1.20k    464μs    0.0%   386ns    188KiB    0.0%     160B
  sample_scenario            300    198ms    0.9%   662μs   26.4MiB    0.5%  90.0KiB
────────────────────────────────────────────────────────────────────────────────────

